Component: ARM Compiler 5.06 update 7 (build 960) Tool: armlink [4d3601]

==============================================================================

Section Cross References

    main.o(i.camera_new_pathname) refers to printf8.o(i.__0sprintf$8) for __2sprintf
    main.o(i.camera_new_pathname) refers to ff.o(i.f_open) for f_open
    main.o(i.camera_new_pathname) refers to exfuns.o(.data) for ftemp
    main.o(i.handle_dcmi_callback) refers to printf8.o(i.__0printf$8) for __2printf
    main.o(i.jpeg_data_process) refers to dcmi.o(i.DCMI_Stop) for DCMI_Stop
    main.o(i.jpeg_data_process) refers to lcd.o(i.LCD_SetCursor) for LCD_SetCursor
    main.o(i.jpeg_data_process) refers to lcd.o(i.LCD_WriteRAM_Prepare) for LCD_WriteRAM_Prepare
    main.o(i.jpeg_data_process) refers to main.o(.data) for .data
    main.o(i.jpeg_data_process) refers to dcmi.o(.bss) for DMADMCI_Handler
    main.o(i.jpeg_dcmi_rx_callback) refers to memmovea.o(.text) for __aeabi_memmove4
    main.o(i.jpeg_dcmi_rx_callback) refers to main.o(.data) for .data
    main.o(i.jpeg_dcmi_rx_callback) refers to dcmi.o(.bss) for DMADMCI_Handler
    main.o(i.main) refers to sys.o(i.Cache_Enable) for Cache_Enable
    main.o(i.main) refers to mpu.o(i.MPU_Memory_Protection) for MPU_Memory_Protection
    main.o(i.main) refers to stm32f7xx_hal.o(i.HAL_Init) for HAL_Init
    main.o(i.main) refers to sys.o(i.SystemClock_Config) for SystemClock_Config
    main.o(i.main) refers to delay.o(i.delay_init) for delay_init
    main.o(i.main) refers to usart.o(i.uart1_init) for uart1_init
    main.o(i.main) refers to printf8.o(i.__0printf$8) for __2printf
    main.o(i.main) refers to ov2640.o(i.OV2640_Init) for OV2640_Init
    main.o(i.main) refers to ov2640.o(i.OV2640_JPEG_Mode) for OV2640_JPEG_Mode
    main.o(i.main) refers to ov2640.o(i.OV2640_Light_Mode) for OV2640_Light_Mode
    main.o(i.main) refers to ov2640.o(i.OV2640_Color_Saturation) for OV2640_Color_Saturation
    main.o(i.main) refers to ov2640.o(i.OV2640_Brightness) for OV2640_Brightness
    main.o(i.main) refers to ov2640.o(i.OV2640_Contrast) for OV2640_Contrast
    main.o(i.main) refers to dcmi.o(i.DCMI_Init) for DCMI_Init
    main.o(i.main) refers to main.o(i.ov2640_jpg_photo) for ov2640_jpg_photo
    main.o(i.main) refers to dcmi.o(i.DCMI_Start) for DCMI_Start
    main.o(i.main) refers to key.o(i.KEY_Scan) for KEY_Scan
    main.o(i.main) refers to dcmi.o(i.DCMI_Stop) for DCMI_Stop
    main.o(i.main) refers to delay.o(i.delay_ms) for delay_ms
    main.o(i.main) refers to ov2640.o(i.OV2640_PWDN_Set) for OV2640_PWDN_Set
    main.o(i.main) refers to stm32f7xx_hal_gpio.o(i.HAL_GPIO_Init) for HAL_GPIO_Init
    main.o(i.main) refers to ov2640.o(i.OV2640_ImageWin_Set) for OV2640_ImageWin_Set
    main.o(i.main) refers to printf8.o(i.__0sprintf$8) for __2sprintf
    main.o(i.main) refers to ov2640.o(i.OV2640_OutSize_Set) for OV2640_OutSize_Set
    main.o(i.main) refers to ff.o(i.f_open) for f_open
    main.o(i.main) refers to bmp.o(i.bmp_encode) for bmp_encode
    main.o(i.main) refers to text.o(i.Show_Str) for Show_Str
    main.o(i.main) refers to pcf8574.o(i.PCF8574_WriteBit) for PCF8574_WriteBit
    main.o(i.main) refers to stm32f7xx_hal_gpio.o(i.HAL_GPIO_TogglePin) for HAL_GPIO_TogglePin
    main.o(i.main) refers to main.o(.data) for .data
    main.o(i.main) refers to main.o(.bss) for .bss
    main.o(i.main) refers to exfuns.o(.data) for ftemp
    main.o(i.main) refers to lcd.o(.bss) for lcddev
    main.o(i.main) refers to main.o(i.camera_new_pathname) for i.camera_new_pathname
    main.o(i.ov2640_jpg_photo) refers to ov2640.o(i.OV2640_JPEG_Mode) for OV2640_JPEG_Mode
    main.o(i.ov2640_jpg_photo) refers to ov2640.o(i.OV2640_ImageWin_Set) for OV2640_ImageWin_Set
    main.o(i.ov2640_jpg_photo) refers to printf8.o(i.__0printf$8) for __2printf
    main.o(i.ov2640_jpg_photo) refers to ov2640.o(i.OV2640_OutSize_Set) for OV2640_OutSize_Set
    main.o(i.ov2640_jpg_photo) refers to dcmi.o(i.DCMI_DMA_Init) for DCMI_DMA_Init
    main.o(i.ov2640_jpg_photo) refers to dcmi.o(i.DCMI_Start) for DCMI_Start
    main.o(i.ov2640_jpg_photo) refers to dcmi.o(i.DCMI_Stop) for DCMI_Stop
    main.o(i.ov2640_jpg_photo) refers to ff.o(i.f_write) for f_write
    main.o(i.ov2640_jpg_photo) refers to main.o(.data) for .data
    main.o(i.ov2640_jpg_photo) refers to main.o(i.jpeg_dcmi_rx_callback) for jpeg_dcmi_rx_callback
    main.o(i.ov2640_jpg_photo) refers to dcmi.o(.data) for dcmi_rx_callback
    main.o(i.rgblcd_dcmi_rx_callback) refers to ltdc.o(i.LTDC_Color_Fill) for LTDC_Color_Fill
    main.o(i.rgblcd_dcmi_rx_callback) refers to dcmi.o(i.DCMI_Stop) for DCMI_Stop
    main.o(i.rgblcd_dcmi_rx_callback) refers to main.o(.data) for .data
    main.o(i.rgblcd_dcmi_rx_callback) refers to dcmi.o(.bss) for DMADMCI_Handler
    main.o(i.rgblcd_dcmi_rx_callback) refers to lcd.o(.bss) for lcddev
    main.o(i.sw_ov2640_mode) refers to ov2640.o(i.OV2640_PWDN_Set) for OV2640_PWDN_Set
[...]
    _printf_percent                          0x00000000   Number         0  stubs.o ABSOLUTE
    _printf_pre_padding                      0x00000000   Number         0  stubs.o ABSOLUTE
    _printf_return_value                     0x00000000   Number         0  stubs.o ABSOLUTE
    _printf_s                                0x00000000   Number         0  stubs.o ABSOLUTE
    _printf_sizespec                         0x00000000   Number         0  stubs.o ABSOLUTE
    _printf_str                              0x00000000   Number         0  stubs.o ABSOLUTE
    _printf_truncate_signed                  0x00000000   Number         0  stubs.o ABSOLUTE
    _printf_truncate_unsigned                0x00000000   Number         0  stubs.o ABSOLUTE
    _printf_u                                0x00000000   Number         0  stubs.o ABSOLUTE
    _printf_wc                               0x00000000   Number         0  stubs.o ABSOLUTE
    _printf_wctomb                           0x00000000   Number         0  stubs.o ABSOLUTE
    _printf_widthprec                        0x00000000   Number         0  stubs.o ABSOLUTE
    _printf_x                                0x00000000   Number         0  stubs.o ABSOLUTE
    __arm_fini_                               - Undefined Weak Reference
    __cpp_initialize__aeabi_                  - Undefined Weak Reference
    __cxa_finalize                            - Undefined Weak Reference
    _clock_init                               - Undefined Weak Reference
    _microlib_exit                            - Undefined Weak Reference
    __Vectors_Size                           0x000001f8   Number         0  startup_stm32f767xx.o ABSOLUTE
    __Vectors                                0x08000000   Data           4  startup_stm32f767xx.o(RESET)
    __Vectors_End                            0x080001f8   Data           0  startup_stm32f767xx.o(RESET)
    __main                                   0x080001f9   Thumb Code     0  entry.o(.ARM.Collect$$$$00000000)
    _main_stk                                0x080001f9   Thumb Code     0  entry2.o(.ARM.Collect$$$$00000001)
    _main_scatterload                        0x080001fd   Thumb Code     0  entry5.o(.ARM.Collect$$$$00000004)
    __main_after_scatterload                 0x08000201   Thumb Code     0  entry5.o(.ARM.Collect$$$$00000004)
    _main_clock                              0x08000201   Thumb Code     0  entry7b.o(.ARM.Collect$$$$00000008)
    _main_cpp_init                           0x08000201   Thumb Code     0  entry8b.o(.ARM.Collect$$$$0000000A)
    _main_init                               0x08000201   Thumb Code     0  entry9a.o(.ARM.Collect$$$$0000000B)
    __rt_lib_shutdown_fini                   0x08000209   Thumb Code     0  entry12b.o(.ARM.Collect$$$$0000000E)
    __rt_final_cpp                           0x0800020d   Thumb Code     0  entry10a.o(.ARM.Collect$$$$0000000F)
    __rt_final_exit                          0x0800020d   Thumb Code     0  entry11a.o(.ARM.Collect$$$$00000011)
    WFI_SET                                  0x08000211   Thumb Code     2  sys.o(.emb_text)
    INTX_DISABLE                             0x08000213   Thumb Code     4  sys.o(.emb_text)
    INTX_ENABLE                              0x08000217   Thumb Code     4  sys.o(.emb_text)
    MSR_MSP                                  0x0800021b   Thumb Code     6  sys.o(.emb_text)
    Reset_Handler                            0x08000221   Thumb Code     8  startup_stm32f767xx.o(.text)
    ADC_IRQHandler                           0x0800023b   Thumb Code     0  startup_stm32f767xx.o(.text)
    CAN1_RX0_IRQHandler                      0x0800023b   Thumb Code     0  startup_stm32f767xx.o(.text)
    CAN1_RX1_IRQHandler                      0x0800023b   Thumb Code     0  startup_stm32f767xx.o(.text)
    CAN1_SCE_IRQHandler                      0x0800023b   Thumb Code     0  startup_stm32f767xx.o(.text)
    CAN1_TX_IRQHandler                       0x0800023b   Thumb Code     0  startup_stm32f767xx.o(.text)
    CAN2_RX0_IRQHandler                      0x0800023b   Thumb Code     0  startup_stm32f767xx.o(.text)
    CAN2_RX1_IRQHandler                      0x0800023b   Thumb Code     0  startup_stm32f767xx.o(.text)
    CAN2_SCE_IRQHandler                      0x0800023b   Thumb Code     0  startup_stm32f767xx.o(.text)
    CAN2_TX_IRQHandler                       0x0800023b   Thumb Code     0  startup_stm32f767xx.o(.text)
    CAN3_RX0_IRQHandler                      0x0800023b   Thumb Code     0  startup_stm32f767xx.o(.text)
    CAN3_RX1_IRQHandler                      0x0800023b   Thumb Code     0  startup_stm32f767xx.o(.text)
    CAN3_SCE_IRQHandler                      0x0800023b   Thumb Code     0  startup_stm32f767xx.o(.text)
    CAN3_TX_IRQHandler                       0x0800023b   Thumb Code     0  startup_stm32f767xx.o(.text)
    CEC_IRQHandler                           0x0800023b   Thumb Code     0  startup_stm32f767xx.o(.text)
    DFSDM1_FLT0_IRQHandler                   0x0800023b   Thumb Code     0  startup_stm32f767xx.o(.text)
    DFSDM1_FLT1_IRQHandler                   0x0800023b   Thumb Code     0  startup_stm32f767xx.o(.text)
    DFSDM1_FLT2_IRQHandler                   0x0800023b   Thumb Code     0  startup_stm32f767xx.o(.text)
    DFSDM1_FLT3_IRQHandler                   0x0800023b   Thumb Code     0  startup_stm32f767xx.o(.text)
    DMA1_Stream0_IRQHandler                  0x0800023b   Thumb Code     0  startup_stm32f767xx.o(.text)
    DMA1_Stream1_IRQHandler                  0x0800023b   Thumb Code     0  startup_stm32f767xx.o(.text)
    DMA1_Stream2_IRQHandler                  0x0800023b   Thumb Code     0  startup_stm32f767xx.o(.text)
    DMA1_Stream3_IRQHandler                  0x0800023b   Thumb Code     0  startup_stm32f767xx.o(.text)
    DMA1_Stream4_IRQHandler                  0x0800023b   Thumb Code     0  startup_stm32f767xx.o(.text)
    DMA1_Stream5_IRQHandler                  0x0800023b   Thumb Code     0  startup_stm32f767xx.o(.text)
    DMA1_Stream6_IRQHandler                  0x0800023b   Thumb Code     0  startup_stm32f767xx.o(.text)
    DMA1_Stream7_IRQHandler                  0x0800023b   Thumb Code     0  startup_stm32f767xx.o(.text)
    DMA2D_IRQHandler                         0x0800023b   Thumb Code     0  startup_stm32f767xx.o(.text)
    DMA2_Stream0_IRQHandler                  0x0800023b   Thumb Code     0  startup_stm32f767xx.o(.text)
    DMA2_Stream2_IRQHandler                  0x0800023b   Thumb Code     0  startup_stm32f767xx.o(.text)
    DMA2_Stream3_IRQHandler                  0x0800023b   Thumb Code     0  startup_stm32f767xx.o(.text)
    DMA2_Stream4_IRQHandler                  0x0800023b   Thumb Code     0  startup_stm32f767xx.o(.text)
    DMA2_Stream5_IRQHandler                  0x0800023b   Thumb Code     0  startup_stm32f767xx.o(.text)
    DMA2_Stream6_IRQHandler                  0x0800023b   Thumb Code     0  startup_stm32f767xx.o(.text)
    DMA2_Stream7_IRQHandler                  0x0800023b   Thumb Code     0  startup_stm32f767xx.o(.text)
    ETH_IRQHandler                           0x0800023b   Thumb Code     0  startup_stm32f767xx.o(.text)
    ETH_WKUP_IRQHandler                      0x0800023b   Thumb Code     0  startup_stm32f767xx.o(.text)
    EXTI0_IRQHandler                         0x0800023b   Thumb Code     0  startup_stm32f767xx.o(.text)
    EXTI15_10_IRQHandler                     0x0800023b   Thumb Code     0  startup_stm32f767xx.o(.text)
    EXTI1_IRQHandler                         0x0800023b   Thumb Code     0  startup_stm32f767xx.o(.text)
    EXTI2_IRQHandler                         0x0800023b   Thumb Code     0  startup_stm32f767xx.o(.text)
    EXTI3_IRQHandler                         0x0800023b   Thumb Code     0  startup_stm32f767xx.o(.text)
    EXTI4_IRQHandler                         0x0800023b   Thumb Code     0  startup_stm32f767xx.o(.text)
    EXTI9_5_IRQHandler                       0x0800023b   Thumb Code     0  startup_stm32f767xx.o(.text)
    FLASH_IRQHandler                         0x0800023b   Thumb Code     0  startup_stm32f767xx.o(.text)
    FMC_IRQHandler                           0x0800023b   Thumb Code     0  startup_stm32f767xx.o(.text)
    FPU_IRQHandler                           0x0800023b   Thumb Code     0  startup_stm32f767xx.o(.text)
    I2C1_ER_IRQHandler                       0x0800023b   Thumb Code     0  startup_stm32f767xx.o(.text)
    I2C1_EV_IRQHandler                       0x0800023b   Thumb Code     0  startup_stm32f767xx.o(.text)
    I2C2_ER_IRQHandler                       0x0800023b   Thumb Code     0  startup_stm32f767xx.o(.text)
    I2C2_EV_IRQHandler                       0x0800023b   Thumb Code     0  startup_stm32f767xx.o(.text)
    I2C3_ER_IRQHandler                       0x0800023b   Thumb Code     0  startup_stm32f767xx.o(.text)
    I2C3_EV_IRQHandler                       0x0800023b   Thumb Code     0  startup_stm32f767xx.o(.text)
    I2C4_ER_IRQHandler                       0x0800023b   Thumb Code     0  startup_stm32f767xx.o(.text)
    I2C4_EV_IRQHandler                       0x0800023b   Thumb Code     0  startup_stm32f767xx.o(.text)
    JPEG_IRQHandler                          0x0800023b   Thumb Code     0  startup_stm32f767xx.o(.text)
    LPTIM1_IRQHandler                        0x0800023b   Thumb Code     0  startup_stm32f767xx.o(.text)
    LTDC_ER_IRQHandler                       0x0800023b   Thumb Code     0  startup_stm32f767xx.o(.text)
    LTDC_IRQHandler                          0x0800023b   Thumb Code     0  startup_stm32f767xx.o(.text)
    MDIOS_IRQHandler                         0x0800023b   Thumb Code     0  startup_stm32f767xx.o(.text)
    OTG_FS_IRQHandler                        0x0800023b   Thumb Code     0  startup_stm32f767xx.o(.text)
    OTG_FS_WKUP_IRQHandler                   0x0800023b   Thumb Code     0  startup_stm32f767xx.o(.text)
    OTG_HS_EP1_IN_IRQHandler                 0x0800023b   Thumb Code     0  startup_stm32f767xx.o(.text)
    OTG_HS_EP1_OUT_IRQHandler                0x0800023b   Thumb Code     0  startup_stm32f767xx.o(.text)
    OTG_HS_IRQHandler                        0x0800023b   Thumb Code     0  startup_stm32f767xx.o(.text)
    OTG_HS_WKUP_IRQHandler                   0x0800023b   Thumb Code     0  startup_stm32f767xx.o(.text)
    PVD_IRQHandler                           0x0800023b   Thumb Code     0  startup_stm32f767xx.o(.text)
    QUADSPI_IRQHandler                       0x0800023b   Thumb Code     0  startup_stm32f767xx.o(.text)
    RCC_IRQHandler                           0x0800023b   Thumb Code     0  startup_stm32f767xx.o(.text)
    RNG_IRQHandler                           0x0800023b   Thumb Code     0  startup_stm32f767xx.o(.text)
    RTC_Alarm_IRQHandler                     0x0800023b   Thumb Code     0  startup_stm32f767xx.o(.text)
    RTC_WKUP_IRQHandler                      0x0800023b   Thumb Code     0  startup_stm32f767xx.o(.text)
    SAI1_IRQHandler                          0x0800023b   Thumb Code     0  startup_stm32f767xx.o(.text)
    SAI2_IRQHandler                          0x0800023b   Thumb Code     0  startup_stm32f767xx.o(.text)
    SDMMC1_IRQHandler                        0x0800023b   Thumb Code     0  startup_stm32f767xx.o(.text)
    SDMMC2_IRQHandler                        0x0800023b   Thumb Code     0  startup_stm32f767xx.o(.text)
    SPDIF_RX_IRQHandler                      0x0800023b   Thumb Code     0  startup_stm32f767xx.o(.text)
    SPI1_IRQHandler                          0x0800023b   Thumb Code     0  startup_stm32f767xx.o(.text)
    SPI2_IRQHandler                          0x0800023b   Thumb Code     0  startup_stm32f767xx.o(.text)
    SPI3_IRQHandler                          0x0800023b   Thumb Code     0  startup_stm32f767xx.o(.text)
    SPI4_IRQHandler                          0x0800023b   Thumb Code     0  startup_stm32f767xx.o(.text)
    SPI5_IRQHandler                          0x0800023b   Thumb Code     0  startup_stm32f767xx.o(.text)
    SPI6_IRQHandler                          0x0800023b   Thumb Code     0  startup_stm32f767xx.o(.text)
    TAMP_STAMP_IRQHandler                    0x0800023b   Thumb Code     0  startup_stm32f767xx.o(.text)
    TIM1_BRK_TIM9_IRQHandler                 0x0800023b   Thumb Code     0  startup_stm32f767xx.o(.text)
    TIM1_CC_IRQHandler                       0x0800023b   Thumb Code     0  startup_stm32f767xx.o(.text)
    TIM1_TRG_COM_TIM11_IRQHandler            0x0800023b   Thumb Code     0  startup_stm32f767xx.o(.text)
    TIM1_UP_TIM10_IRQHandler                 0x0800023b   Thumb Code     0  startup_stm32f767xx.o(.text)
    TIM2_IRQHandler                          0x0800023b   Thumb Code     0  startup_stm32f767xx.o(.text)
    TIM5_IRQHandler                          0x0800023b   Thumb Code     0  startup_stm32f767xx.o(.text)
    TIM6_DAC_IRQHandler                      0x0800023b   Thumb Code     0  startup_stm32f767xx.o(.text)
    TIM7_IRQHandler                          0x0800023b   Thumb Code     0  startup_stm32f767xx.o(.text)
    TIM8_BRK_TIM12_IRQHandler                0x0800023b   Thumb Code     0  startup_stm32f767xx.o(.text)
    TIM8_CC_IRQHandler                       0x0800023b   Thumb Code     0  startup_stm32f767xx.o(.text)
    TIM8_TRG_COM_TIM14_IRQHandler            0x0800023b   Thumb Code     0  startup_stm32f767xx.o(.text)
    TIM8_UP_TIM13_IRQHandler                 0x0800023b   Thumb Code     0  startup_stm32f767xx.o(.text)
    UART4_IRQHandler                         0x0800023b   Thumb Code     0  startup_stm32f767xx.o(.text)
    UART5_IRQHandler                         0x0800023b   Thumb Code     0  startup_stm32f767xx.o(.text)
    UART7_IRQHandler                         0x0800023b   Thumb Code     0  startup_stm32f767xx.o(.text)
    UART8_IRQHandler                         0x0800023b   Thumb Code     0  startup_stm32f767xx.o(.text)
    USART2_IRQHandler                        0x0800023b   Thumb Code     0  startup_stm32f767xx.o(.text)
    USART3_IRQHandler                        0x0800023b   Thumb Code     0  startup_stm32f767xx.o(.text)
    USART6_IRQHandler                        0x0800023b   Thumb Code     0  startup_stm32f767xx.o(.text)
    WWDG_IRQHandler                          0x0800023b   Thumb Code     0  startup_stm32f767xx.o(.text)
    __aeabi_uldivmod                         0x08000245   Thumb Code    98  uldiv.o(.text)
    ___aeabi_memcpy4$move                    0x080002a7   Thumb Code     0  memmovea.o(.text)
    ___aeabi_memcpy8$move                    0x080002a7   Thumb Code     0  memmovea.o(.text)
    __aeabi_memcpy                           0x080002a7   Thumb Code    64  memmovea.o(.text)
    __aeabi_memmove                          0x080002a7   Thumb Code     0  memmovea.o(.text)
    __aeabi_memmove4                         0x080002a7   Thumb Code     0  memmovea.o(.text)
    __aeabi_memmove8                         0x080002a7   Thumb Code     0  memmovea.o(.text)
    __aeabi_memset                           0x080002e7   Thumb Code    14  memseta.o(.text)
    __aeabi_memset4                          0x080002e7   Thumb Code     0  memseta.o(.text)
    __aeabi_memset8                          0x080002e7   Thumb Code     0  memseta.o(.text)
    __aeabi_memclr                           0x080002f5   Thumb Code     4  memseta.o(.text)
    __aeabi_memclr4                          0x080002f5   Thumb Code     0  memseta.o(.text)
    __aeabi_memclr8                          0x080002f5   Thumb Code     0  memseta.o(.text)
    _memset$wrapper                          0x080002f9   Thumb Code    18  memseta.o(.text)
    __aeabi_llsl                             0x0800030b   Thumb Code    30  llshl.o(.text)
    _ll_shift_l                              0x0800030b   Thumb Code     0  llshl.o(.text)
    __aeabi_llsr                             0x08000329   Thumb Code    32  llushr.o(.text)
    _ll_ushift_r                             0x08000329   Thumb Code     0  llushr.o(.text)
    __scatterload                            0x08000349   Thumb Code    28  init.o(.text)
    __scatterload_rt2                        0x08000349   Thumb Code     0  init.o(.text)
    __decompress                             0x0800036d   Thumb Code     0  __dczerorl2.o(.text)
    __decompress1                            0x0800036d   Thumb Code    86  __dczerorl2.o(.text)
    BusFault_Handler                         0x080003c3   Thumb Code     2  stm32f7xx_it.o(i.BusFault_Handler)
    Cache_Enable                             0x080003c5   Thumb Code   108  sys.o(i.Cache_Enable)
    DCMI_CR_Set                              0x08000441   Thumb Code    58  dcmi.o(i.DCMI_CR_Set)
    DCMI_DMA_Init                            0x080004a5   Thumb Code   174  dcmi.o(i.DCMI_DMA_Init)
    DCMI_IRQHandler                          0x08000565   Thumb Code     6  dcmi.o(i.DCMI_IRQHandler)
    DCMI_Init                                0x08000571   Thumb Code    62  dcmi.o(i.DCMI_Init)
    DCMI_Set_Window                          0x080005b9   Thumb Code   114  dcmi.o(i.DCMI_Set_Window)
    DCMI_Start                               0x08000635   Thumb Code    24  dcmi.o(i.DCMI_Start)
    DCMI_Stop                                0x08000655   Thumb Code    32  dcmi.o(i.DCMI_Stop)
    DMA2_Stream1_IRQHandler                  0x0800067d   Thumb Code   104  dcmi.o(i.DMA2_Stream1_IRQHandler)
    DebugMon_Handler                         0x0800070d   Thumb Code     2  stm32f7xx_it.o(i.DebugMon_Handler)
    FMC_NAND_AttributeSpace_Timing_Init      0x0800070f   Thumb Code    36  stm32f7xx_ll_fmc.o(i.FMC_NAND_AttributeSpace_Timing_Init)
    FMC_NAND_CommonSpace_Timing_Init         0x08000733   Thumb Code    36  stm32f7xx_ll_fmc.o(i.FMC_NAND_CommonSpace_Timing_Init)
    FMC_NAND_Init                            0x08000759   Thumb Code    56  stm32f7xx_ll_fmc.o(i.FMC_NAND_Init)
    FTL_BlockCompare                         0x08000795   Thumb Code   188  ftl.o(i.FTL_BlockCompare)
    FTL_CopyAndWriteToBlock                  0x08000885   Thumb Code   262  ftl.o(i.FTL_CopyAndWriteToBlock)
    FTL_CreateLUT                            0x08000991   Thumb Code   202  ftl.o(i.FTL_CreateLUT)
    FTL_FindSamePlaneUnusedBlock             0x08000a79   Thumb Code   184  ftl.o(i.FTL_FindSamePlaneUnusedBlock)
    FTL_Format                               0x08000b39   Thumb Code   300  ftl.o(i.FTL_Format)
    FTL_Init                                 0x08000c91   Thumb Code   110  ftl.o(i.FTL_Init)
    FTL_ReadSectors                          0x08000d75   Thumb Code   350  ftl.o(i.FTL_ReadSectors)
    FTL_WriteSectors                         0x08000ed9   Thumb Code   334  ftl.o(i.FTL_WriteSectors)
    Get_HzMat                                0x0800102d   Thumb Code   216  text.o(i.Get_HzMat)
    HAL_DCMI_DeInit                          0x08001109   Thumb Code    22  stm32f7xx_hal_dcmi.o(i.HAL_DCMI_DeInit)
    HAL_DCMI_ErrorCallback                   0x0800111f   Thumb Code     2  stm32f7xx_hal_dcmi.o(i.HAL_DCMI_ErrorCallback)
    HAL_DCMI_FrameEventCallback              0x08001121   Thumb Code    36  dcmi.o(i.HAL_DCMI_FrameEventCallback)
    HAL_DCMI_IRQHandler                      0x08001151   Thumb Code   168  stm32f7xx_hal_dcmi.o(i.HAL_DCMI_IRQHandler)
    HAL_DCMI_Init                            0x080011fd   Thumb Code   194  stm32f7xx_hal_dcmi.o(i.HAL_DCMI_Init)
    HAL_DCMI_LineEventCallback               0x080012c5   Thumb Code     2  stm32f7xx_hal_dcmi.o(i.HAL_DCMI_LineEventCallback)
    HAL_DCMI_MspDeInit                       0x080012c7   Thumb Code     2  stm32f7xx_hal_dcmi.o(i.HAL_DCMI_MspDeInit)
    HAL_DCMI_MspInit                         0x080012c9   Thumb Code   202  dcmi.o(i.HAL_DCMI_MspInit)
    HAL_DCMI_VsyncEventCallback              0x080013ad   Thumb Code     2  stm32f7xx_hal_dcmi.o(i.HAL_DCMI_VsyncEventCallback)
    HAL_DMAEx_MultiBufferStart               0x080013af   Thumb Code   124  stm32f7xx_hal_dma_ex.o(i.HAL_DMAEx_MultiBufferStart)
    HAL_DMA_Abort_IT                         0x0800142b   Thumb Code    36  stm32f7xx_hal_dma.o(i.HAL_DMA_Abort_IT)
    HAL_DMA_DeInit                           0x08001451   Thumb Code   126  stm32f7xx_hal_dma.o(i.HAL_DMA_DeInit)
    HAL_DMA_Init                             0x080014d9   Thumb Code   376  stm32f7xx_hal_dma.o(i.HAL_DMA_Init)
    HAL_DMA_Start                            0x0800165d   Thumb Code   108  stm32f7xx_hal_dma.o(i.HAL_DMA_Start)
    HAL_Delay                                0x080016c9   Thumb Code    22  stm32f7xx_hal.o(i.HAL_Delay)
    HAL_GPIO_Init                            0x080016e1   Thumb Code   580  stm32f7xx_hal_gpio.o(i.HAL_GPIO_Init)
    HAL_GPIO_ReadPin                         0x08001939   Thumb Code    10  stm32f7xx_hal_gpio.o(i.HAL_GPIO_ReadPin)
    HAL_GPIO_TogglePin                       0x08001943   Thumb Code     8  stm32f7xx_hal_gpio.o(i.HAL_GPIO_TogglePin)
    HAL_GPIO_WritePin                        0x0800194b   Thumb Code    10  stm32f7xx_hal_gpio.o(i.HAL_GPIO_WritePin)
    HAL_GetTick                              0x08001955   Thumb Code     6  stm32f7xx_hal.o(i.HAL_GetTick)
    HAL_IncTick                              0x08001961   Thumb Code    10  stm32f7xx_hal.o(i.HAL_IncTick)
    HAL_Init                                 0x08001971   Thumb Code    32  stm32f7xx_hal.o(i.HAL_Init)
    HAL_InitTick                             0x08001995   Thumb Code    34  stm32f7xx_hal.o(i.HAL_InitTick)
    HAL_MPU_ConfigRegion                     0x080019bd   Thumb Code    92  stm32f7xx_hal_cortex.o(i.HAL_MPU_ConfigRegion)
    HAL_MspInit                              0x08001a1d   Thumb Code     2  main.o(i.HAL_MspInit)
    HAL_NAND_Init                            0x08001a1f   Thumb Code    82  stm32f7xx_hal_nand.o(i.HAL_NAND_Init)
    HAL_NAND_MspInit                         0x08001a71   Thumb Code   152  nand.o(i.HAL_NAND_MspInit)
    HAL_NVIC_EnableIRQ                       0x08001b1d   Thumb Code    24  stm32f7xx_hal_cortex.o(i.HAL_NVIC_EnableIRQ)
    HAL_NVIC_SetPriority                     0x08001b35   Thumb Code    92  stm32f7xx_hal_cortex.o(i.HAL_NVIC_SetPriority)
    HAL_NVIC_SetPriorityGrouping             0x08001b95   Thumb Code    30  stm32f7xx_hal_cortex.o(i.HAL_NVIC_SetPriorityGrouping)
    HAL_QSPI_Command                         0x08001bb9   Thumb Code   146  stm32f7xx_hal_qspi.o(i.HAL_QSPI_Command)
    HAL_QSPI_Init                            0x08001c4d   Thumb Code   200  stm32f7xx_hal_qspi.o(i.HAL_QSPI_Init)
    HAL_QSPI_MspInit                         0x08001d19   Thumb Code   134  qspi.o(i.HAL_QSPI_MspInit)
    HAL_QSPI_Receive                         0x08001db1   Thumb Code   198  stm32f7xx_hal_qspi.o(i.HAL_QSPI_Receive)
    HAL_QSPI_Transmit                        0x08001e79   Thumb Code   190  stm32f7xx_hal_qspi.o(i.HAL_QSPI_Transmit)
    HAL_RCCEx_PeriphCLKConfig                0x08001f39   Thumb Code  1928  stm32f7xx_hal_rcc_ex.o(i.HAL_RCCEx_PeriphCLKConfig)
    HAL_RCC_ClockConfig                      0x080026cd   Thumb Code   492  stm32f7xx_hal_rcc.o(i.HAL_RCC_ClockConfig)
    HAL_RCC_GetPCLK1Freq                     0x080028d9   Thumb Code    34  stm32f7xx_hal_rcc.o(i.HAL_RCC_GetPCLK1Freq)
    HAL_RCC_GetPCLK2Freq                     0x08002909   Thumb Code    34  stm32f7xx_hal_rcc.o(i.HAL_RCC_GetPCLK2Freq)
    HAL_RCC_GetSysClockFreq                  0x08002939   Thumb Code   136  stm32f7xx_hal_rcc.o(i.HAL_RCC_GetSysClockFreq)
    HAL_RCC_OscConfig                        0x080029d1   Thumb Code   994  stm32f7xx_hal_rcc_ex.o(i.HAL_RCC_OscConfig)
    HAL_SD_Get_CardInfo                      0x08002dc9   Thumb Code   720  stm32f7xx_hal_sd.o(i.HAL_SD_Get_CardInfo)
    HAL_SD_Init                              0x08003099   Thumb Code  1016  stm32f7xx_hal_sd.o(i.HAL_SD_Init)
    HAL_SD_MspInit                           0x08003491   Thumb Code   118  sdmmc_sdcard.o(i.HAL_SD_MspInit)
    HAL_SD_ReadBlocks                        0x08003519   Thumb Code   464  stm32f7xx_hal_sd.o(i.HAL_SD_ReadBlocks)
    HAL_SD_WideBusOperation_Config           0x080036e9   Thumb Code   316  stm32f7xx_hal_sd.o(i.HAL_SD_WideBusOperation_Config)
    HAL_SD_WriteBlocks                       0x08003825   Thumb Code   576  stm32f7xx_hal_sd.o(i.HAL_SD_WriteBlocks)
    HAL_SYSTICK_CLKSourceConfig              0x08003a65   Thumb Code    22  stm32f7xx_hal_cortex.o(i.HAL_SYSTICK_CLKSourceConfig)
    HAL_SYSTICK_Config                       0x08003a7d   Thumb Code    36  stm32f7xx_hal_cortex.o(i.HAL_SYSTICK_Config)
    HAL_TIMEx_BreakCallback                  0x08003aa5   Thumb Code     2  stm32f7xx_hal_tim_ex.o(i.HAL_TIMEx_BreakCallback)
    HAL_TIMEx_CommutationCallback            0x08003aa7   Thumb Code     2  stm32f7xx_hal_tim_ex.o(i.HAL_TIMEx_CommutationCallback)
    HAL_TIM_Base_Init                        0x08003aa9   Thumb Code    50  stm32f7xx_hal_tim.o(i.HAL_TIM_Base_Init)
    HAL_TIM_Base_MspInit                     0x08003add   Thumb Code    40  timer.o(i.HAL_TIM_Base_MspInit)
    HAL_TIM_Base_Start_IT                    0x08003b09   Thumb Code    24  stm32f7xx_hal_tim.o(i.HAL_TIM_Base_Start_IT)
    HAL_TIM_IC_CaptureCallback               0x08003b21   Thumb Code     2  stm32f7xx_hal_tim.o(i.HAL_TIM_IC_CaptureCallback)
    HAL_TIM_IRQHandler                       0x08003b23   Thumb Code   388  stm32f7xx_hal_tim.o(i.HAL_TIM_IRQHandler)
    HAL_TIM_OC_DelayElapsedCallback          0x08003ca7   Thumb Code     2  stm32f7xx_hal_tim.o(i.HAL_TIM_OC_DelayElapsedCallback)
    HAL_TIM_PWM_PulseFinishedCallback        0x08003ca9   Thumb Code     2  stm32f7xx_hal_tim.o(i.HAL_TIM_PWM_PulseFinishedCallback)
    HAL_TIM_PeriodElapsedCallback            0x08003cad   Thumb Code    36  timer.o(i.HAL_TIM_PeriodElapsedCallback)
    HAL_TIM_TriggerCallback                  0x08003cfd   Thumb Code     2  stm32f7xx_hal_tim.o(i.HAL_TIM_TriggerCallback)
    HAL_UART_ErrorCallback                   0x08003cff   Thumb Code     2  stm32f7xx_hal_uart.o(i.HAL_UART_ErrorCallback)
    HAL_UART_IRQHandler                      0x08003d01   Thumb Code   676  stm32f7xx_hal_uart.o(i.HAL_UART_IRQHandler)
    HAL_UART_Init                            0x08003fa9   Thumb Code   110  stm32f7xx_hal_uart.o(i.HAL_UART_Init)
    HAL_UART_MspInit                         0x08004019   Thumb Code   114  usart.o(i.HAL_UART_MspInit)
    HAL_UART_Receive                         0x08004099   Thumb Code   330  stm32f7xx_hal_uart.o(i.HAL_UART_Receive)
    HAL_UART_RxCpltCallback                  0x080041e3   Thumb Code     2  stm32f7xx_hal_uart.o(i.HAL_UART_RxCpltCallback)
    HAL_UART_TxCpltCallback                  0x080041e5   Thumb Code     2  stm32f7xx_hal_uart.o(i.HAL_UART_TxCpltCallback)
    HardFault_Handler                        0x080041e7   Thumb Code     2  stm32f7xx_it.o(i.HardFault_Handler)
    IIC_Read_Byte                            0x080041e9   Thumb Code   228  myiic.o(i.IIC_Read_Byte)
    IIC_Send_Byte                            0x080042d1   Thumb Code   116  myiic.o(i.IIC_Send_Byte)
    IIC_Start                                0x08004349   Thumb Code    76  myiic.o(i.IIC_Start)
    IIC_Stop                                 0x08004399   Thumb Code    76  myiic.o(i.IIC_Stop)
    IIC_Wait_Ack                             0x080043e9   Thumb Code   168  myiic.o(i.IIC_Wait_Ack)
    KEY_Scan                                 0x08004495   Thumb Code   218  key.o(i.KEY_Scan)
    LCD_Clear                                0x08004581   Thumb Code    82  lcd.o(i.LCD_Clear)
    LCD_Fast_DrawPoint                       0x080045e5   Thumb Code   594  lcd.o(i.LCD_Fast_DrawPoint)
    LCD_ReadPoint                            0x08004845   Thumb Code   202  lcd.o(i.LCD_ReadPoint)
    LCD_SetCursor                            0x08004921   Thumb Code   692  lcd.o(i.LCD_SetCursor)
    LCD_Set_Window                           0x08004bdd   Thumb Code   894  lcd.o(i.LCD_Set_Window)
    LCD_ShowChar                             0x08004f65   Thumb Code   292  lcd.o(i.LCD_ShowChar)
    LCD_WriteRAM_Prepare                     0x08005095   Thumb Code    10  lcd.o(i.LCD_WriteRAM_Prepare)
    LTDC_Clear                               0x080050a9   Thumb Code    28  ltdc.o(i.LTDC_Clear)
    LTDC_Draw_Point                          0x080050c9   Thumb Code    60  ltdc.o(i.LTDC_Draw_Point)
    LTDC_Fill                                0x0800510d   Thumb Code   180  ltdc.o(i.LTDC_Fill)
    LTDC_Read_Point                          0x080051d1   Thumb Code    60  ltdc.o(i.LTDC_Read_Point)
    MPU_Memory_Protection                    0x08005215   Thumb Code   194  mpu.o(i.MPU_Memory_Protection)
    MemManage_Handler                        0x080052e1   Thumb Code    64  mpu.o(i.MemManage_Handler)
    NAND_CopyPageWithWrite                   0x08005359   Thumb Code   462  nand.o(i.NAND_CopyPageWithWrite)
    NAND_CopyPageWithoutWrite                0x08005535   Thumb Code   116  nand.o(i.NAND_CopyPageWithoutWrite)
    NAND_Delay                               0x080055b5   Thumb Code    90  nand.o(i.NAND_Delay)
    NAND_ECC_Correction                      0x08005611   Thumb Code   298  nand.o(i.NAND_ECC_Correction)
    NAND_EraseBlock                          0x08005769   Thumb Code    64  nand.o(i.NAND_EraseBlock)
    NAND_Init                                0x080057bd   Thumb Code   354  nand.o(i.NAND_Init)
    NAND_ReadPage                            0x08005955   Thumb Code   868  nand.o(i.NAND_ReadPage)
    NAND_ReadPageComp                        0x08005d15   Thumb Code   120  nand.o(i.NAND_ReadPageComp)
    NAND_ReadSpare                           0x08005d95   Thumb Code    36  nand.o(i.NAND_ReadSpare)
    NAND_WaitForReady                        0x08005dbd   Thumb Code   126  nand.o(i.NAND_WaitForReady)
    NAND_WaitRB                              0x08005e45   Thumb Code    74  nand.o(i.NAND_WaitRB)
    NAND_WritePage                           0x08005e95   Thumb Code   360  nand.o(i.NAND_WritePage)
    NAND_WritePageConst                      0x08006009   Thumb Code    86  nand.o(i.NAND_WritePageConst)
    NAND_WriteSpare                          0x08006069   Thumb Code    40  nand.o(i.NAND_WriteSpare)
    NMI_Handler                              0x08006095   Thumb Code     2  stm32f7xx_it.o(i.NMI_Handler)
    OV2640_Auto_Exposure                     0x08006099   Thumb Code    34  ov2640.o(i.OV2640_Auto_Exposure)
    OV2640_Brightness                        0x080060c1   Thumb Code    58  ov2640.o(i.OV2640_Brightness)
    OV2640_Color_Bar                         0x080060fb   Thumb Code    40  ov2640.o(i.OV2640_Color_Bar)
    OV2640_Color_Saturation                  0x08006123   Thumb Code    64  ov2640.o(i.OV2640_Color_Saturation)
    OV2640_Contrast                          0x08006163   Thumb Code   114  ov2640.o(i.OV2640_Contrast)
    OV2640_ImageSize_Set                     0x080061d5   Thumb Code    78  ov2640.o(i.OV2640_ImageSize_Set)
    OV2640_ImageWin_Set                      0x08006223   Thumb Code   144  ov2640.o(i.OV2640_ImageWin_Set)
    OV2640_Init                              0x080062b5   Thumb Code   286  ov2640.o(i.OV2640_Init)
    OV2640_JPEG_Mode                         0x08006425   Thumb Code    54  ov2640.o(i.OV2640_JPEG_Mode)
    OV2640_Light_Mode                        0x08006465   Thumb Code   112  ov2640.o(i.OV2640_Light_Mode)
    OV2640_OutSize_Set                       0x080064d5   Thumb Code    88  ov2640.o(i.OV2640_OutSize_Set)
    OV2640_PWDN_Set                          0x0800652d   Thumb Code     8  ov2640.o(i.OV2640_PWDN_Set)
    OV2640_RGB565_Mode                       0x08006535   Thumb Code    30  ov2640.o(i.OV2640_RGB565_Mode)
    OV2640_Special_Effects                   0x08006559   Thumb Code   112  ov2640.o(i.OV2640_Special_Effects)
    OV2640_Window_Set                        0x080065c9   Thumb Code   124  ov2640.o(i.OV2640_Window_Set)
    PCF8574_WriteBit                         0x08006645   Thumb Code    86  pcf8574.o(i.PCF8574_WriteBit)
    PendSV_Handler                           0x0800669b   Thumb Code     2  stm32f7xx_it.o(i.PendSV_Handler)
    QSPI_Init                                0x080068ed   Thumb Code    58  qspi.o(i.QSPI_Init)
    QSPI_Receive                             0x08006931   Thumb Code    30  qspi.o(i.QSPI_Receive)
    QSPI_Send_CMD                            0x08006955   Thumb Code    68  qspi.o(i.QSPI_Send_CMD)
    QSPI_Transmit                            0x0800699d   Thumb Code    30  qspi.o(i.QSPI_Transmit)
    SCCB_Init                                0x08006a19   Thumb Code    66  sccb.o(i.SCCB_Init)
    SCCB_RD_Reg                              0x08006a65   Thumb Code   408  sccb.o(i.SCCB_RD_Reg)
    SCCB_WR_Byte                             0x08006c01   Thumb Code   160  sccb.o(i.SCCB_WR_Byte)
    SCCB_WR_Reg                              0x08006ca5   Thumb Code   166  sccb.o(i.SCCB_WR_Reg)
    SDMMC_DataConfig                         0x08006d51   Thumb Code    46  stm32f7xx_ll_sdmmc.o(i.SDMMC_DataConfig)
    SDMMC_GetCommandResponse                 0x08006d7f   Thumb Code     6  stm32f7xx_ll_sdmmc.o(i.SDMMC_GetCommandResponse)
    SDMMC_GetPowerState                      0x08006d85   Thumb Code     8  stm32f7xx_ll_sdmmc.o(i.SDMMC_GetPowerState)
    SDMMC_GetResponse                        0x08006d8d   Thumb Code    14  stm32f7xx_ll_sdmmc.o(i.SDMMC_GetResponse)
    SDMMC_Init                               0x08006d9b   Thumb Code    42  stm32f7xx_ll_sdmmc.o(i.SDMMC_Init)
    SDMMC_PowerState_ON                      0x08006dc5   Thumb Code     8  stm32f7xx_ll_sdmmc.o(i.SDMMC_PowerState_ON)
    SDMMC_ReadFIFO                           0x08006dcd   Thumb Code     6  stm32f7xx_ll_sdmmc.o(i.SDMMC_ReadFIFO)
    SDMMC_SendCommand                        0x08006dd3   Thumb Code    42  stm32f7xx_ll_sdmmc.o(i.SDMMC_SendCommand)
    SDMMC_WriteFIFO                          0x08006dfd   Thumb Code    10  stm32f7xx_ll_sdmmc.o(i.SDMMC_WriteFIFO)
    SD_Init                                  0x0800704d   Thumb Code    56  sdmmc_sdcard.o(i.SD_Init)
    SD_ReadDisk                              0x080071fd   Thumb Code   126  sdmmc_sdcard.o(i.SD_ReadDisk)
    SD_WriteDisk                             0x08007285   Thumb Code   128  sdmmc_sdcard.o(i.SD_WriteDisk)
    SVC_Handler                              0x0800730d   Thumb Code     2  stm32f7xx_it.o(i.SVC_Handler)
    Show_Str                                 0x08007311   Thumb Code   408  text.o(i.Show_Str)
    SysTick_Handler                          0x080074b1   Thumb Code     4  stm32f7xx_it.o(i.SysTick_Handler)
    SystemClock_Config                       0x080074b5   Thumb Code   168  sys.o(i.SystemClock_Config)
    SystemInit                               0x08007565   Thumb Code    76  system_stm32f7xx.o(i.SystemInit)
    TIM3_IRQHandler                          0x080075c5   Thumb Code     6  timer.o(i.TIM3_IRQHandler)
    TIM4_IRQHandler                          0x080075d1   Thumb Code    44  usmart.o(i.TIM4_IRQHandler)
    TIM_Base_SetConfig                       0x08007605   Thumb Code   176  stm32f7xx_hal_tim.o(i.TIM_Base_SetConfig)
    UART_AdvFeatureConfig                    0x080076c9   Thumb Code   218  stm32f7xx_hal_uart.o(i.UART_AdvFeatureConfig)
    UART_CheckIdleState                      0x080077a3   Thumb Code    96  stm32f7xx_hal_uart.o(i.UART_CheckIdleState)
    UART_SetConfig                           0x08007819   Thumb Code   682  stm32f7xx_hal_uart.o(i.UART_SetConfig)
    UART_WaitOnFlagUntilTimeout              0x08007ad5   Thumb Code   118  stm32f7xx_hal_uart.o(i.UART_WaitOnFlagUntilTimeout)
    USART1_IRQHandler                        0x08007b4d   Thumb Code   108  usart.o(i.USART1_IRQHandler)
    UsageFault_Handler                       0x08007bc5   Thumb Code     2  stm32f7xx_it.o(i.UsageFault_Handler)
    W25QXX_Init                              0x08007bc9   Thumb Code   230  w25qxx.o(i.W25QXX_Init)
    W25QXX_Qspi_Enable                       0x08007cb5   Thumb Code   148  w25qxx.o(i.W25QXX_Qspi_Enable)
    W25QXX_Read                              0x08007d4d   Thumb Code    28  w25qxx.o(i.W25QXX_Read)
    W25QXX_Wait_Busy                         0x08007d69   Thumb Code    60  w25qxx.o(i.W25QXX_Wait_Busy)
    W25QXX_Write                             0x08007da9   Thumb Code   442  w25qxx.o(i.W25QXX_Write)
    __0printf$8                              0x08007f6d   Thumb Code    22  printf8.o(i.__0printf$8)
    __1printf$8                              0x08007f6d   Thumb Code     0  printf8.o(i.__0printf$8)
    __2printf                                0x08007f6d   Thumb Code     0  printf8.o(i.__0printf$8)
    __0sprintf$8                             0x08007f8d   Thumb Code    34  printf8.o(i.__0sprintf$8)
    __1sprintf$8                             0x08007f8d   Thumb Code     0  printf8.o(i.__0sprintf$8)
    __2sprintf                               0x08007f8d   Thumb Code     0  printf8.o(i.__0sprintf$8)
    __ARM_common_memclr4_10                  0x08007fb5   Thumb Code    10  usmart_str.o(i.__ARM_common_memclr4_10)
    __scatterload_copy                       0x08007fbf   Thumb Code    14  handlers.o(i.__scatterload_copy)
    __scatterload_null                       0x08007fcd   Thumb Code     2  handlers.o(i.__scatterload_null)
    __scatterload_zeroinit                   0x08007fcf   Thumb Code    14  handlers.o(i.__scatterload_zeroinit)
    bmp_encode                               0x0800843d   Thumb Code   446  bmp.o(i.bmp_encode)
    camera_new_pathname                      0x08008605   Thumb Code    68  main.o(i.camera_new_pathname)
    delay_init                               0x08008841   Thumb Code    16  delay.o(i.delay_init)
    delay_ms                                 0x08008855   Thumb Code    68  delay.o(i.delay_ms)
    delay_us                                 0x0800889d   Thumb Code    50  delay.o(i.delay_us)
    dir_sdi                                  0x08009439   Thumb Code   168  ff.o(i.dir_sdi)
    disk_initialize                          0x080094e1   Thumb Code    40  diskio.o(i.disk_initialize)
    disk_ioctl                               0x08009509   Thumb Code   178  diskio.o(i.disk_ioctl)
    disk_read                                0x080095c5   Thumb Code   108  diskio.o(i.disk_read)
    disk_status                              0x08009631   Thumb Code     4  diskio.o(i.disk_status)
    disk_write                               0x08009635   Thumb Code   108  diskio.o(i.disk_write)
    f_close                                  0x080096a1   Thumb Code    32  ff.o(i.f_close)
    f_open                                   0x080096c1   Thumb Code   808  ff.o(i.f_open)
    f_sync                                   0x080099e9   Thumb Code   506  ff.o(i.f_sync)
    f_write                                  0x08009be3   Thumb Code   570  ff.o(i.f_write)
    ff_convert                               0x08009e1d   Thumb Code   130  mycc936.o(i.ff_convert)
    ff_memalloc                              0x08009ea5   Thumb Code     8  diskio.o(i.ff_memalloc)
    ff_memfree                               0x08009ead   Thumb Code     8  diskio.o(i.ff_memfree)
    ff_wtoupper                              0x08009eb5   Thumb Code    30  mycc936.o(i.ff_wtoupper)
    fputc                                    0x0800a871   Thumb Code    16  usart.o(i.fputc)
    get_fattime                              0x0800a9eb   Thumb Code     4  diskio.o(i.get_fattime)
    jpeg_data_process                        0x0800a9f1   Thumb Code   254  main.o(i.jpeg_data_process)
    jpeg_dcmi_rx_callback                    0x0800ab01   Thumb Code   276  main.o(i.jpeg_dcmi_rx_callback)
    main                                     0x0800ad81   Thumb Code   772  main.o(i.main)
    my_mem_init                              0x0800b1f1   Thumb Code    52  malloc.o(i.my_mem_init)
    my_mem_malloc                            0x0800b22d   Thumb Code   190  malloc.o(i.my_mem_malloc)
    my_mem_perused                           0x0800b2f9   Thumb Code    54  malloc.o(i.my_mem_perused)
    myfree                                   0x0800b339   Thumb Code   114  malloc.o(i.myfree)
    mymalloc                                 0x0800b3b9   Thumb Code    30  malloc.o(i.mymalloc)
    mymemset                                 0x0800b3dd   Thumb Code    38  malloc.o(i.mymemset)
    ov2640_jpg_photo                         0x0800b405   Thumb Code   236  main.o(i.ov2640_jpg_photo)
    pic_memalloc                             0x0800b56d   Thumb Code     8  piclib.o(i.pic_memalloc)
    pic_memfree                              0x0800b575   Thumb Code     8  piclib.o(i.pic_memfree)
    read_addr                                0x0800b6b5   Thumb Code     4  usmart.o(i.read_addr)
    uart1_init                               0x0800b9e9   Thumb Code    38  usart.o(i.uart1_init)
    usmart_cmd_rec                           0x0800ba19   Thumb Code   172  usmart.o(i.usmart_cmd_rec)
    usmart_exe                               0x0800bac9   Thumb Code   634  usmart.o(i.usmart_exe)
    usmart_get_aparm                         0x0800bdad   Thumb Code   182  usmart_str.o(i.usmart_get_aparm)
    usmart_get_cmdname                       0x0800be65   Thumb Code    74  usmart_str.o(i.usmart_get_cmdname)
    usmart_get_fname                         0x0800beb1   Thumb Code   430  usmart_str.o(i.usmart_get_fname)
    usmart_get_fparam                        0x0800c069   Thumb Code   776  usmart_str.o(i.usmart_get_fparam)
    usmart_get_parmpos                       0x0800c379   Thumb Code    84  usmart_str.o(i.usmart_get_parmpos)
    usmart_init                              0x0800c3d1   Thumb Code    92  usmart.o(i.usmart_init)
    usmart_scan                              0x0800c43d   Thumb Code   102  usmart.o(i.usmart_scan)
    usmart_str2num                           0x0800c4e9   Thumb Code   278  usmart_str.o(i.usmart_str2num)
    usmart_strcmp                            0x0800c5ff   Thumb Code    26  usmart_str.o(i.usmart_strcmp)
    usmart_sys_cmd_exe                       0x0800c619   Thumb Code  1488  usmart.o(i.usmart_sys_cmd_exe)
    write_addr                               0x0800cceb   Thumb Code     4  usmart.o(i.write_addr)
    AHBPrescTable                            0x0800ccee   Data          16  system_stm32f7xx.o(.constdata)
    APBPrescTable                            0x0800ccfe   Data           8  system_stm32f7xx.o(.constdata)
    asc2_1206                                0x0800cd0e   Data        1140  lcd.o(.constdata)
    asc2_1608                                0x0800d182   Data        1520  lcd.o(.constdata)
    asc2_2412                                0x0800d772   Data        3420  lcd.o(.constdata)
    asc2_3216                                0x0800e4ce   Data       12160  lcd.o(.constdata)
    ov2640_sxga_init_reg_tbl                 0x0801144e   Data         356  ov2640.o(.constdata)
    ov2640_jpeg_reg_tbl                      0x080115b2   Data          14  ov2640.o(.constdata)
    ov2640_rgb565_reg_tbl                    0x080115c0   Data          28  ov2640.o(.constdata)
    ov2640_yuv422_reg_tbl                    0x080115dc   Data          16  ov2640.o(.constdata)
    memtblsize                               0x08011614   Data          12  malloc.o(.constdata)
    memblksize                               0x08011620   Data          12  malloc.o(.constdata)
    memsize                                  0x0801162c   Data          12  malloc.o(.constdata)
    Region$$Table$$Base                      0x08011d98   Number         0  anon$$obj.o(Region$$Table)
    Region$$Table$$Limit                     0x08011db8   Number         0  anon$$obj.o(Region$$Table)
    mem3base                                 0x20000000   Data       61440  malloc.o(.ARM.__AT_0x20000000)
    mem3mapbase                              0x2000f000   Data        3840  malloc.o(.ARM.__AT_0x2000F000)
    bmp_request                              0x20020000   Data           1  main.o(.data)
    ovx_mode                                 0x20020001   Data           1  main.o(.data)
    jpeg_data_ok                             0x20020002   Data           1  main.o(.data)
    curline                                  0x20020004   Data           2  main.o(.data)
    yoffset                                  0x20020006   Data           2  main.o(.data)
    jpeg_data_len                            0x20020008   Data           4  main.o(.data)
    jpeg_data_buf                            0x2002000c   Data           4  main.o(.data)
    dcmi_line_buf                            0x20020010   Data           8  main.o(.data)
    SystemCoreClock                          0x20020018   Data           4  system_stm32f7xx.o(.data)
    uwTick                                   0x2002001c   Data           4  stm32f7xx_hal.o(.data)
    USART_RX_STA                             0x20020024   Data           2  usart.o(.data)
    __stdout                                 0x20020028   Data           4  usart.o(.data)
    POINT_COLOR                              0x20020030   Data           4  lcd.o(.data)
    BACK_COLOR                               0x20020034   Data           4  lcd.o(.data)
    ltdc_framebuf                            0x20020038   Data           8  ltdc.o(.data)
    W25QXX_QPI_MODE                          0x20020044   Data           1  w25qxx.o(.data)
    W25QXX_TYPE                              0x20020046   Data           2  w25qxx.o(.data)
    ov_frame                                 0x20020048   Data           1  dcmi.o(.data)
    dcmi_rx_callback                         0x2002004c   Data           4  dcmi.o(.data)
    sys_cmd_tab                              0x20020050   Data          28  usmart.o(.data)
    usmart_nametab                           0x2002006c   Data         160  usmart_config.o(.data)
    usmart_dev                               0x2002010c   Data         244  usmart_config.o(.data)
    mallco_dev                               0x20020200   Data          36  malloc.o(.data)
    file                                     0x20020228   Data           4  exfuns.o(.data)
    ftemp                                    0x2002022c   Data           4  exfuns.o(.data)
    fatbuf                                   0x20020230   Data           4  exfuns.o(.data)
    bw                                       0x20020234   Data           4  exfuns.o(.data)
    JpegBuffer0                              0x20020238   Data       24576  main.o(.bss)
    JpegBuffer1                              0x20026238   Data       24576  main.o(.bss)
    USART_RX_BUF                             0x2002c238   Data         200  usart.o(.bss)
    UART1_Handler                            0x2002c300   Data         112  usart.o(.bss)
    SRAM_Handler                             0x2002c370   Data          76  lcd.o(.bss)
    lcddev                                   0x2002c3bc   Data          14  lcd.o(.bss)
    LTDC_Handler                             0x2002c3cc   Data         168  ltdc.o(.bss)
    lcdltdc                                  0x2002c474   Data          32  ltdc.o(.bss)
    NAND_Handler                             0x2002c494   Data          56  nand.o(.bss)
    nand_dev                                 0x2002c4cc   Data          92  nand.o(.bss)
    SDCARD_Handler                           0x2002c528   Data          96  sdmmc_sdcard.o(.bss)
    SDCardInfo                               0x2002c588   Data          88  sdmmc_sdcard.o(.bss)
    SDIO_DATA_BUFFER                         0x2002c5e0   Data         512  sdmmc_sdcard.o(.bss)
    W25QXX_BUFFER                            0x2002c7e0   Data        4096  w25qxx.o(.bss)
    QSPI_Handler                             0x2002d7e0   Data          68  qspi.o(.bss)
    DCMI_Handler                             0x2002d824   Data          80  dcmi.o(.bss)
    DMADMCI_Handler                          0x2002d874   Data          96  dcmi.o(.bss)
    TIM3_Handler                             0x2002d8d4   Data          60  timer.o(.bss)
    TIM4_Handler                             0x2002d910   Data          60  usmart.o(.bss)
    mem1base                                 0x2002d960   Data       307200  malloc.o(.bss)
    mem1mapbase                              0x20078960   Data       19200  malloc.o(.bss)
    ftinfo                                   0x2007d46c   Data          41  fontupd.o(.bss)
    __initial_sp                             0x2007d898   Data           0  startup_stm32f767xx.o(STACK)
    ltdc_lcd_framebuf                        0xc0000000   Data       2048000  ltdc.o(.ARM.__AT_0xC0000000)
    mem2base                                 0xc01f4000   Data       29605888  malloc.o(.ARM.__AT_0xC01F4000)
    mem2mapbase                              0xc1e30000   Data       1850368  malloc.o(.ARM.__AT_0xC1E30000)



==============================================================================

Memory Map of the image

  Image Entry point : 0x080001f9

  Load Region LR_IROM1 (Base: 0x08000000, Size: 0x00011ff0, Max: 0x00100000, ABSOLUTE, COMPRESSED[0x00011e9c])

    Execution Region ER_IROM1 (Exec base: 0x08000000, Load base: 0x08000000, Size: 0x00011db8, Max: 0x00100000, ABSOLUTE)

    Exec Addr    Load Addr    Size         Type   Attr      Idx    E Section Name        Object

    0x08000000   0x08000000   0x000001f8   Data   RO          663    RESET               startup_stm32f767xx.o
    0x080001f8   0x080001f8   0x00000000   Code   RO         7511  * .ARM.Collect$$$$00000000  mc_w.l(entry.o)
    0x080001f8   0x080001f8   0x00000004   Code   RO         7801    .ARM.Collect$$$$00000001  mc_w.l(entry2.o)
    0x080001fc   0x080001fc   0x00000004   Code   RO         7804    .ARM.Collect$$$$00000004  mc_w.l(entry5.o)
    0x08000200   0x08000200   0x00000000   Code   RO         7806    .ARM.Collect$$$$00000008  mc_w.l(entry7b.o)
    0x08000200   0x08000200   0x00000000   Code   RO         7808    .ARM.Collect$$$$0000000A  mc_w.l(entry8b.o)
    0x08000200   0x08000200   0x00000008   Code   RO         7809    .ARM.Collect$$$$0000000B  mc_w.l(entry9a.o)
    0x08000208   0x08000208   0x00000004   Code   RO         7816    .ARM.Collect$$$$0000000E  mc_w.l(entry12b.o)
    0x0800020c   0x0800020c   0x00000000   Code   RO         7811    .ARM.Collect$$$$0000000F  mc_w.l(entry10a.o)
    0x0800020c   0x0800020c   0x00000000   Code   RO         7813    .ARM.Collect$$$$00000011  mc_w.l(entry11a.o)
    0x0800020c   0x0800020c   0x00000004   Code   RO         7802    .ARM.Collect$$$$00002712  mc_w.l(entry2.o)
    0x08000210   0x08000210   0x00000010   Code   RO         4649    .emb_text           sys.o
    0x08000220   0x08000220   0x00000024   Code   RO          664    .text               startup_stm32f767xx.o
    0x08000244   0x08000244   0x00000062   Code   RO         7514    .text               mc_w.l(uldiv.o)
    0x080002a6   0x080002a6   0x00000040   Code   RO         7518    .text               mc_w.l(memmovea.o)
    0x080002e6   0x080002e6   0x00000024   Code   RO         7520    .text               mc_w.l(memseta.o)
    0x0800030a   0x0800030a   0x0000001e   Code   RO         7819    .text               mc_w.l(llshl.o)
    0x08000328   0x08000328   0x00000020   Code   RO         7821    .text               mc_w.l(llushr.o)
    0x08000348   0x08000348   0x00000024   Code   RO         7834    .text               mc_w.l(init.o)
    0x0800036c   0x0800036c   0x00000056   Code   RO         7846    .text               mc_w.l(__dczerorl2.o)
    0x080003c2   0x080003c2   0x00000002   Code   RO          429    i.BusFault_Handler  stm32f7xx_it.o
    0x080003c4   0x080003c4   0x0000007c   Code   RO         4650    i.Cache_Enable      sys.o
    0x08000440   0x08000440   0x00000044   Code   RO         5741    i.DCMI_CR_Set       dcmi.o
    0x08000484   0x08000484   0x00000020   Code   RO         4457    i.DCMI_DMAError     stm32f7xx_hal_dcmi.o
    0x080004a4   0x080004a4   0x000000c0   Code   RO         5742    i.DCMI_DMA_Init     dcmi.o
    0x08000564   0x08000564   0x0000000c   Code   RO         5743    i.DCMI_IRQHandler   dcmi.o
    0x08000570   0x08000570   0x00000048   Code   RO         5744    i.DCMI_Init         dcmi.o
    0x080005b8   0x080005b8   0x0000007c   Code   RO         5745    i.DCMI_Set_Window   dcmi.o
    0x08000634   0x08000634   0x00000020   Code   RO         5746    i.DCMI_Start        dcmi.o
    0x08000654   0x08000654   0x00000028   Code   RO         5747    i.DCMI_Stop         dcmi.o
    0x0800067c   0x0800067c   0x00000090   Code   RO         5748    i.DMA2_Stream1_IRQHandler  dcmi.o
    0x0800070c   0x0800070c   0x00000002   Code   RO          430    i.DebugMon_Handler  stm32f7xx_it.o
    0x0800070e   0x0800070e   0x00000024   Code   RO         3048    i.FMC_NAND_AttributeSpace_Timing_Init  stm32f7xx_ll_fmc.o
    0x08000732   0x08000732   0x00000024   Code   RO         3049    i.FMC_NAND_CommonSpace_Timing_Init  stm32f7xx_ll_fmc.o
    0x08000756   0x08000756   0x00000002   PAD
    0x08000758   0x08000758   0x0000003c   Code   RO         3054    i.FMC_NAND_Init     stm32f7xx_ll_fmc.o
    0x08000794   0x08000794   0x000000f0   Code   RO         5208    i.FTL_BlockCompare  ftl.o
    0x08000884   0x08000884   0x0000010c   Code   RO         5210    i.FTL_CopyAndWriteToBlock  ftl.o
    0x08000990   0x08000990   0x000000e8   Code   RO         5211    i.FTL_CreateLUT     ftl.o
    0x08000a78   0x08000a78   0x000000c0   Code   RO         5212    i.FTL_FindSamePlaneUnusedBlock  ftl.o
    0x08000b38   0x08000b38   0x00000158   Code   RO         5214    i.FTL_Format        ftl.o
    0x08000c90   0x08000c90   0x000000e4   Code   RO         5215    i.FTL_Init          ftl.o
    0x08000d74   0x08000d74   0x00000164   Code   RO         5217    i.FTL_ReadSectors   ftl.o
    0x08000ed8   0x08000ed8   0x00000154   Code   RO         5220    i.FTL_WriteSectors  ftl.o
    0x0800102c   0x0800102c   0x000000dc   Code   RO         7104    i.Get_HzMat         text.o
    0x08001108   0x08001108   0x00000016   Code   RO         4460    i.HAL_DCMI_DeInit   stm32f7xx_hal_dcmi.o
    0x0800111e   0x0800111e   0x00000002   Code   RO         4463    i.HAL_DCMI_ErrorCallback  stm32f7xx_hal_dcmi.o
    0x08001120   0x08001120   0x00000030   Code   RO         5749    i.HAL_DCMI_FrameEventCallback  dcmi.o
    0x08001150   0x08001150   0x000000ac   Code   RO         4467    i.HAL_DCMI_IRQHandler  stm32f7xx_hal_dcmi.o
    0x080011fc   0x080011fc   0x000000c8   Code   RO         4468    i.HAL_DCMI_Init     stm32f7xx_hal_dcmi.o
    0x080012c4   0x080012c4   0x00000002   Code   RO         4469    i.HAL_DCMI_LineEventCallback  stm32f7xx_hal_dcmi.o
    0x080012c6   0x080012c6   0x00000002   Code   RO         4470    i.HAL_DCMI_MspDeInit  stm32f7xx_hal_dcmi.o
    0x080012c8   0x080012c8   0x000000e4   Code   RO         5750    i.HAL_DCMI_MspInit  dcmi.o
    0x080013ac   0x080013ac   0x00000002   Code   RO         4476    i.HAL_DCMI_VsyncEventCallback  stm32f7xx_hal_dcmi.o
    0x080013ae   0x080013ae   0x0000007c   Code   RO         1052    i.HAL_DMAEx_MultiBufferStart  stm32f7xx_hal_dma_ex.o
    0x0800142a   0x0800142a   0x00000024   Code   RO          961    i.HAL_DMA_Abort_IT  stm32f7xx_hal_dma.o
    0x0800144e   0x0800144e   0x00000002   PAD
    0x08001450   0x08001450   0x00000088   Code   RO          962    i.HAL_DMA_DeInit    stm32f7xx_hal_dma.o
    0x080014d8   0x080014d8   0x00000184   Code   RO          966    i.HAL_DMA_Init      stm32f7xx_hal_dma.o
    0x0800165c   0x0800165c   0x0000006c   Code   RO          969    i.HAL_DMA_Start     stm32f7xx_hal_dma.o
    0x080016c8   0x080016c8   0x00000016   Code   RO          678    i.HAL_Delay         stm32f7xx_hal.o
    0x080016de   0x080016de   0x00000002   PAD
    0x080016e0   0x080016e0   0x00000258   Code   RO         1286    i.HAL_GPIO_Init     stm32f7xx_hal_gpio.o
    0x08001938   0x08001938   0x0000000a   Code   RO         1288    i.HAL_GPIO_ReadPin  stm32f7xx_hal_gpio.o
    0x08001942   0x08001942   0x00000008   Code   RO         1289    i.HAL_GPIO_TogglePin  stm32f7xx_hal_gpio.o
    0x0800194a   0x0800194a   0x0000000a   Code   RO         1290    i.HAL_GPIO_WritePin  stm32f7xx_hal_gpio.o
    0x08001954   0x08001954   0x0000000c   Code   RO          688    i.HAL_GetTick       stm32f7xx_hal.o
    0x08001960   0x08001960   0x00000010   Code   RO          689    i.HAL_IncTick       stm32f7xx_hal.o
    0x08001970   0x08001970   0x00000024   Code   RO          690    i.HAL_Init          stm32f7xx_hal.o
    0x08001994   0x08001994   0x00000028   Code   RO          691    i.HAL_InitTick      stm32f7xx_hal.o
    0x080019bc   0x080019bc   0x00000060   Code   RO          842    i.HAL_MPU_ConfigRegion  stm32f7xx_hal_cortex.o
    0x08001a1c   0x08001a1c   0x00000002   Code   RO            4    i.HAL_MspInit       main.o
    0x08001a1e   0x08001a1e   0x00000052   Code   RO         4055    i.HAL_NAND_Init     stm32f7xx_hal_nand.o
    0x08001a70   0x08001a70   0x000000ac   Code   RO         5311    i.HAL_NAND_MspInit  nand.o
    0x08001b1c   0x08001b1c   0x00000018   Code   RO          845    i.HAL_NVIC_EnableIRQ  stm32f7xx_hal_cortex.o
    0x08001b34   0x08001b34   0x00000060   Code   RO          851    i.HAL_NVIC_SetPriority  stm32f7xx_hal_cortex.o
    0x08001b94   0x08001b94   0x00000024   Code   RO          852    i.HAL_NVIC_SetPriorityGrouping  stm32f7xx_hal_cortex.o
    0x08001bb8   0x08001bb8   0x00000092   Code   RO         4208    i.HAL_QSPI_Command  stm32f7xx_hal_qspi.o
    0x08001c4a   0x08001c4a   0x00000002   PAD
    0x08001c4c   0x08001c4c   0x000000cc   Code   RO         4217    i.HAL_QSPI_Init     stm32f7xx_hal_qspi.o
    0x08001d18   0x08001d18   0x00000098   Code   RO         5687    i.HAL_QSPI_MspInit  qspi.o
    0x08001db0   0x08001db0   0x000000c6   Code   RO         4221    i.HAL_QSPI_Receive  stm32f7xx_hal_qspi.o
    0x08001e76   0x08001e76   0x00000002   PAD
    0x08001e78   0x08001e78   0x000000be   Code   RO         4230    i.HAL_QSPI_Transmit  stm32f7xx_hal_qspi.o
    0x08001f36   0x08001f36   0x00000002   PAD
    0x08001f38   0x08001f38   0x00000794   Code   RO         1668    i.HAL_RCCEx_PeriphCLKConfig  stm32f7xx_hal_rcc_ex.o
    0x080026cc   0x080026cc   0x0000020c   Code   RO         1566    i.HAL_RCC_ClockConfig  stm32f7xx_hal_rcc.o
    0x080028d8   0x080028d8   0x00000030   Code   RO         1573    i.HAL_RCC_GetPCLK1Freq  stm32f7xx_hal_rcc.o
    0x08002908   0x08002908   0x00000030   Code   RO         1574    i.HAL_RCC_GetPCLK2Freq  stm32f7xx_hal_rcc.o
    0x08002938   0x08002938   0x00000098   Code   RO         1575    i.HAL_RCC_GetSysClockFreq  stm32f7xx_hal_rcc.o
    0x080029d0   0x080029d0   0x000003f8   Code   RO         1669    i.HAL_RCC_OscConfig  stm32f7xx_hal_rcc_ex.o
    0x08002dc8   0x08002dc8   0x000002d0   Code   RO         3855    i.HAL_SD_Get_CardInfo  stm32f7xx_hal_sd.o
    0x08003098   0x08003098   0x000003f8   Code   RO         3858    i.HAL_SD_Init       stm32f7xx_hal_sd.o
    0x08003490   0x08003490   0x00000088   Code   RO         5521    i.HAL_SD_MspInit    sdmmc_sdcard.o
    0x08003518   0x08003518   0x000001d0   Code   RO         3861    i.HAL_SD_ReadBlocks  stm32f7xx_hal_sd.o
    0x080036e8   0x080036e8   0x0000013c   Code   RO         3865    i.HAL_SD_WideBusOperation_Config  stm32f7xx_hal_sd.o
    0x08003824   0x08003824   0x00000240   Code   RO         3866    i.HAL_SD_WriteBlocks  stm32f7xx_hal_sd.o
    0x08003a64   0x08003a64   0x00000016   Code   RO          854    i.HAL_SYSTICK_CLKSourceConfig  stm32f7xx_hal_cortex.o
    0x08003a7a   0x08003a7a   0x00000002   PAD
    0x08003a7c   0x08003a7c   0x00000028   Code   RO          856    i.HAL_SYSTICK_Config  stm32f7xx_hal_cortex.o
    0x08003aa4   0x08003aa4   0x00000002   Code   RO         2784    i.HAL_TIMEx_BreakCallback  stm32f7xx_hal_tim_ex.o
    0x08003aa6   0x08003aa6   0x00000002   Code   RO         2785    i.HAL_TIMEx_CommutationCallback  stm32f7xx_hal_tim_ex.o
    0x08003aa8   0x08003aa8   0x00000032   Code   RO         2182    i.HAL_TIM_Base_Init  stm32f7xx_hal_tim.o
    0x08003ada   0x08003ada   0x00000002   PAD
    0x08003adc   0x08003adc   0x0000002c   Code   RO         5937    i.HAL_TIM_Base_MspInit  timer.o
    0x08003b08   0x08003b08   0x00000018   Code   RO         2187    i.HAL_TIM_Base_Start_IT  stm32f7xx_hal_tim.o
    0x08003b20   0x08003b20   0x00000002   Code   RO         2211    i.HAL_TIM_IC_CaptureCallback  stm32f7xx_hal_tim.o
    0x08003b22   0x08003b22   0x00000184   Code   RO         2224    i.HAL_TIM_IRQHandler  stm32f7xx_hal_tim.o
    0x08003ca6   0x08003ca6   0x00000002   Code   RO         2227    i.HAL_TIM_OC_DelayElapsedCallback  stm32f7xx_hal_tim.o
    0x08003ca8   0x08003ca8   0x00000002   Code   RO         2254    i.HAL_TIM_PWM_PulseFinishedCallback  stm32f7xx_hal_tim.o
    0x08003caa   0x08003caa   0x00000002   PAD
    0x08003cac   0x08003cac   0x00000050   Code   RO         5938    i.HAL_TIM_PeriodElapsedCallback  timer.o
    0x08003cfc   0x08003cfc   0x00000002   Code   RO         2265    i.HAL_TIM_TriggerCallback  stm32f7xx_hal_tim.o
    0x08003cfe   0x08003cfe   0x00000002   Code   RO         1723    i.HAL_UART_ErrorCallback  stm32f7xx_hal_uart.o
    0x08003d00   0x08003d00   0x000002a8   Code   RO         1726    i.HAL_UART_IRQHandler  stm32f7xx_hal_uart.o
    0x08003fa8   0x08003fa8   0x0000006e   Code   RO         1727    i.HAL_UART_Init     stm32f7xx_hal_uart.o
    0x08004016   0x08004016   0x00000002   PAD
    0x08004018   0x08004018   0x00000080   Code   RO         4699    i.HAL_UART_MspInit  usart.o
    0x08004098   0x08004098   0x0000014a   Code   RO         1730    i.HAL_UART_Receive  stm32f7xx_hal_uart.o
    0x080041e2   0x080041e2   0x00000002   Code   RO         1733    i.HAL_UART_RxCpltCallback  stm32f7xx_hal_uart.o
    0x080041e4   0x080041e4   0x00000002   Code   RO         1738    i.HAL_UART_TxCpltCallback  stm32f7xx_hal_uart.o
    0x080041e6   0x080041e6   0x00000002   Code   RO          431    i.HardFault_Handler  stm32f7xx_it.o
    0x080041e8   0x080041e8   0x000000e8   Code   RO         5829    i.IIC_Read_Byte     myiic.o
    0x080042d0   0x080042d0   0x00000078   Code   RO         5830    i.IIC_Send_Byte     myiic.o
    0x08004348   0x08004348   0x00000050   Code   RO         5831    i.IIC_Start         myiic.o
    0x08004398   0x08004398   0x00000050   Code   RO         5832    i.IIC_Stop          myiic.o
    0x080043e8   0x080043e8   0x000000ac   Code   RO         5833    i.IIC_Wait_Ack      myiic.o
    0x08004494   0x08004494   0x000000ec   Code   RO         4785    i.KEY_Scan          key.o
    0x08004580   0x08004580   0x00000064   Code   RO         4876    i.LCD_Clear         lcd.o
    0x080045e4   0x080045e4   0x00000260   Code   RO         4885    i.LCD_Fast_DrawPoint  lcd.o
    0x08004844   0x08004844   0x000000dc   Code   RO         4891    i.LCD_ReadPoint     lcd.o
    0x08004920   0x08004920   0x000002bc   Code   RO         4895    i.LCD_SetCursor     lcd.o
    0x08004bdc   0x08004bdc   0x00000388   Code   RO         4896    i.LCD_Set_Window    lcd.o
    0x08004f64   0x08004f64   0x00000130   Code   RO         4897    i.LCD_ShowChar      lcd.o
    0x08005094   0x08005094   0x00000014   Code   RO         4904    i.LCD_WriteRAM_Prepare  lcd.o
    0x080050a8   0x080050a8   0x00000020   Code   RO         5098    i.LTDC_Clear        ltdc.o
    0x080050c8   0x080050c8   0x00000044   Code   RO         5102    i.LTDC_Draw_Point   ltdc.o
    0x0800510c   0x0800510c   0x000000c4   Code   RO         5103    i.LTDC_Fill         ltdc.o
    0x080051d0   0x080051d0   0x00000044   Code   RO         5109    i.LTDC_Read_Point   ltdc.o
    0x08005214   0x08005214   0x000000cc   Code   RO         5986    i.MPU_Memory_Protection  mpu.o
    0x080052e0   0x080052e0   0x00000078   Code   RO         5988    i.MemManage_Handler  mpu.o
    0x08005358   0x08005358   0x000001dc   Code   RO         5312    i.NAND_CopyPageWithWrite  nand.o
    0x08005534   0x08005534   0x00000080   Code   RO         5313    i.NAND_CopyPageWithoutWrite  nand.o
    0x080055b4   0x080055b4   0x0000005a   Code   RO         5314    i.NAND_Delay        nand.o
    0x0800560e   0x0800560e   0x00000002   PAD
    0x08005610   0x08005610   0x00000158   Code   RO         5315    i.NAND_ECC_Correction  nand.o
    0x08005768   0x08005768   0x00000054   Code   RO         5317    i.NAND_EraseBlock   nand.o
    0x080057bc   0x080057bc   0x00000198   Code   RO         5319    i.NAND_Init         nand.o
    0x08005954   0x08005954   0x000003c0   Code   RO         5323    i.NAND_ReadPage     nand.o
    0x08005d14   0x08005d14   0x00000080   Code   RO         5324    i.NAND_ReadPageComp  nand.o
    0x08005d94   0x08005d94   0x00000028   Code   RO         5325    i.NAND_ReadSpare    nand.o
    0x08005dbc   0x08005dbc   0x00000088   Code   RO         5328    i.NAND_WaitForReady  nand.o
    0x08005e44   0x08005e44   0x00000050   Code   RO         5329    i.NAND_WaitRB       nand.o
    0x08005e94   0x08005e94   0x00000174   Code   RO         5330    i.NAND_WritePage    nand.o
    0x08006008   0x08006008   0x00000060   Code   RO         5331    i.NAND_WritePageConst  nand.o
    0x08006068   0x08006068   0x0000002c   Code   RO         5332    i.NAND_WriteSpare   nand.o
    0x08006094   0x08006094   0x00000002   Code   RO          432    i.NMI_Handler       stm32f7xx_it.o
    0x08006096   0x08006096   0x00000002   PAD
    0x08006098   0x08006098   0x00000028   Code   RO         6026    i.OV2640_Auto_Exposure  ov2640.o
    0x080060c0   0x080060c0   0x0000003a   Code   RO         6027    i.OV2640_Brightness  ov2640.o
    0x080060fa   0x080060fa   0x00000028   Code   RO         6028    i.OV2640_Color_Bar  ov2640.o
    0x08006122   0x08006122   0x00000040   Code   RO         6029    i.OV2640_Color_Saturation  ov2640.o
    0x08006162   0x08006162   0x00000072   Code   RO         6030    i.OV2640_Contrast   ov2640.o
    0x080061d4   0x080061d4   0x0000004e   Code   RO         6031    i.OV2640_ImageSize_Set  ov2640.o
    0x08006222   0x08006222   0x00000090   Code   RO         6032    i.OV2640_ImageWin_Set  ov2640.o
    0x080062b2   0x080062b2   0x00000002   PAD
    0x080062b4   0x080062b4   0x00000170   Code   RO         6033    i.OV2640_Init       ov2640.o
    0x08006424   0x08006424   0x00000040   Code   RO         6034    i.OV2640_JPEG_Mode  ov2640.o
    0x08006464   0x08006464   0x00000070   Code   RO         6035    i.OV2640_Light_Mode  ov2640.o
    0x080064d4   0x080064d4   0x00000058   Code   RO         6036    i.OV2640_OutSize_Set  ov2640.o
    0x0800652c   0x0800652c   0x00000008   Code   RO         6037    i.OV2640_PWDN_Set   ov2640.o
    0x08006534   0x08006534   0x00000024   Code   RO         6039    i.OV2640_RGB565_Mode  ov2640.o
    0x08006558   0x08006558   0x00000070   Code   RO         6040    i.OV2640_Special_Effects  ov2640.o
    0x080065c8   0x080065c8   0x0000007c   Code   RO         6041    i.OV2640_Window_Set  ov2640.o
    0x08006644   0x08006644   0x00000056   Code   RO         5893    i.PCF8574_WriteBit  pcf8574.o
    0x0800669a   0x0800669a   0x00000002   Code   RO          433    i.PendSV_Handler    stm32f7xx_it.o
    0x0800669c   0x0800669c   0x00000250   Code   RO         4235    i.QSPI_Config       stm32f7xx_hal_qspi.o
    0x080068ec   0x080068ec   0x00000044   Code   RO         5688    i.QSPI_Init         qspi.o
    0x08006930   0x08006930   0x00000024   Code   RO         5689    i.QSPI_Receive      qspi.o
    0x08006954   0x08006954   0x00000048   Code   RO         5690    i.QSPI_Send_CMD     qspi.o
    0x0800699c   0x0800699c   0x00000024   Code   RO         5691    i.QSPI_Transmit     qspi.o
    0x080069c0   0x080069c0   0x00000058   Code   RO         4242    i.QSPI_WaitFlagStateUntilTimeout  stm32f7xx_hal_qspi.o
    0x08006a18   0x08006a18   0x0000004c   Code   RO         6162    i.SCCB_Init         sccb.o
    0x08006a64   0x08006a64   0x0000019c   Code   RO         6165    i.SCCB_RD_Reg       sccb.o
    0x08006c00   0x08006c00   0x000000a4   Code   RO         6168    i.SCCB_WR_Byte      sccb.o
    0x08006ca4   0x08006ca4   0x000000ac   Code   RO         6169    i.SCCB_WR_Reg       sccb.o
    0x08006d50   0x08006d50   0x0000002e   Code   RO         3749    i.SDMMC_DataConfig  stm32f7xx_ll_sdmmc.o
    0x08006d7e   0x08006d7e   0x00000006   Code   RO         3750    i.SDMMC_GetCommandResponse  stm32f7xx_ll_sdmmc.o
    0x08006d84   0x08006d84   0x00000008   Code   RO         3753    i.SDMMC_GetPowerState  stm32f7xx_ll_sdmmc.o
    0x08006d8c   0x08006d8c   0x0000000e   Code   RO         3754    i.SDMMC_GetResponse  stm32f7xx_ll_sdmmc.o
    0x08006d9a   0x08006d9a   0x0000002a   Code   RO         3755    i.SDMMC_Init        stm32f7xx_ll_sdmmc.o
    0x08006dc4   0x08006dc4   0x00000008   Code   RO         3757    i.SDMMC_PowerState_ON  stm32f7xx_ll_sdmmc.o
    0x08006dcc   0x08006dcc   0x00000006   Code   RO         3758    i.SDMMC_ReadFIFO    stm32f7xx_ll_sdmmc.o
    0x08006dd2   0x08006dd2   0x0000002a   Code   RO         3759    i.SDMMC_SendCommand  stm32f7xx_ll_sdmmc.o
    0x08006dfc   0x08006dfc   0x0000000a   Code   RO         3761    i.SDMMC_WriteFIFO   stm32f7xx_ll_sdmmc.o
    0x08006e06   0x08006e06   0x00000002   PAD
    0x08006e08   0x08006e08   0x00000118   Code   RO         3870    i.SD_CmdResp1Error  stm32f7xx_hal_sd.o
    0x08006f20   0x08006f20   0x0000012c   Code   RO         3875    i.SD_FindSCR        stm32f7xx_hal_sd.o
    0x0800704c   0x0800704c   0x00000040   Code   RO         5523    i.SD_Init           sdmmc_sdcard.o
    0x0800708c   0x0800708c   0x00000170   Code   RO         3876    i.SD_IsCardProgramming  stm32f7xx_hal_sd.o
    0x080071fc   0x080071fc   0x00000088   Code   RO         5524    i.SD_ReadDisk       sdmmc_sdcard.o
    0x08007284   0x08007284   0x00000088   Code   RO         5525    i.SD_WriteDisk      sdmmc_sdcard.o
    0x0800730c   0x0800730c   0x00000002   Code   RO          434    i.SVC_Handler       stm32f7xx_it.o
    0x0800730e   0x0800730e   0x00000002   PAD
    0x08007310   0x08007310   0x000001a0   Code   RO         7106    i.Show_Str          text.o
    0x080074b0   0x080074b0   0x00000004   Code   RO          435    i.SysTick_Handler   stm32f7xx_it.o
    0x080074b4   0x080074b4   0x000000b0   Code   RO         4653    i.SystemClock_Config  sys.o
    0x08007564   0x08007564   0x00000060   Code   RO          506    i.SystemInit        system_stm32f7xx.o
    0x080075c4   0x080075c4   0x0000000c   Code   RO         5939    i.TIM3_IRQHandler   timer.o
    0x080075d0   0x080075d0   0x00000034   Code   RO         6225    i.TIM4_IRQHandler   usmart.o
    0x08007604   0x08007604   0x000000c4   Code   RO         2266    i.TIM_Base_SetConfig  stm32f7xx_hal_tim.o
    0x080076c8   0x080076c8   0x000000da   Code   RO         1740    i.UART_AdvFeatureConfig  stm32f7xx_hal_uart.o
    0x080077a2   0x080077a2   0x00000060   Code   RO         1741    i.UART_CheckIdleState  stm32f7xx_hal_uart.o
    0x08007802   0x08007802   0x00000014   Code   RO         1742    i.UART_DMAAbortOnError  stm32f7xx_hal_uart.o
    0x08007816   0x08007816   0x00000002   PAD
    0x08007818   0x08007818   0x000002bc   Code   RO         1748    i.UART_SetConfig    stm32f7xx_hal_uart.o
    0x08007ad4   0x08007ad4   0x00000076   Code   RO         1749    i.UART_WaitOnFlagUntilTimeout  stm32f7xx_hal_uart.o
    0x08007b4a   0x08007b4a   0x00000002   PAD
    0x08007b4c   0x08007b4c   0x00000078   Code   RO         4700    i.USART1_IRQHandler  usart.o
    0x08007bc4   0x08007bc4   0x00000002   Code   RO          436    i.UsageFault_Handler  stm32f7xx_it.o
    0x08007bc6   0x08007bc6   0x00000002   PAD
    0x08007bc8   0x08007bc8   0x000000ec   Code   RO         5579    i.W25QXX_Init       w25qxx.o
    0x08007cb4   0x08007cb4   0x00000098   Code   RO         5581    i.W25QXX_Qspi_Enable  w25qxx.o
    0x08007d4c   0x08007d4c   0x0000001c   Code   RO         5582    i.W25QXX_Read       w25qxx.o
    0x08007d68   0x08007d68   0x00000040   Code   RO         5585    i.W25QXX_Wait_Busy  w25qxx.o
    0x08007da8   0x08007da8   0x000001c4   Code   RO         5586    i.W25QXX_Write      w25qxx.o
    0x08007f6c   0x08007f6c   0x00000020   Code   RO         7741    i.__0printf$8       mc_w.l(printf8.o)
    0x08007f8c   0x08007f8c   0x00000028   Code   RO         7743    i.__0sprintf$8      mc_w.l(printf8.o)
    0x08007fb4   0x08007fb4   0x0000000a   Code   RO         6382    i.__ARM_common_memclr4_10  usmart_str.o
    0x08007fbe   0x08007fbe   0x0000000e   Code   RO         7840    i.__scatterload_copy  mc_w.l(handlers.o)
    0x08007fcc   0x08007fcc   0x00000002   Code   RO         7841    i.__scatterload_null  mc_w.l(handlers.o)
    0x08007fce   0x08007fce   0x0000000e   Code   RO         7842    i.__scatterload_zeroinit  mc_w.l(handlers.o)
    0x08007fdc   0x08007fdc   0x00000404   Code   RO         7748    i._printf_core      mc_w.l(printf8.o)
    0x080083e0   0x080083e0   0x00000024   Code   RO         7749    i._printf_post_padding  mc_w.l(printf8.o)
    0x08008404   0x08008404   0x0000002e   Code   RO         7750    i._printf_pre_padding  mc_w.l(printf8.o)
    0x08008432   0x08008432   0x0000000a   Code   RO         7752    i._sputc            mc_w.l(printf8.o)
    0x0800843c   0x0800843c   0x000001c8   Code   RO         7314    i.bmp_encode        bmp.o
    0x08008604   0x08008604   0x00000070   Code   RO            5    i.camera_new_pathname  main.o
    0x08008674   0x08008674   0x000001cc   Code   RO         6495    i.create_chain      ff.o
    0x08008840   0x08008840   0x00000014   Code   RO         4611    i.delay_init        delay.o
    0x08008854   0x08008854   0x00000048   Code   RO         4612    i.delay_ms          delay.o
    0x0800889c   0x0800889c   0x00000038   Code   RO         4613    i.delay_us          delay.o
    0x080088d4   0x080088d4   0x00000278   Code   RO         6496    i.dir_find          ff.o
    0x08008b4c   0x08008b4c   0x00000188   Code   RO         6497    i.dir_next          ff.o
    0x08008cd4   0x08008cd4   0x00000264   Code   RO         6498    i.dir_read          ff.o
    0x08008f38   0x08008f38   0x00000500   Code   RO         6499    i.dir_register      ff.o
    0x08009438   0x08009438   0x000000a8   Code   RO         6500    i.dir_sdi           ff.o
    0x080094e0   0x080094e0   0x00000028   Code   RO         6771    i.disk_initialize   diskio.o
    0x08009508   0x08009508   0x000000bc   Code   RO         6772    i.disk_ioctl        diskio.o
    0x080095c4   0x080095c4   0x0000006c   Code   RO         6773    i.disk_read         diskio.o
    0x08009630   0x08009630   0x00000004   Code   RO         6774    i.disk_status       diskio.o
    0x08009634   0x08009634   0x0000006c   Code   RO         6775    i.disk_write        diskio.o
    0x080096a0   0x080096a0   0x00000020   Code   RO         6501    i.f_close           ff.o
    0x080096c0   0x080096c0   0x00000328   Code   RO         6510    i.f_open            ff.o
    0x080099e8   0x080099e8   0x000001fa   Code   RO         6520    i.f_sync            ff.o
    0x08009be2   0x08009be2   0x0000023a   Code   RO         6523    i.f_write           ff.o
    0x08009e1c   0x08009e1c   0x00000088   Code   RO         7073    i.ff_convert        mycc936.o
    0x08009ea4   0x08009ea4   0x00000008   Code   RO         6776    i.ff_memalloc       diskio.o
    0x08009eac   0x08009eac   0x00000008   Code   RO         6777    i.ff_memfree        diskio.o
    0x08009eb4   0x08009eb4   0x00000028   Code   RO         7074    i.ff_wtoupper       mycc936.o
    0x08009edc   0x08009edc   0x00000630   Code   RO         6524    i.find_volume       ff.o
    0x0800a50c   0x0800a50c   0x00000364   Code   RO         6525    i.follow_path       ff.o
    0x0800a870   0x0800a870   0x00000014   Code   RO         4702    i.fputc             usart.o
    0x0800a884   0x0800a884   0x00000166   Code   RO         6526    i.get_fat           ff.o
    0x0800a9ea   0x0800a9ea   0x00000004   Code   RO         6778    i.get_fattime       diskio.o
    0x0800a9ee   0x0800a9ee   0x00000002   PAD
    0x0800a9f0   0x0800a9f0   0x00000110   Code   RO            7    i.jpeg_data_process  main.o
    0x0800ab00   0x0800ab00   0x00000124   Code   RO            8    i.jpeg_dcmi_rx_callback  main.o
    0x0800ac24   0x0800ac24   0x00000068   Code   RO         6528    i.ld_qword          ff.o
    0x0800ac8c   0x0800ac8c   0x000000f2   Code   RO         6529    i.load_xdir         ff.o
    0x0800ad7e   0x0800ad7e   0x00000002   PAD
    0x0800ad80   0x0800ad80   0x000003ac   Code   RO            9    i.main              main.o
    0x0800b12c   0x0800b12c   0x00000056   Code   RO         6530    i.mem_cpy           ff.o
    0x0800b182   0x0800b182   0x00000038   Code   RO         6531    i.mem_set           ff.o
    0x0800b1ba   0x0800b1ba   0x00000036   Code   RO         6532    i.move_window       ff.o
    0x0800b1f0   0x0800b1f0   0x0000003c   Code   RO         6418    i.my_mem_init       malloc.o
    0x0800b22c   0x0800b22c   0x000000cc   Code   RO         6419    i.my_mem_malloc     malloc.o
    0x0800b2f8   0x0800b2f8   0x00000040   Code   RO         6420    i.my_mem_perused    malloc.o
    0x0800b338   0x0800b338   0x00000080   Code   RO         6421    i.myfree            malloc.o
    0x0800b3b8   0x0800b3b8   0x00000024   Code   RO         6422    i.mymalloc          malloc.o
    0x0800b3dc   0x0800b3dc   0x00000026   Code   RO         6424    i.mymemset          malloc.o
    0x0800b402   0x0800b402   0x00000002   PAD
    0x0800b404   0x0800b404   0x00000168   Code   RO           10    i.ov2640_jpg_photo  main.o
    0x0800b56c   0x0800b56c   0x00000008   Code   RO         7353    i.pic_memalloc      piclib.o
    0x0800b574   0x0800b574   0x00000008   Code   RO         7354    i.pic_memfree       piclib.o
    0x0800b57c   0x0800b57c   0x00000138   Code   RO         6533    i.put_fat           ff.o
    0x0800b6b4   0x0800b6b4   0x00000004   Code   RO         6227    i.read_addr         usmart.o
    0x0800b6b8   0x0800b6b8   0x00000152   Code   RO         6535    i.remove_chain      ff.o
    0x0800b80a   0x0800b80a   0x00000038   Code   RO         6536    i.st_qword          ff.o
    0x0800b842   0x0800b842   0x0000009a   Code   RO         6537    i.store_xdir        ff.o
    0x0800b8dc   0x0800b8dc   0x000000b6   Code   RO         6538    i.sync_fs           ff.o
    0x0800b992   0x0800b992   0x00000054   Code   RO         6539    i.sync_window       ff.o
    0x0800b9e6   0x0800b9e6   0x00000002   PAD
    0x0800b9e8   0x0800b9e8   0x00000030   Code   RO         4703    i.uart1_init        usart.o
    0x0800ba18   0x0800ba18   0x000000b0   Code   RO         6228    i.usmart_cmd_rec    usmart.o
    0x0800bac8   0x0800bac8   0x000002e4   Code   RO         6229    i.usmart_exe        usmart.o
    0x0800bdac   0x0800bdac   0x000000b6   Code   RO         6312    i.usmart_get_aparm  usmart_str.o
    0x0800be62   0x0800be62   0x00000002   PAD
    0x0800be64   0x0800be64   0x0000004a   Code   RO         6313    i.usmart_get_cmdname  usmart_str.o
    0x0800beae   0x0800beae   0x00000002   PAD
    0x0800beb0   0x0800beb0   0x000001b8   Code   RO         6314    i.usmart_get_fname  usmart_str.o
    0x0800c068   0x0800c068   0x00000310   Code   RO         6315    i.usmart_get_fparam  usmart_str.o
    0x0800c378   0x0800c378   0x00000058   Code   RO         6316    i.usmart_get_parmpos  usmart_str.o
    0x0800c3d0   0x0800c3d0   0x0000006c   Code   RO         6231    i.usmart_init       usmart.o
    0x0800c43c   0x0800c43c   0x000000ac   Code   RO         6233    i.usmart_scan       usmart.o
    0x0800c4e8   0x0800c4e8   0x00000116   Code   RO         6319    i.usmart_str2num    usmart_str.o
    0x0800c5fe   0x0800c5fe   0x0000001a   Code   RO         6320    i.usmart_strcmp     usmart_str.o
    0x0800c618   0x0800c618   0x0000069c   Code   RO         6234    i.usmart_sys_cmd_exe  usmart.o
    0x0800ccb4   0x0800ccb4   0x00000036   Code   RO         6540    i.validate          ff.o
    0x0800ccea   0x0800ccea   0x00000004   Code   RO         6235    i.write_addr        usmart.o
    0x0800ccee   0x0800ccee   0x00000010   Data   RO          507    .constdata          system_stm32f7xx.o
    0x0800ccfe   0x0800ccfe   0x00000008   Data   RO          508    .constdata          system_stm32f7xx.o
    0x0800cd06   0x0800cd06   0x00000008   Data   RO          972    .constdata          stm32f7xx_hal_dma.o
    0x0800cd0e   0x0800cd0e   0x00004740   Data   RO         4908    .constdata          lcd.o
    0x0801144e   0x0801144e   0x000001c6   Data   RO         6045    .constdata          ov2640.o
    0x08011614   0x08011614   0x00000024   Data   RO         6432    .constdata          malloc.o
    0x08011638   0x08011638   0x0000004a   Data   RO         6542    .constdata          ff.o
    0x08011682   0x08011682   0x000003c0   Data   RO         7075    .constdata          mycc936.o
    0x08011a42   0x08011a42   0x00000002   PAD
    0x08011a44   0x08011a44   0x00000028   Data   RO         6237    .conststring        usmart.o
    0x08011a6c   0x08011a6c   0x00000329   Data   RO         6391    .conststring        usmart_config.o
    0x08011d95   0x08011d95   0x00000003   PAD
    0x08011d98   0x08011d98   0x00000020   Data   RO         7838    Region$$Table       anon$$obj.o


    Execution Region RW_IRAM1 (Exec base: 0x20020000, Load base: 0x08011db8, Size: 0x0005d898, Max: 0x00060000, ABSOLUTE, COMPRESSED[0x000000e4])

    Exec Addr    Load Addr    Size         Type   Attr      Idx    E Section Name        Object

    0x20020000   COMPRESSED   0x00000018   Data   RW           15    .data               main.o
    0x20020018   COMPRESSED   0x00000004   Data   RW          509    .data               system_stm32f7xx.o
    0x2002001c   COMPRESSED   0x00000004   Data   RW          696    .data               stm32f7xx_hal.o
    0x20020020   COMPRESSED   0x00000004   Data   RW         4614    .data               delay.o
    0x20020024   COMPRESSED   0x00000002   Data   RW         4705    .data               usart.o
    0x20020026   COMPRESSED   0x00000002   PAD
    0x20020028   COMPRESSED   0x00000004   Data   RW         4706    .data               usart.o
    0x2002002c   COMPRESSED   0x00000001   Data   RW         4786    .data               key.o
    0x2002002d   COMPRESSED   0x00000003   PAD
    0x20020030   COMPRESSED   0x00000008   Data   RW         4909    .data               lcd.o
    0x20020038   COMPRESSED   0x00000008   Data   RW         5115    .data               ltdc.o
    0x20020040   COMPRESSED   0x00000004   Data   RW         5221    .data               ftl.o
    0x20020044   COMPRESSED   0x00000004   Data   RW         5593    .data               w25qxx.o
    0x20020048   COMPRESSED   0x00000008   Data   RW         5752    .data               dcmi.o
    0x20020050   COMPRESSED   0x0000001c   Data   RW         6238    .data               usmart.o
    0x2002006c   COMPRESSED   0x000000a0   Data   RW         6392    .data               usmart_config.o
    0x2002010c   COMPRESSED   0x000000f4   Data   RW         6393    .data               usmart_config.o
    0x20020200   COMPRESSED   0x00000024   Data   RW         6433    .data               malloc.o
    0x20020224   COMPRESSED   0x00000002   Data   RW         6543    .data               ff.o
    0x20020226   COMPRESSED   0x00000002   PAD
    0x20020228   COMPRESSED   0x0000000c   Data   RW         6850    .data               exfuns.o
    0x20020234   COMPRESSED   0x00000004   Data   RW         6852    .data               exfuns.o
    0x20020238        -       0x0000c000   Zero   RW           14    .bss                main.o
    0x2002c238        -       0x00000138   Zero   RW         4704    .bss                usart.o
    0x2002c370        -       0x0000005a   Zero   RW         4907    .bss                lcd.o
    0x2002c3ca   COMPRESSED   0x00000002   PAD
    0x2002c3cc        -       0x000000c8   Zero   RW         5113    .bss                ltdc.o
    0x2002c494        -       0x00000094   Zero   RW         5333    .bss                nand.o
    0x2002c528        -       0x000002b8   Zero   RW         5526    .bss                sdmmc_sdcard.o
    0x2002c7e0        -       0x00001000   Zero   RW         5592    .bss                w25qxx.o
    0x2002d7e0        -       0x00000044   Zero   RW         5692    .bss                qspi.o
    0x2002d824        -       0x000000b0   Zero   RW         5751    .bss                dcmi.o
    0x2002d8d4        -       0x0000003c   Zero   RW         5941    .bss                timer.o
    0x2002d910        -       0x0000003c   Zero   RW         6236    .bss                usmart.o
    0x2002d94c   COMPRESSED   0x00000014   PAD
    0x2002d960        -       0x0004b000   Zero   RW         6430    .bss                malloc.o
    0x20078960        -       0x00004b00   Zero   RW         6431    .bss                malloc.o
    0x2007d460        -       0x0000000c   Zero   RW         6541    .bss                ff.o
    0x2007d46c        -       0x00000029   Zero   RW         7149    .bss                fontupd.o
    0x2007d495   COMPRESSED   0x00000003   PAD
    0x2007d498        -       0x00000400   Zero   RW          661    STACK               startup_stm32f767xx.o



  Load Region LR$$.ARM.__AT_0x20000000 (Base: 0x20000000, Size: 0x00000000, Max: 0x0000f000, ABSOLUTE)

    Execution Region ER$$.ARM.__AT_0x20000000 (Exec base: 0x20000000, Load base: 0x20000000, Size: 0x0000f000, Max: 0x0000f000, ABSOLUTE, UNINIT)

    Exec Addr    Load Addr    Size         Type   Attr      Idx    E Section Name        Object

    0x20000000        -       0x0000f000   Zero   RW         6426    .ARM.__AT_0x20000000  malloc.o



  Load Region LR$$.ARM.__AT_0x2000F000 (Base: 0x2000f000, Size: 0x00000000, Max: 0x00000f00, ABSOLUTE)

    Execution Region ER$$.ARM.__AT_0x2000F000 (Exec base: 0x2000f000, Load base: 0x2000f000, Size: 0x00000f00, Max: 0x00000f00, ABSOLUTE, UNINIT)

    Exec Addr    Load Addr    Size         Type   Attr      Idx    E Section Name        Object

    0x2000f000        -       0x00000f00   Zero   RW         6427    .ARM.__AT_0x2000F000  malloc.o



  Load Region LR$$.ARM.__AT_0xC0000000 (Base: 0xc0000000, Size: 0x00000000, Max: 0x001f4000, ABSOLUTE)

    Execution Region ER$$.ARM.__AT_0xC0000000 (Exec base: 0xc0000000, Load base: 0xc0000000, Size: 0x001f4000, Max: 0x001f4000, ABSOLUTE, UNINIT)

    Exec Addr    Load Addr    Size         Type   Attr      Idx    E Section Name        Object

    0xc0000000        -       0x001f4000   Zero   RW         5112    .ARM.__AT_0xC0000000  ltdc.o



  Load Region LR$$.ARM.__AT_0xC01F4000 (Base: 0xc01f4000, Size: 0x00000000, Max: 0x01c3c000, ABSOLUTE)

    Execution Region ER$$.ARM.__AT_0xC01F4000 (Exec base: 0xc01f4000, Load base: 0xc01f4000, Size: 0x01c3c000, Max: 0x01c3c000, ABSOLUTE, UNINIT)

    Exec Addr    Load Addr    Size         Type   Attr      Idx    E Section Name        Object

    0xc01f4000        -       0x01c3c000   Zero   RW         6428    .ARM.__AT_0xC01F4000  malloc.o



  Load Region LR$$.ARM.__AT_0xC1E30000 (Base: 0xc1e30000, Size: 0x00000000, Max: 0x001c3c00, ABSOLUTE)

    Execution Region ER$$.ARM.__AT_0xC1E30000 (Exec base: 0xc1e30000, Load base: 0xc1e30000, Size: 0x001c3c00, Max: 0x001c3c00, ABSOLUTE, UNINIT)

    Exec Addr    Load Addr    Size         Type   Attr      Idx    E Section Name        Object

    0xc1e30000        -       0x001c3c00   Zero   RW         6429    .ARM.__AT_0xC1E30000  malloc.o


==============================================================================

Image component sizes


      Code (inc. data)   RO Data    RW Data    ZI Data      Debug   Object Name

       456         10          0          0          0       2029   bmp.o
       960        148          0          8        176       7035   dcmi.o
       148         14          0          4          0       2575   delay.o
       468         10          0          0          0       5763   diskio.o
         0          0          0         16          0       1583   exfuns.o
      9992         74         74          2         12      55254   ff.o
         0          0          0          0         41       1559   fontupd.o
      2200        270          0          4          0      10307   ftl.o
       236         18          0          1          0        811   key.o
      2856         90      18240          8         90      20547   lcd.o
       364         36          0          8    2048200       5283   ltdc.o
      1978        370          0         24      49152     538201   main.o
       530         52         36         36   31847936       6681   malloc.o
       324         66          0          0          0      33588   mpu.o
       176         16        960          0          0       1959   mycc936.o
       684         20          0          0          0       3615   myiic.o
      3558        312          0          0        148      19195   nand.o
      1450        112        454          0          0      12174   ov2640.o
        86          0          0          0          0       1314   pcf8574.o
        16          0          0          0          0        997   piclib.o
       364         44          0          0         68       3729   qspi.o
       824         24          0          0          0       3699   sccb.o
       472         44          0          0        696       3987   sdmmc_sdcard.o
        36          8        504          0       1024        824   startup_stm32f767xx.o
       126         22          0          4          0       3771   stm32f7xx_hal.o
       314         18          0          0          0      36488   stm32f7xx_hal_cortex.o
       434         10          0          0          0       5721   stm32f7xx_hal_dcmi.o
       668         22          8          0          0       4667   stm32f7xx_hal_dma.o
       124          0          0          0          0       1653   stm32f7xx_hal_dma_ex.o
       628         20          0          0          0       3760   stm32f7xx_hal_gpio.o
        82          0          0          0          0       1371   stm32f7xx_hal_nand.o
      1418          4          0          0          0       7638   stm32f7xx_hal_qspi.o
       772         76          0          0          0       4030   stm32f7xx_hal_rcc.o
      2956         66          0          0          0       3732   stm32f7xx_hal_rcc_ex.o
      4040         10          0          0          0      18513   stm32f7xx_hal_sd.o
       666         20          0          0          0       7419   stm32f7xx_hal_tim.o
         4          0          0          0          0       1854   stm32f7xx_hal_tim_ex.o
      2278         42          0          0          0      10843   stm32f7xx_hal_uart.o
        18          0          0          0          0       3518   stm32f7xx_it.o
       132          4          0          0          0       2641   stm32f7xx_ll_fmc.o
       182          0          0          0          0       6230   stm32f7xx_ll_sdmmc.o
       316         24          0          0          0      33899   sys.o
        96         20         24          4          0       1147   system_stm32f7xx.o
       636         12          0          0          0       3913   text.o
       136         54          0          0         60       2241   timer.o
       316         40          0          6        312       4280   usart.o
      2948       1342         40         28         60       7155   usmart.o
         0          0        809        404          0       1604   usmart_config.o
      1882         22          0          0          0      10983   usmart_str.o
       932         24          0          4       4096       6606   w25qxx.o

    ----------------------------------------------------------------------
     50330       3590      21186        568   33952096     938386   Object Totals
         0          0         32          0          0          0   (incl. Generated)
        48          0          5          7         25          0   (incl. Padding)

    ----------------------------------------------------------------------

      Code (inc. data)   RO Data    RW Data    ZI Data      Debug   Library Member Name

        86          0          0          0          0          0   __dczerorl2.o
         0          0          0          0          0          0   entry.o
         0          0          0          0          0          0   entry10a.o
         0          0          0          0          0          0   entry11a.o
         4          0          0          0          0          0   entry12b.o
         8          4          0          0          0          0   entry2.o
         4          0          0          0          0          0   entry5.o
         0          0          0          0          0          0   entry7b.o
         0          0          0          0          0          0   entry8b.o
         8          4          0          0          0          0   entry9a.o
        30          0          0          0          0          0   handlers.o
        36          8          0          0          0         68   init.o
        30          0          0          0          0         68   llshl.o
        32          0          0          0          0         68   llushr.o
        64          0          0          0          0         76   memmovea.o
        36          0          0          0          0        108   memseta.o
      1192         60          0          0          0        504   printf8.o
        98          0          0          0          0         92   uldiv.o

    ----------------------------------------------------------------------
      1628         76          0          0          0        984   Library Totals
         0          0          0          0          0          0   (incl. Padding)

    ----------------------------------------------------------------------

      Code (inc. data)   RO Data    RW Data    ZI Data      Debug   Library Name

      1628         76          0          0          0        984   mc_w.l

    ----------------------------------------------------------------------
      1628         76          0          0          0        984   Library Totals

    ----------------------------------------------------------------------

==============================================================================


      Code (inc. data)   RO Data    RW Data    ZI Data      Debug   

     51958       3666      21186        568   33952096     914086   Grand Totals
     51958       3666      21186        228   33952096     914086   ELF Image Totals (compressed)
     51958       3666      21186        228          0          0   ROM Totals

==============================================================================

    Total RO  Size (Code + RO Data)                73144 (  71.43kB)
    Total RW  Size (RW Data + ZI Data)          33952664 (33156.90kB)
    Total ROM Size (Code + RO Data + RW Data)      73372 (  71.65kB)

==============================================================================

