Component: ARM Compiler 5.06 update 7 (build 960) Tool: armlink [4d3601]

==============================================================================

Section Cross References

    main.o(i.jpeg_data_process) refers to printf8.o(i.__0printf$8) for __2printf
    main.o(i.jpeg_data_process) refers to dcmi.o(i.DCMI_Stop) for DCMI_Stop
    main.o(i.jpeg_data_process) refers to main.o(.data) for .data
    main.o(i.jpeg_data_process) refers to dcmi.o(.bss) for DMADMCI_Handler
    main.o(i.jpeg_dcmi_rx_callback) refers to printf8.o(i.__0printf$8) for __2printf
    main.o(i.jpeg_dcmi_rx_callback) refers to memmovea.o(.text) for __aeabi_memmove4
    main.o(i.jpeg_dcmi_rx_callback) refers to main.o(.data) for .data
    main.o(i.jpeg_dcmi_rx_callback) refers to dcmi.o(.bss) for DMADMCI_Handler
    main.o(i.main) refers to sys.o(i.Cache_Enable) for Cache_Enable
    main.o(i.main) refers to stm32f7xx_hal.o(i.HAL_Init) for HAL_Init
    main.o(i.main) refers to sys.o(i.SystemClock_Config) for SystemClock_Config
    main.o(i.main) refers to delay.o(i.delay_init) for delay_init
    main.o(i.main) refers to usart.o(i.uart1_init) for uart1_init
    main.o(i.main) refers to printf8.o(i.__0printf$8) for __2printf
    main.o(i.main) refers to ov2640.o(i.OV2640_Init) for OV2640_Init
    main.o(i.main) refers to ov2640.o(i.OV2640_JPEG_Mode) for OV2640_JPEG_Mode
    main.o(i.main) refers to ov2640.o(i.OV2640_Light_Mode) for OV2640_Light_Mode
    main.o(i.main) refers to ov2640.o(i.OV2640_Color_Saturation) for OV2640_Color_Saturation
    main.o(i.main) refers to ov2640.o(i.OV2640_Brightness) for OV2640_Brightness
    main.o(i.main) refers to ov2640.o(i.OV2640_Contrast) for OV2640_Contrast
    main.o(i.main) refers to dcmi.o(i.DCMI_Init) for DCMI_Init
    main.o(i.main) refers to main.o(i.ov2640_jpg_photo) for ov2640_jpg_photo
    main.o(i.main) refers to main.o(.data) for .data
    main.o(i.main) refers to main.o(.bss) for .bss
    main.o(i.ov2640_jpg_photo) refers to ov2640.o(i.OV2640_JPEG_Mode) for OV2640_JPEG_Mode
    main.o(i.ov2640_jpg_photo) refers to ov2640.o(i.OV2640_ImageWin_Set) for OV2640_ImageWin_Set
    main.o(i.ov2640_jpg_photo) refers to printf8.o(i.__0printf$8) for __2printf
    main.o(i.ov2640_jpg_photo) refers to ov2640.o(i.OV2640_OutSize_Set) for OV2640_OutSize_Set
    main.o(i.ov2640_jpg_photo) refers to dcmi.o(i.DCMI_DMA_Init) for DCMI_DMA_Init
    main.o(i.ov2640_jpg_photo) refers to dcmi.o(i.DCMI_Start) for DCMI_Start
    main.o(i.ov2640_jpg_photo) refers to dcmi.o(i.DCMI_Stop) for DCMI_Stop
    main.o(i.ov2640_jpg_photo) refers to main.o(.data) for .data
    main.o(i.ov2640_jpg_photo) refers to main.o(i.jpeg_dcmi_rx_callback) for jpeg_dcmi_rx_callback
    main.o(i.ov2640_jpg_photo) refers to dcmi.o(.data) for dcmi_rx_callback
    main.o(i.sw_ov2640_mode) refers to ov2640.o(i.OV2640_PWDN_Set) for OV2640_PWDN_Set
    main.o(i.sw_ov2640_mode) refers to stm32f7xx_hal_gpio.o(i.HAL_GPIO_Init) for HAL_GPIO_Init
    main.o(i.sw_sdcard_mode) refers to ov2640.o(i.OV2640_PWDN_Set) for OV2640_PWDN_Set
    main.o(i.sw_sdcard_mode) refers to stm32f7xx_hal_gpio.o(i.HAL_GPIO_Init) for HAL_GPIO_Init
    stm32f7xx_it.o(i.SysTick_Handler) refers to stm32f7xx_hal.o(i.HAL_IncTick) for HAL_IncTick
    system_stm32f7xx.o(i.SystemCoreClockUpdate) refers to system_stm32f7xx.o(.data) for .data
    system_stm32f7xx.o(i.SystemCoreClockUpdate) refers to system_stm32f7xx.o(.constdata) for .constdata
    startup_stm32f767xx.o(RESET) refers to startup_stm32f767xx.o(STACK) for __initial_sp
    startup_stm32f767xx.o(RESET) refers to startup_stm32f767xx.o(.text) for Reset_Handler
    startup_stm32f767xx.o(RESET) refers to stm32f7xx_it.o(i.NMI_Handler) for NMI_Handler
    startup_stm32f767xx.o(RESET) refers to stm32f7xx_it.o(i.HardFault_Handler) for HardFault_Handler
    startup_stm32f767xx.o(RESET) refers to stm32f7xx_it.o(i.BusFault_Handler) for BusFault_Handler
    startup_stm32f767xx.o(RESET) refers to stm32f7xx_it.o(i.UsageFault_Handler) for UsageFault_Handler
    startup_stm32f767xx.o(RESET) refers to stm32f7xx_it.o(i.SVC_Handler) for SVC_Handler
    startup_stm32f767xx.o(RESET) refers to stm32f7xx_it.o(i.DebugMon_Handler) for DebugMon_Handler
    startup_stm32f767xx.o(RESET) refers to stm32f7xx_it.o(i.PendSV_Handler) for PendSV_Handler
    startup_stm32f767xx.o(RESET) refers to stm32f7xx_it.o(i.SysTick_Handler) for SysTick_Handler
    startup_stm32f767xx.o(RESET) refers to timer.o(i.TIM3_IRQHandler) for TIM3_IRQHandler
    startup_stm32f767xx.o(RESET) refers to usmart.o(i.TIM4_IRQHandler) for TIM4_IRQHandler
    startup_stm32f767xx.o(RESET) refers to usart.o(i.USART1_IRQHandler) for USART1_IRQHandler
    startup_stm32f767xx.o(RESET) refers to dcmi.o(i.DMA2_Stream1_IRQHandler) for DMA2_Stream1_IRQHandler
    startup_stm32f767xx.o(RESET) refers to dcmi.o(i.DCMI_IRQHandler) for DCMI_IRQHandler
    startup_stm32f767xx.o(.text) refers to system_stm32f7xx.o(i.SystemInit) for SystemInit
[...]
    ../clib/microlib/init/entry.s            0x00000000   Number         0  entry10a.o ABSOLUTE
    ../clib/microlib/init/entry.s            0x00000000   Number         0  entry11a.o ABSOLUTE
    ../clib/microlib/init/entry.s            0x00000000   Number         0  entry.o ABSOLUTE
    ../clib/microlib/init/entry.s            0x00000000   Number         0  entry5.o ABSOLUTE
    ../clib/microlib/init/entry.s            0x00000000   Number         0  entry7a.o ABSOLUTE
    ../clib/microlib/init/entry.s            0x00000000   Number         0  entry7b.o ABSOLUTE
    ../clib/microlib/init/entry.s            0x00000000   Number         0  entry8a.o ABSOLUTE
    ../clib/microlib/init/entry.s            0x00000000   Number         0  entry8b.o ABSOLUTE
    ../clib/microlib/init/entry.s            0x00000000   Number         0  entry2.o ABSOLUTE
    ../clib/microlib/longlong.c              0x00000000   Number         0  llsshr.o ABSOLUTE
    ../clib/microlib/longlong.c              0x00000000   Number         0  llushr.o ABSOLUTE
    ../clib/microlib/longlong.c              0x00000000   Number         0  llshl.o ABSOLUTE
    ../clib/microlib/printf/printf.c         0x00000000   Number         0  printf8.o ABSOLUTE
    ../clib/microlib/printf/printf.c         0x00000000   Number         0  printfa.o ABSOLUTE
    ../clib/microlib/printf/printf.c         0x00000000   Number         0  printf7.o ABSOLUTE
    ../clib/microlib/printf/printf.c         0x00000000   Number         0  printfb.o ABSOLUTE
    ../clib/microlib/printf/printf.c         0x00000000   Number         0  printf3.o ABSOLUTE
    ../clib/microlib/printf/printf.c         0x00000000   Number         0  printf4.o ABSOLUTE
    ../clib/microlib/printf/printf.c         0x00000000   Number         0  printf1.o ABSOLUTE
    ../clib/microlib/printf/printf.c         0x00000000   Number         0  printf5.o ABSOLUTE
    ../clib/microlib/printf/printf.c         0x00000000   Number         0  printf6.o ABSOLUTE
    ../clib/microlib/printf/printf.c         0x00000000   Number         0  printf2.o ABSOLUTE
    ../clib/microlib/printf/printf.c         0x00000000   Number         0  printf0.o ABSOLUTE
    ../clib/microlib/printf/stubs.s          0x00000000   Number         0  stubs.o ABSOLUTE
    ../clib/microlib/string/memcpy.c         0x00000000   Number         0  memmovea.o ABSOLUTE
    ../clib/microlib/string/memcpy.c         0x00000000   Number         0  memmoveb.o ABSOLUTE
    ../clib/microlib/string/memset.c         0x00000000   Number         0  memseta.o ABSOLUTE
    ../clib/microlib/stubs.s                 0x00000000   Number         0  useno.o ABSOLUTE
    ../clib/microlib/stubs.s                 0x00000000   Number         0  iusefp.o ABSOLUTE
    ../fplib/microlib/fpadd.c                0x00000000   Number         0  dadd.o ABSOLUTE
    ../fplib/microlib/fpdiv.c                0x00000000   Number         0  ddiv.o ABSOLUTE
    ../fplib/microlib/fpepilogue.c           0x00000000   Number         0  depilogue.o ABSOLUTE
    ../fplib/microlib/fpfix.c                0x00000000   Number         0  dfixul.o ABSOLUTE
    ../fplib/microlib/fpmul.c                0x00000000   Number         0  dmul.o ABSOLUTE
    ..\CORE\startup_stm32f767xx.s            0x00000000   Number         0  startup_stm32f767xx.o ABSOLUTE
    ..\HALLIB\STM32F7xx_HAL_Driver\Src\stm32f7xx_hal.c 0x00000000   Number         0  stm32f7xx_hal.o ABSOLUTE
    ..\HALLIB\STM32F7xx_HAL_Driver\Src\stm32f7xx_hal_cortex.c 0x00000000   Number         0  stm32f7xx_hal_cortex.o ABSOLUTE
    ..\HALLIB\STM32F7xx_HAL_Driver\Src\stm32f7xx_hal_dcmi.c 0x00000000   Number         0  stm32f7xx_hal_dcmi.o ABSOLUTE
    ..\HALLIB\STM32F7xx_HAL_Driver\Src\stm32f7xx_hal_dcmi_ex.c 0x00000000   Number         0  stm32f7xx_hal_dcmi_ex.o ABSOLUTE
    ..\HALLIB\STM32F7xx_HAL_Driver\Src\stm32f7xx_hal_dma.c 0x00000000   Number         0  stm32f7xx_hal_dma.o ABSOLUTE
    ..\HALLIB\STM32F7xx_HAL_Driver\Src\stm32f7xx_hal_dma2d.c 0x00000000   Number         0  stm32f7xx_hal_dma2d.o ABSOLUTE
    ..\HALLIB\STM32F7xx_HAL_Driver\Src\stm32f7xx_hal_dma_ex.c 0x00000000   Number         0  stm32f7xx_hal_dma_ex.o ABSOLUTE
    ..\HALLIB\STM32F7xx_HAL_Driver\Src\stm32f7xx_hal_gpio.c 0x00000000   Number         0  stm32f7xx_hal_gpio.o ABSOLUTE
    ..\HALLIB\STM32F7xx_HAL_Driver\Src\stm32f7xx_hal_ltdc.c 0x00000000   Number         0  stm32f7xx_hal_ltdc.o ABSOLUTE
    ..\HALLIB\STM32F7xx_HAL_Driver\Src\stm32f7xx_hal_ltdc_ex.c 0x00000000   Number         0  stm32f7xx_hal_ltdc_ex.o ABSOLUTE
    ..\HALLIB\STM32F7xx_HAL_Driver\Src\stm32f7xx_hal_nand.c 0x00000000   Number         0  stm32f7xx_hal_nand.o ABSOLUTE
    ..\HALLIB\STM32F7xx_HAL_Driver\Src\stm32f7xx_hal_pwr.c 0x00000000   Number         0  stm32f7xx_hal_pwr.o ABSOLUTE
    ..\HALLIB\STM32F7xx_HAL_Driver\Src\stm32f7xx_hal_pwr_ex.c 0x00000000   Number         0  stm32f7xx_hal_pwr_ex.o ABSOLUTE
    ..\HALLIB\STM32F7xx_HAL_Driver\Src\stm32f7xx_hal_qspi.c 0x00000000   Number         0  stm32f7xx_hal_qspi.o ABSOLUTE
    ..\HALLIB\STM32F7xx_HAL_Driver\Src\stm32f7xx_hal_rcc.c 0x00000000   Number         0  stm32f7xx_hal_rcc.o ABSOLUTE
    ..\HALLIB\STM32F7xx_HAL_Driver\Src\stm32f7xx_hal_rcc_ex.c 0x00000000   Number         0  stm32f7xx_hal_rcc_ex.o ABSOLUTE
    ..\HALLIB\STM32F7xx_HAL_Driver\Src\stm32f7xx_hal_sd.c 0x00000000   Number         0  stm32f7xx_hal_sd.o ABSOLUTE
    ..\HALLIB\STM32F7xx_HAL_Driver\Src\stm32f7xx_hal_sdram.c 0x00000000   Number         0  stm32f7xx_hal_sdram.o ABSOLUTE
    ..\HALLIB\STM32F7xx_HAL_Driver\Src\stm32f7xx_hal_sram.c 0x00000000   Number         0  stm32f7xx_hal_sram.o ABSOLUTE
    ..\HALLIB\STM32F7xx_HAL_Driver\Src\stm32f7xx_hal_tim.c 0x00000000   Number         0  stm32f7xx_hal_tim.o ABSOLUTE
    ..\HALLIB\STM32F7xx_HAL_Driver\Src\stm32f7xx_hal_tim_ex.c 0x00000000   Number         0  stm32f7xx_hal_tim_ex.o ABSOLUTE
    ..\HALLIB\STM32F7xx_HAL_Driver\Src\stm32f7xx_hal_uart.c 0x00000000   Number         0  stm32f7xx_hal_uart.o ABSOLUTE
    ..\HALLIB\STM32F7xx_HAL_Driver\Src\stm32f7xx_hal_usart.c 0x00000000   Number         0  stm32f7xx_hal_usart.o ABSOLUTE
    ..\HALLIB\STM32F7xx_HAL_Driver\Src\stm32f7xx_ll_fmc.c 0x00000000   Number         0  stm32f7xx_ll_fmc.o ABSOLUTE
    ..\HALLIB\STM32F7xx_HAL_Driver\Src\stm32f7xx_ll_sdmmc.c 0x00000000   Number         0  stm32f7xx_ll_sdmmc.o ABSOLUTE
    ..\HARDWARE\DCMI\dcmi.c                  0x00000000   Number         0  dcmi.o ABSOLUTE
    ..\HARDWARE\KEY\key.c                    0x00000000   Number         0  key.o ABSOLUTE
    ..\HARDWARE\LED\led.c                    0x00000000   Number         0  led.o ABSOLUTE
    ..\HARDWARE\OV2640\ov2640.c              0x00000000   Number         0  ov2640.o ABSOLUTE
    ..\HARDWARE\OV2640\sccb.c                0x00000000   Number         0  sccb.o ABSOLUTE
    ..\HARDWARE\TIMER\timer.c                0x00000000   Number         0  timer.o ABSOLUTE
    ..\SYSTEM\delay\delay.c                  0x00000000   Number         0  delay.o ABSOLUTE
    ..\SYSTEM\sys\sys.c                      0x00000000   Number         0  sys.o ABSOLUTE
    ..\SYSTEM\usart\usart.c                  0x00000000   Number         0  usart.o ABSOLUTE
    ..\USMART\usmart.c                       0x00000000   Number         0  usmart.o ABSOLUTE
    ..\USMART\usmart_config.c                0x00000000   Number         0  usmart_config.o ABSOLUTE
    ..\USMART\usmart_str.c                   0x00000000   Number         0  usmart_str.o ABSOLUTE
    ..\\HALLIB\\STM32F7xx_HAL_Driver\\Src\\stm32f7xx_hal.c 0x00000000   Number         0  stm32f7xx_hal.o ABSOLUTE
    ..\\HALLIB\\STM32F7xx_HAL_Driver\\Src\\stm32f7xx_hal_cortex.c 0x00000000   Number         0  stm32f7xx_hal_cortex.o ABSOLUTE
    ..\\HALLIB\\STM32F7xx_HAL_Driver\\Src\\stm32f7xx_hal_dcmi.c 0x00000000   Number         0  stm32f7xx_hal_dcmi.o ABSOLUTE
    ..\\HALLIB\\STM32F7xx_HAL_Driver\\Src\\stm32f7xx_hal_dcmi_ex.c 0x00000000   Number         0  stm32f7xx_hal_dcmi_ex.o ABSOLUTE
    ..\\HALLIB\\STM32F7xx_HAL_Driver\\Src\\stm32f7xx_hal_dma.c 0x00000000   Number         0  stm32f7xx_hal_dma.o ABSOLUTE
    ..\\HALLIB\\STM32F7xx_HAL_Driver\\Src\\stm32f7xx_hal_dma2d.c 0x00000000   Number         0  stm32f7xx_hal_dma2d.o ABSOLUTE
    ..\\HALLIB\\STM32F7xx_HAL_Driver\\Src\\stm32f7xx_hal_dma_ex.c 0x00000000   Number         0  stm32f7xx_hal_dma_ex.o ABSOLUTE
    ..\\HALLIB\\STM32F7xx_HAL_Driver\\Src\\stm32f7xx_hal_gpio.c 0x00000000   Number         0  stm32f7xx_hal_gpio.o ABSOLUTE
    ..\\HALLIB\\STM32F7xx_HAL_Driver\\Src\\stm32f7xx_hal_ltdc.c 0x00000000   Number         0  stm32f7xx_hal_ltdc.o ABSOLUTE
    ..\\HALLIB\\STM32F7xx_HAL_Driver\\Src\\stm32f7xx_hal_ltdc_ex.c 0x00000000   Number         0  stm32f7xx_hal_ltdc_ex.o ABSOLUTE
    ..\\HALLIB\\STM32F7xx_HAL_Driver\\Src\\stm32f7xx_hal_nand.c 0x00000000   Number         0  stm32f7xx_hal_nand.o ABSOLUTE
    ..\\HALLIB\\STM32F7xx_HAL_Driver\\Src\\stm32f7xx_hal_pwr.c 0x00000000   Number         0  stm32f7xx_hal_pwr.o ABSOLUTE
    ..\\HALLIB\\STM32F7xx_HAL_Driver\\Src\\stm32f7xx_hal_pwr_ex.c 0x00000000   Number         0  stm32f7xx_hal_pwr_ex.o ABSOLUTE
    ..\\HALLIB\\STM32F7xx_HAL_Driver\\Src\\stm32f7xx_hal_qspi.c 0x00000000   Number         0  stm32f7xx_hal_qspi.o ABSOLUTE
    ..\\HALLIB\\STM32F7xx_HAL_Driver\\Src\\stm32f7xx_hal_rcc.c 0x00000000   Number         0  stm32f7xx_hal_rcc.o ABSOLUTE
    ..\\HALLIB\\STM32F7xx_HAL_Driver\\Src\\stm32f7xx_hal_rcc_ex.c 0x00000000   Number         0  stm32f7xx_hal_rcc_ex.o ABSOLUTE
    ..\\HALLIB\\STM32F7xx_HAL_Driver\\Src\\stm32f7xx_hal_sd.c 0x00000000   Number         0  stm32f7xx_hal_sd.o ABSOLUTE
    ..\\HALLIB\\STM32F7xx_HAL_Driver\\Src\\stm32f7xx_hal_sdram.c 0x00000000   Number         0  stm32f7xx_hal_sdram.o ABSOLUTE
    ..\\HALLIB\\STM32F7xx_HAL_Driver\\Src\\stm32f7xx_hal_sram.c 0x00000000   Number         0  stm32f7xx_hal_sram.o ABSOLUTE
    ..\\HALLIB\\STM32F7xx_HAL_Driver\\Src\\stm32f7xx_hal_tim.c 0x00000000   Number         0  stm32f7xx_hal_tim.o ABSOLUTE
    ..\\HALLIB\\STM32F7xx_HAL_Driver\\Src\\stm32f7xx_hal_tim_ex.c 0x00000000   Number         0  stm32f7xx_hal_tim_ex.o ABSOLUTE
    ..\\HALLIB\\STM32F7xx_HAL_Driver\\Src\\stm32f7xx_hal_uart.c 0x00000000   Number         0  stm32f7xx_hal_uart.o ABSOLUTE
    ..\\HALLIB\\STM32F7xx_HAL_Driver\\Src\\stm32f7xx_hal_usart.c 0x00000000   Number         0  stm32f7xx_hal_usart.o ABSOLUTE
    ..\\HALLIB\\STM32F7xx_HAL_Driver\\Src\\stm32f7xx_ll_fmc.c 0x00000000   Number         0  stm32f7xx_ll_fmc.o ABSOLUTE
    ..\\HALLIB\\STM32F7xx_HAL_Driver\\Src\\stm32f7xx_ll_sdmmc.c 0x00000000   Number         0  stm32f7xx_ll_sdmmc.o ABSOLUTE
    ..\\HARDWARE\\DCMI\\dcmi.c               0x00000000   Number         0  dcmi.o ABSOLUTE
    ..\\HARDWARE\\KEY\\key.c                 0x00000000   Number         0  key.o ABSOLUTE
    ..\\HARDWARE\\LED\\led.c                 0x00000000   Number         0  led.o ABSOLUTE
    ..\\HARDWARE\\OV2640\\ov2640.c           0x00000000   Number         0  ov2640.o ABSOLUTE
    ..\\HARDWARE\\OV2640\\sccb.c             0x00000000   Number         0  sccb.o ABSOLUTE
    ..\\HARDWARE\\TIMER\\timer.c             0x00000000   Number         0  timer.o ABSOLUTE
    ..\\SYSTEM\\delay\\delay.c               0x00000000   Number         0  delay.o ABSOLUTE
    ..\\SYSTEM\\sys\\sys.c                   0x00000000   Number         0  sys.o ABSOLUTE
    ..\\SYSTEM\\usart\\usart.c               0x00000000   Number         0  usart.o ABSOLUTE
    ..\\USMART\\usmart.c                     0x00000000   Number         0  usmart.o ABSOLUTE
    ..\\USMART\\usmart_config.c              0x00000000   Number         0  usmart_config.o ABSOLUTE
    ..\\USMART\\usmart_str.c                 0x00000000   Number         0  usmart_str.o ABSOLUTE
    cdrcmple.s                               0x00000000   Number         0  cdrcmple.o ABSOLUTE
    dc.s                                     0x00000000   Number         0  dc.o ABSOLUTE
    handlers.s                               0x00000000   Number         0  handlers.o ABSOLUTE
    init.s                                   0x00000000   Number         0  init.o ABSOLUTE
    main.c                                   0x00000000   Number         0  main.o ABSOLUTE
    main.c                                   0x00000000   Number         0  main.o ABSOLUTE
    stm32f7xx_it.c                           0x00000000   Number         0  stm32f7xx_it.o ABSOLUTE
    stm32f7xx_it.c                           0x00000000   Number         0  stm32f7xx_it.o ABSOLUTE
    system_stm32f7xx.c                       0x00000000   Number         0  system_stm32f7xx.o ABSOLUTE
    system_stm32f7xx.c                       0x00000000   Number         0  system_stm32f7xx.o ABSOLUTE
    RESET                                    0x08000000   Section      504  startup_stm32f767xx.o(RESET)
    .ARM.Collect$$$$00000000                 0x080001f8   Section        0  entry.o(.ARM.Collect$$$$00000000)
    .ARM.Collect$$$$00000001                 0x080001f8   Section        4  entry2.o(.ARM.Collect$$$$00000001)
    .ARM.Collect$$$$00000004                 0x080001fc   Section        4  entry5.o(.ARM.Collect$$$$00000004)
    .ARM.Collect$$$$00000008                 0x08000200   Section        0  entry7b.o(.ARM.Collect$$$$00000008)
    .ARM.Collect$$$$0000000A                 0x08000200   Section        0  entry8b.o(.ARM.Collect$$$$0000000A)
    .ARM.Collect$$$$0000000B                 0x08000200   Section        8  entry9a.o(.ARM.Collect$$$$0000000B)
    .ARM.Collect$$$$0000000E                 0x08000208   Section        4  entry12b.o(.ARM.Collect$$$$0000000E)
    .ARM.Collect$$$$0000000F                 0x0800020c   Section        0  entry10a.o(.ARM.Collect$$$$0000000F)
    .ARM.Collect$$$$00000011                 0x0800020c   Section        0  entry11a.o(.ARM.Collect$$$$00000011)
    .ARM.Collect$$$$00002712                 0x0800020c   Section        4  entry2.o(.ARM.Collect$$$$00002712)
    __lit__00000000                          0x0800020c   Data           4  entry2.o(.ARM.Collect$$$$00002712)
    .text                                    0x08000210   Section       36  startup_stm32f767xx.o(.text)
    $v0                                      0x08000210   Number         0  startup_stm32f767xx.o(.text)
    .text                                    0x08000234   Section        0  memmovea.o(.text)
    .text                                    0x08000274   Section        0  memseta.o(.text)
    .text                                    0x08000298   Section        0  uldiv.o(.text)
    .text                                    0x080002fc   Section       36  init.o(.text)
    .text                                    0x08000320   Section        0  llshl.o(.text)
    .text                                    0x0800033e   Section        0  llushr.o(.text)
    .text                                    0x0800035e   Section        0  __dczerorl2.o(.text)
    i.BusFault_Handler                       0x080003b4   Section        0  stm32f7xx_it.o(i.BusFault_Handler)
    i.Cache_Enable                           0x080003b8   Section        0  sys.o(i.Cache_Enable)
    i.DCMI_CR_Set                            0x08000434   Section        0  dcmi.o(i.DCMI_CR_Set)
    i.DCMI_DMAError                          0x08000478   Section        0  stm32f7xx_hal_dcmi.o(i.DCMI_DMAError)
    DCMI_DMAError                            0x08000479   Thumb Code    32  stm32f7xx_hal_dcmi.o(i.DCMI_DMAError)
    i.DCMI_DMA_Init                          0x08000498   Section        0  dcmi.o(i.DCMI_DMA_Init)
    i.DCMI_IRQHandler                        0x08000558   Section        0  dcmi.o(i.DCMI_IRQHandler)
    i.DCMI_Init                              0x08000564   Section        0  dcmi.o(i.DCMI_Init)
    i.DCMI_Set_Window                        0x080005b0   Section        0  dcmi.o(i.DCMI_Set_Window)
    i.DCMI_Start                             0x080005b4   Section        0  dcmi.o(i.DCMI_Start)
    i.DCMI_Stop                              0x080005d4   Section        0  dcmi.o(i.DCMI_Stop)
    i.DMA2_Stream1_IRQHandler                0x080005fc   Section        0  dcmi.o(i.DMA2_Stream1_IRQHandler)
    i.DebugMon_Handler                       0x0800068c   Section        0  stm32f7xx_it.o(i.DebugMon_Handler)
    i.HAL_DCMI_DeInit                        0x0800068e   Section        0  stm32f7xx_hal_dcmi.o(i.HAL_DCMI_DeInit)
    i.HAL_DCMI_ErrorCallback                 0x080006a4   Section        0  stm32f7xx_hal_dcmi.o(i.HAL_DCMI_ErrorCallback)
    i.HAL_DCMI_FrameEventCallback            0x080006a8   Section        0  dcmi.o(i.HAL_DCMI_FrameEventCallback)
    i.HAL_DCMI_IRQHandler                    0x080006cc   Section        0  stm32f7xx_hal_dcmi.o(i.HAL_DCMI_IRQHandler)
    i.HAL_DCMI_Init                          0x08000778   Section        0  stm32f7xx_hal_dcmi.o(i.HAL_DCMI_Init)
    i.HAL_DCMI_LineEventCallback             0x08000840   Section        0  stm32f7xx_hal_dcmi.o(i.HAL_DCMI_LineEventCallback)
    i.HAL_DCMI_MspDeInit                     0x08000842   Section        0  stm32f7xx_hal_dcmi.o(i.HAL_DCMI_MspDeInit)
    i.HAL_DCMI_MspInit                       0x08000844   Section        0  dcmi.o(i.HAL_DCMI_MspInit)
    i.HAL_DCMI_VsyncEventCallback            0x08000928   Section        0  stm32f7xx_hal_dcmi.o(i.HAL_DCMI_VsyncEventCallback)
    i.HAL_DMAEx_MultiBufferStart             0x0800092a   Section        0  stm32f7xx_hal_dma_ex.o(i.HAL_DMAEx_MultiBufferStart)
    i.HAL_DMA_Abort_IT                       0x080009a6   Section        0  stm32f7xx_hal_dma.o(i.HAL_DMA_Abort_IT)
    i.HAL_DMA_DeInit                         0x080009cc   Section        0  stm32f7xx_hal_dma.o(i.HAL_DMA_DeInit)
    i.HAL_DMA_Init                           0x08000a54   Section        0  stm32f7xx_hal_dma.o(i.HAL_DMA_Init)
    i.HAL_DMA_Start                          0x08000bd8   Section        0  stm32f7xx_hal_dma.o(i.HAL_DMA_Start)
    i.HAL_GPIO_Init                          0x08000c44   Section        0  stm32f7xx_hal_gpio.o(i.HAL_GPIO_Init)
    i.HAL_GPIO_ReadPin                       0x08000e9c   Section        0  stm32f7xx_hal_gpio.o(i.HAL_GPIO_ReadPin)
    i.HAL_GPIO_WritePin                      0x08000ea6   Section        0  stm32f7xx_hal_gpio.o(i.HAL_GPIO_WritePin)
    i.HAL_GetTick                            0x08000eb0   Section        0  stm32f7xx_hal.o(i.HAL_GetTick)
    i.HAL_IncTick                            0x08000ebc   Section        0  stm32f7xx_hal.o(i.HAL_IncTick)
    i.HAL_Init                               0x08000ecc   Section        0  stm32f7xx_hal.o(i.HAL_Init)
    i.HAL_InitTick                           0x08000ef0   Section        0  stm32f7xx_hal.o(i.HAL_InitTick)
    i.HAL_MspInit                            0x08000f18   Section        0  main.o(i.HAL_MspInit)
    i.HAL_NVIC_EnableIRQ                     0x08000f1a   Section        0  stm32f7xx_hal_cortex.o(i.HAL_NVIC_EnableIRQ)
    i.HAL_NVIC_SetPriority                   0x08000f34   Section        0  stm32f7xx_hal_cortex.o(i.HAL_NVIC_SetPriority)
    i.HAL_NVIC_SetPriorityGrouping           0x08000f94   Section        0  stm32f7xx_hal_cortex.o(i.HAL_NVIC_SetPriorityGrouping)
    i.HAL_RCCEx_PeriphCLKConfig              0x08000fb8   Section        0  stm32f7xx_hal_rcc_ex.o(i.HAL_RCCEx_PeriphCLKConfig)
    i.HAL_RCC_ClockConfig                    0x0800174c   Section        0  stm32f7xx_hal_rcc.o(i.HAL_RCC_ClockConfig)
    i.HAL_RCC_GetPCLK1Freq                   0x08001958   Section        0  stm32f7xx_hal_rcc.o(i.HAL_RCC_GetPCLK1Freq)
    i.HAL_RCC_GetPCLK2Freq                   0x08001988   Section        0  stm32f7xx_hal_rcc.o(i.HAL_RCC_GetPCLK2Freq)
    i.HAL_RCC_GetSysClockFreq                0x080019b8   Section        0  stm32f7xx_hal_rcc.o(i.HAL_RCC_GetSysClockFreq)
    i.HAL_RCC_OscConfig                      0x08001a50   Section        0  stm32f7xx_hal_rcc_ex.o(i.HAL_RCC_OscConfig)
    i.HAL_SYSTICK_CLKSourceConfig            0x08001e48   Section        0  stm32f7xx_hal_cortex.o(i.HAL_SYSTICK_CLKSourceConfig)
    i.HAL_SYSTICK_Config                     0x08001e60   Section        0  stm32f7xx_hal_cortex.o(i.HAL_SYSTICK_Config)
    i.HAL_TIMEx_BreakCallback                0x08001e88   Section        0  stm32f7xx_hal_tim_ex.o(i.HAL_TIMEx_BreakCallback)
    i.HAL_TIMEx_CommutationCallback          0x08001e8a   Section        0  stm32f7xx_hal_tim_ex.o(i.HAL_TIMEx_CommutationCallback)
    i.HAL_TIM_Base_Init                      0x08001e8c   Section        0  stm32f7xx_hal_tim.o(i.HAL_TIM_Base_Init)
    i.HAL_TIM_Base_MspInit                   0x08001ec0   Section        0  timer.o(i.HAL_TIM_Base_MspInit)
    i.HAL_TIM_Base_Start_IT                  0x08001eec   Section        0  stm32f7xx_hal_tim.o(i.HAL_TIM_Base_Start_IT)
    i.HAL_TIM_IC_CaptureCallback             0x08001f04   Section        0  stm32f7xx_hal_tim.o(i.HAL_TIM_IC_CaptureCallback)
    i.HAL_TIM_IRQHandler                     0x08001f06   Section        0  stm32f7xx_hal_tim.o(i.HAL_TIM_IRQHandler)
    i.HAL_TIM_OC_DelayElapsedCallback        0x0800208a   Section        0  stm32f7xx_hal_tim.o(i.HAL_TIM_OC_DelayElapsedCallback)
    i.HAL_TIM_PWM_PulseFinishedCallback      0x0800208c   Section        0  stm32f7xx_hal_tim.o(i.HAL_TIM_PWM_PulseFinishedCallback)
    i.HAL_TIM_PeriodElapsedCallback          0x08002090   Section        0  timer.o(i.HAL_TIM_PeriodElapsedCallback)
    i.HAL_TIM_TriggerCallback                0x080020e0   Section        0  stm32f7xx_hal_tim.o(i.HAL_TIM_TriggerCallback)
    i.HAL_UART_ErrorCallback                 0x080020e2   Section        0  stm32f7xx_hal_uart.o(i.HAL_UART_ErrorCallback)
    i.HAL_UART_IRQHandler                    0x080020e4   Section        0  stm32f7xx_hal_uart.o(i.HAL_UART_IRQHandler)
    i.HAL_UART_Init                          0x0800238c   Section        0  stm32f7xx_hal_uart.o(i.HAL_UART_Init)
    i.HAL_UART_MspInit                       0x080023fc   Section        0  usart.o(i.HAL_UART_MspInit)
    i.HAL_UART_Receive                       0x0800247c   Section        0  stm32f7xx_hal_uart.o(i.HAL_UART_Receive)
    i.HAL_UART_RxCpltCallback                0x080025c6   Section        0  stm32f7xx_hal_uart.o(i.HAL_UART_RxCpltCallback)
    i.HAL_UART_TxCpltCallback                0x080025c8   Section        0  stm32f7xx_hal_uart.o(i.HAL_UART_TxCpltCallback)
    i.HardFault_Handler                      0x080025ca   Section        0  stm32f7xx_it.o(i.HardFault_Handler)
    i.NMI_Handler                            0x080025cc   Section        0  stm32f7xx_it.o(i.NMI_Handler)
    i.OV2640_Auto_Exposure                   0x080025d0   Section        0  ov2640.o(i.OV2640_Auto_Exposure)
    i.OV2640_Brightness                      0x080025f8   Section        0  ov2640.o(i.OV2640_Brightness)
    i.OV2640_Color_Bar                       0x08002632   Section        0  ov2640.o(i.OV2640_Color_Bar)
    i.OV2640_Color_Saturation                0x0800265a   Section        0  ov2640.o(i.OV2640_Color_Saturation)
    i.OV2640_Contrast                        0x0800269a   Section        0  ov2640.o(i.OV2640_Contrast)
    i.OV2640_ImageSize_Set                   0x0800270c   Section        0  ov2640.o(i.OV2640_ImageSize_Set)
    i.OV2640_ImageWin_Set                    0x0800275a   Section        0  ov2640.o(i.OV2640_ImageWin_Set)
    i.OV2640_Init                            0x080027ec   Section        0  ov2640.o(i.OV2640_Init)
    i.OV2640_JPEG_Mode                       0x0800295c   Section        0  ov2640.o(i.OV2640_JPEG_Mode)
    i.OV2640_Light_Mode                      0x0800299c   Section        0  ov2640.o(i.OV2640_Light_Mode)
    i.OV2640_OutSize_Set                     0x08002a0c   Section        0  ov2640.o(i.OV2640_OutSize_Set)
    i.OV2640_RGB565_Mode                     0x08002a64   Section        0  ov2640.o(i.OV2640_RGB565_Mode)
    i.OV2640_Special_Effects                 0x08002a88   Section        0  ov2640.o(i.OV2640_Special_Effects)
    i.OV2640_Window_Set                      0x08002af8   Section        0  ov2640.o(i.OV2640_Window_Set)
    i.PendSV_Handler                         0x08002b74   Section        0  stm32f7xx_it.o(i.PendSV_Handler)
    i.SCCB_Init                              0x08002b78   Section        0  sccb.o(i.SCCB_Init)
    i.SCCB_RD_Reg                            0x08002bc4   Section        0  sccb.o(i.SCCB_RD_Reg)
    i.SCCB_WR_Byte                           0x08002d60   Section        0  sccb.o(i.SCCB_WR_Byte)
    i.SCCB_WR_Reg                            0x08002e04   Section        0  sccb.o(i.SCCB_WR_Reg)
    i.SVC_Handler                            0x08002eb0   Section        0  stm32f7xx_it.o(i.SVC_Handler)
    i.SysTick_Handler                        0x08002eb2   Section        0  stm32f7xx_it.o(i.SysTick_Handler)
    i.SystemClock_Config                     0x08002eb8   Section        0  sys.o(i.SystemClock_Config)
    i.SystemInit                             0x08002f68   Section        0  system_stm32f7xx.o(i.SystemInit)
    i.TIM3_IRQHandler                        0x08002fc8   Section        0  timer.o(i.TIM3_IRQHandler)
    i.TIM4_IRQHandler                        0x08002fd4   Section        0  usmart.o(i.TIM4_IRQHandler)
    i.TIM_Base_SetConfig                     0x08003008   Section        0  stm32f7xx_hal_tim.o(i.TIM_Base_SetConfig)
    i.UART_AdvFeatureConfig                  0x080030cc   Section        0  stm32f7xx_hal_uart.o(i.UART_AdvFeatureConfig)
    i.UART_CheckIdleState                    0x080031a6   Section        0  stm32f7xx_hal_uart.o(i.UART_CheckIdleState)
    i.UART_DMAAbortOnError                   0x08003206   Section        0  stm32f7xx_hal_uart.o(i.UART_DMAAbortOnError)
    UART_DMAAbortOnError                     0x08003207   Thumb Code    20  stm32f7xx_hal_uart.o(i.UART_DMAAbortOnError)
    i.UART_SetConfig                         0x0800321c   Section        0  stm32f7xx_hal_uart.o(i.UART_SetConfig)
    i.UART_WaitOnFlagUntilTimeout            0x080034d8   Section        0  stm32f7xx_hal_uart.o(i.UART_WaitOnFlagUntilTimeout)
    i.USART1_IRQHandler                      0x08003550   Section        0  usart.o(i.USART1_IRQHandler)
    i.UsageFault_Handler                     0x080035c8   Section        0  stm32f7xx_it.o(i.UsageFault_Handler)
    i.__0printf$8                            0x080035cc   Section        0  printf8.o(i.__0printf$8)
    i.__ARM_common_memclr4_10                0x080035ec   Section        0  usmart_str.o(i.__ARM_common_memclr4_10)
    i.__scatterload_copy                     0x080035f6   Section       14  handlers.o(i.__scatterload_copy)
    i.__scatterload_null                     0x08003604   Section        2  handlers.o(i.__scatterload_null)
    i.__scatterload_zeroinit                 0x08003606   Section       14  handlers.o(i.__scatterload_zeroinit)
    i._printf_core                           0x08003614   Section        0  printf8.o(i._printf_core)
    _printf_core                             0x08003615   Thumb Code   984  printf8.o(i._printf_core)
    i._printf_post_padding                   0x08003a18   Section        0  printf8.o(i._printf_post_padding)
    _printf_post_padding                     0x08003a19   Thumb Code    36  printf8.o(i._printf_post_padding)
    i._printf_pre_padding                    0x08003a3c   Section        0  printf8.o(i._printf_pre_padding)
    _printf_pre_padding                      0x08003a3d   Thumb Code    46  printf8.o(i._printf_pre_padding)
    i.delay_init                             0x08003a6c   Section        0  delay.o(i.delay_init)
    i.delay_ms                               0x08003a80   Section        0  delay.o(i.delay_ms)
    i.delay_us                               0x08003ac8   Section        0  delay.o(i.delay_us)
    i.fputc                                  0x08003b00   Section        0  usart.o(i.fputc)
    i.jpeg_data_process                      0x08003b14   Section        0  main.o(i.jpeg_data_process)
    i.jpeg_dcmi_rx_callback                  0x08003c34   Section        0  main.o(i.jpeg_dcmi_rx_callback)
    i.main                                   0x08003d64   Section        0  main.o(i.main)
    i.ov2640_jpg_photo                       0x08003e3c   Section        0  main.o(i.ov2640_jpg_photo)
    i.read_addr                              0x08003fa0   Section        0  usmart.o(i.read_addr)
    i.uart1_init                             0x08003fa4   Section        0  usart.o(i.uart1_init)
    i.usmart_cmd_rec                         0x08003fd4   Section        0  usmart.o(i.usmart_cmd_rec)
    i.usmart_exe                             0x08004084   Section        0  usmart.o(i.usmart_exe)
    i.usmart_get_aparm                       0x08004368   Section        0  usmart_str.o(i.usmart_get_aparm)
    i.usmart_get_cmdname                     0x08004420   Section        0  usmart_str.o(i.usmart_get_cmdname)
    i.usmart_get_fname                       0x0800446c   Section        0  usmart_str.o(i.usmart_get_fname)
    i.usmart_get_fparam                      0x08004624   Section        0  usmart_str.o(i.usmart_get_fparam)
    i.usmart_get_parmpos                     0x08004934   Section        0  usmart_str.o(i.usmart_get_parmpos)
    i.usmart_init                            0x0800498c   Section        0  usmart.o(i.usmart_init)
    i.usmart_scan                            0x080049f8   Section        0  usmart.o(i.usmart_scan)
    i.usmart_str2num                         0x08004aa4   Section        0  usmart_str.o(i.usmart_str2num)
    i.usmart_strcmp                          0x08004bba   Section        0  usmart_str.o(i.usmart_strcmp)
    i.usmart_sys_cmd_exe                     0x08004bd4   Section        0  usmart.o(i.usmart_sys_cmd_exe)
    i.write_addr                             0x08005270   Section        0  usmart.o(i.write_addr)
    .constdata                               0x08005274   Section       16  system_stm32f7xx.o(.constdata)
    .constdata                               0x08005284   Section        8  system_stm32f7xx.o(.constdata)
    .constdata                               0x0800528c   Section        8  stm32f7xx_hal_dma.o(.constdata)
    flagBitshiftOffset                       0x0800528c   Data           8  stm32f7xx_hal_dma.o(.constdata)
    .constdata                               0x08005294   Section      454  ov2640.o(.constdata)
    OV2640_AUTOEXPOSURE_LEVEL                0x08005432   Data          40  ov2640.o(.constdata)
    .conststring                             0x0800545c   Section       40  usmart.o(.conststring)
    .conststring                             0x08005484   Section      737  usmart_config.o(.conststring)
    .data                                    0x20020000   Section       24  main.o(.data)
    .data                                    0x20020018   Section        4  system_stm32f7xx.o(.data)
    .data                                    0x2002001c   Section        4  stm32f7xx_hal.o(.data)
    .data                                    0x20020020   Section        4  delay.o(.data)
    fac_us                                   0x20020020   Data           4  delay.o(.data)
    .data                                    0x20020024   Section        2  usart.o(.data)
    .data                                    0x20020028   Section        4  usart.o(.data)
    .data                                    0x2002002c   Section        8  dcmi.o(.data)
    .data                                    0x20020034   Section       28  usmart.o(.data)
    .data                                    0x20020050   Section      152  usmart_config.o(.data)
    .data                                    0x200200e8   Section      244  usmart_config.o(.data)
    .bss                                     0x200201dc   Section    53248  main.o(.bss)
    .bss                                     0x2002d1dc   Section      312  usart.o(.bss)
    .bss                                     0x2002d314   Section      176  dcmi.o(.bss)
    .bss                                     0x2002d3c4   Section       60  timer.o(.bss)
    .bss                                     0x2002d400   Section       60  usmart.o(.bss)
    STACK                                    0x2002d440   Section     1024  startup_stm32f767xx.o(STACK)

    Global Symbols

    Symbol Name                              Value     Ov Type        Size  Object(Section)

    BuildAttributes$$THM_ISAv4$E$P$D$K$B$S$7EM$VFPi5$EXTD16$VFPS$VFMA$PE$PLD8$A:L22UL41UL21$X:L11$S22US41US21$IEEE1$IW$USESV6$~STKCKD$USESV7$~SHL$OTIME$ROPI$EBA8$MICROLIB$REQ8$PRES8$EABIv2 0x00000000   Number         0  anon$$obj.o ABSOLUTE
    __ARM_use_no_argv                        0x00000000   Number         0  main.o ABSOLUTE
    __use_no_errno                           0x00000000   Number         0  useno.o ABSOLUTE
    __use_no_exception_handling              0x00000000   Number         0  useno.o ABSOLUTE
    __use_no_fp                              0x00000000   Number         0  useno.o ABSOLUTE
    __use_no_heap                            0x00000000   Number         0  useno.o ABSOLUTE
    __use_no_heap_region                     0x00000000   Number         0  useno.o ABSOLUTE
    __use_no_semihosting                     0x00000000   Number         0  useno.o ABSOLUTE
    __use_no_semihosting_swi                 0x00000000   Number         0  useno.o ABSOLUTE
    __use_no_signal_handling                 0x00000000   Number         0  useno.o ABSOLUTE
    _printf_a                                0x00000000   Number         0  stubs.o ABSOLUTE
    _printf_c                                0x00000000   Number         0  stubs.o ABSOLUTE
    _printf_charcount                        0x00000000   Number         0  stubs.o ABSOLUTE
    _printf_d                                0x00000000   Number         0  stubs.o ABSOLUTE
    _printf_e                                0x00000000   Number         0  stubs.o ABSOLUTE
    _printf_f                                0x00000000   Number         0  stubs.o ABSOLUTE
    _printf_flags                            0x00000000   Number         0  stubs.o ABSOLUTE
    _printf_fp_dec                           0x00000000   Number         0  stubs.o ABSOLUTE
    _printf_fp_hex                           0x00000000   Number         0  stubs.o ABSOLUTE
    _printf_g                                0x00000000   Number         0  stubs.o ABSOLUTE
    _printf_i                                0x00000000   Number         0  stubs.o ABSOLUTE
    _printf_int_dec                          0x00000000   Number         0  stubs.o ABSOLUTE
    _printf_l                                0x00000000   Number         0  stubs.o ABSOLUTE
    _printf_lc                               0x00000000   Number         0  stubs.o ABSOLUTE
    _printf_ll                               0x00000000   Number         0  stubs.o ABSOLUTE
    _printf_lld                              0x00000000   Number         0  stubs.o ABSOLUTE
    _printf_lli                              0x00000000   Number         0  stubs.o ABSOLUTE
    _printf_llo                              0x00000000   Number         0  stubs.o ABSOLUTE
    _printf_llu                              0x00000000   Number         0  stubs.o ABSOLUTE
    _printf_llx                              0x00000000   Number         0  stubs.o ABSOLUTE
    _printf_longlong_dec                     0x00000000   Number         0  stubs.o ABSOLUTE
    _printf_longlong_hex                     0x00000000   Number         0  stubs.o ABSOLUTE
    _printf_longlong_oct                     0x00000000   Number         0  stubs.o ABSOLUTE
    _printf_ls                               0x00000000   Number         0  stubs.o ABSOLUTE
    _printf_mbtowc                           0x00000000   Number         0  stubs.o ABSOLUTE
    _printf_n                                0x00000000   Number         0  stubs.o ABSOLUTE
    _printf_o                                0x00000000   Number         0  stubs.o ABSOLUTE
    _printf_p                                0x00000000   Number         0  stubs.o ABSOLUTE
    _printf_percent                          0x00000000   Number         0  stubs.o ABSOLUTE
    _printf_pre_padding                      0x00000000   Number         0  stubs.o ABSOLUTE
    _printf_return_value                     0x00000000   Number         0  stubs.o ABSOLUTE
    _printf_s                                0x00000000   Number         0  stubs.o ABSOLUTE
    _printf_sizespec                         0x00000000   Number         0  stubs.o ABSOLUTE
    _printf_str                              0x00000000   Number         0  stubs.o ABSOLUTE
    _printf_truncate_signed                  0x00000000   Number         0  stubs.o ABSOLUTE
    _printf_truncate_unsigned                0x00000000   Number         0  stubs.o ABSOLUTE
    _printf_u                                0x00000000   Number         0  stubs.o ABSOLUTE
    _printf_wc                               0x00000000   Number         0  stubs.o ABSOLUTE
    _printf_wctomb                           0x00000000   Number         0  stubs.o ABSOLUTE
    _printf_widthprec                        0x00000000   Number         0  stubs.o ABSOLUTE
    _printf_x                                0x00000000   Number         0  stubs.o ABSOLUTE
    __arm_fini_                               - Undefined Weak Reference
    __cpp_initialize__aeabi_                  - Undefined Weak Reference
    __cxa_finalize                            - Undefined Weak Reference
    _clock_init                               - Undefined Weak Reference
    _microlib_exit                            - Undefined Weak Reference
    __Vectors_Size                           0x000001f8   Number         0  startup_stm32f767xx.o ABSOLUTE
    __Vectors                                0x08000000   Data           4  startup_stm32f767xx.o(RESET)
    __Vectors_End                            0x080001f8   Data           0  startup_stm32f767xx.o(RESET)
    __main                                   0x080001f9   Thumb Code     0  entry.o(.ARM.Collect$$$$00000000)
    _main_stk                                0x080001f9   Thumb Code     0  entry2.o(.ARM.Collect$$$$00000001)
    _main_scatterload                        0x080001fd   Thumb Code     0  entry5.o(.ARM.Collect$$$$00000004)
    __main_after_scatterload                 0x08000201   Thumb Code     0  entry5.o(.ARM.Collect$$$$00000004)
    _main_clock                              0x08000201   Thumb Code     0  entry7b.o(.ARM.Collect$$$$00000008)
    _main_cpp_init                           0x08000201   Thumb Code     0  entry8b.o(.ARM.Collect$$$$0000000A)
    _main_init                               0x08000201   Thumb Code     0  entry9a.o(.ARM.Collect$$$$0000000B)
    __rt_lib_shutdown_fini                   0x08000209   Thumb Code     0  entry12b.o(.ARM.Collect$$$$0000000E)
    __rt_final_cpp                           0x0800020d   Thumb Code     0  entry10a.o(.ARM.Collect$$$$0000000F)
    __rt_final_exit                          0x0800020d   Thumb Code     0  entry11a.o(.ARM.Collect$$$$00000011)
    Reset_Handler                            0x08000211   Thumb Code     8  startup_stm32f767xx.o(.text)
    MemManage_Handler                        0x0800021d   Thumb Code     2  startup_stm32f767xx.o(.text)
    ADC_IRQHandler                           0x0800022b   Thumb Code     0  startup_stm32f767xx.o(.text)
    CAN1_RX0_IRQHandler                      0x0800022b   Thumb Code     0  startup_stm32f767xx.o(.text)
    CAN1_RX1_IRQHandler                      0x0800022b   Thumb Code     0  startup_stm32f767xx.o(.text)
    CAN1_SCE_IRQHandler                      0x0800022b   Thumb Code     0  startup_stm32f767xx.o(.text)
    CAN1_TX_IRQHandler                       0x0800022b   Thumb Code     0  startup_stm32f767xx.o(.text)
    CAN2_RX0_IRQHandler                      0x0800022b   Thumb Code     0  startup_stm32f767xx.o(.text)
    CAN2_RX1_IRQHandler                      0x0800022b   Thumb Code     0  startup_stm32f767xx.o(.text)
    CAN2_SCE_IRQHandler                      0x0800022b   Thumb Code     0  startup_stm32f767xx.o(.text)
    CAN2_TX_IRQHandler                       0x0800022b   Thumb Code     0  startup_stm32f767xx.o(.text)
    CAN3_RX0_IRQHandler                      0x0800022b   Thumb Code     0  startup_stm32f767xx.o(.text)
    CAN3_RX1_IRQHandler                      0x0800022b   Thumb Code     0  startup_stm32f767xx.o(.text)
    CAN3_SCE_IRQHandler                      0x0800022b   Thumb Code     0  startup_stm32f767xx.o(.text)
    CAN3_TX_IRQHandler                       0x0800022b   Thumb Code     0  startup_stm32f767xx.o(.text)
    CEC_IRQHandler                           0x0800022b   Thumb Code     0  startup_stm32f767xx.o(.text)
    DFSDM1_FLT0_IRQHandler                   0x0800022b   Thumb Code     0  startup_stm32f767xx.o(.text)
    DFSDM1_FLT1_IRQHandler                   0x0800022b   Thumb Code     0  startup_stm32f767xx.o(.text)
    DFSDM1_FLT2_IRQHandler                   0x0800022b   Thumb Code     0  startup_stm32f767xx.o(.text)
    DFSDM1_FLT3_IRQHandler                   0x0800022b   Thumb Code     0  startup_stm32f767xx.o(.text)
    DMA1_Stream0_IRQHandler                  0x0800022b   Thumb Code     0  startup_stm32f767xx.o(.text)
    DMA1_Stream1_IRQHandler                  0x0800022b   Thumb Code     0  startup_stm32f767xx.o(.text)
    DMA1_Stream2_IRQHandler                  0x0800022b   Thumb Code     0  startup_stm32f767xx.o(.text)
    DMA1_Stream3_IRQHandler                  0x0800022b   Thumb Code     0  startup_stm32f767xx.o(.text)
    DMA1_Stream4_IRQHandler                  0x0800022b   Thumb Code     0  startup_stm32f767xx.o(.text)
    DMA1_Stream5_IRQHandler                  0x0800022b   Thumb Code     0  startup_stm32f767xx.o(.text)
    DMA1_Stream6_IRQHandler                  0x0800022b   Thumb Code     0  startup_stm32f767xx.o(.text)
    DMA1_Stream7_IRQHandler                  0x0800022b   Thumb Code     0  startup_stm32f767xx.o(.text)
    DMA2D_IRQHandler                         0x0800022b   Thumb Code     0  startup_stm32f767xx.o(.text)
    DMA2_Stream0_IRQHandler                  0x0800022b   Thumb Code     0  startup_stm32f767xx.o(.text)
    DMA2_Stream2_IRQHandler                  0x0800022b   Thumb Code     0  startup_stm32f767xx.o(.text)
    DMA2_Stream3_IRQHandler                  0x0800022b   Thumb Code     0  startup_stm32f767xx.o(.text)
    DMA2_Stream4_IRQHandler                  0x0800022b   Thumb Code     0  startup_stm32f767xx.o(.text)
    DMA2_Stream5_IRQHandler                  0x0800022b   Thumb Code     0  startup_stm32f767xx.o(.text)
    DMA2_Stream6_IRQHandler                  0x0800022b   Thumb Code     0  startup_stm32f767xx.o(.text)
    DMA2_Stream7_IRQHandler                  0x0800022b   Thumb Code     0  startup_stm32f767xx.o(.text)
    ETH_IRQHandler                           0x0800022b   Thumb Code     0  startup_stm32f767xx.o(.text)
    ETH_WKUP_IRQHandler                      0x0800022b   Thumb Code     0  startup_stm32f767xx.o(.text)
    EXTI0_IRQHandler                         0x0800022b   Thumb Code     0  startup_stm32f767xx.o(.text)
    EXTI15_10_IRQHandler                     0x0800022b   Thumb Code     0  startup_stm32f767xx.o(.text)
    EXTI1_IRQHandler                         0x0800022b   Thumb Code     0  startup_stm32f767xx.o(.text)
    EXTI2_IRQHandler                         0x0800022b   Thumb Code     0  startup_stm32f767xx.o(.text)
    EXTI3_IRQHandler                         0x0800022b   Thumb Code     0  startup_stm32f767xx.o(.text)
    EXTI4_IRQHandler                         0x0800022b   Thumb Code     0  startup_stm32f767xx.o(.text)
    EXTI9_5_IRQHandler                       0x0800022b   Thumb Code     0  startup_stm32f767xx.o(.text)
    FLASH_IRQHandler                         0x0800022b   Thumb Code     0  startup_stm32f767xx.o(.text)
    FMC_IRQHandler                           0x0800022b   Thumb Code     0  startup_stm32f767xx.o(.text)
    FPU_IRQHandler                           0x0800022b   Thumb Code     0  startup_stm32f767xx.o(.text)
    I2C1_ER_IRQHandler                       0x0800022b   Thumb Code     0  startup_stm32f767xx.o(.text)
    I2C1_EV_IRQHandler                       0x0800022b   Thumb Code     0  startup_stm32f767xx.o(.text)
    I2C2_ER_IRQHandler                       0x0800022b   Thumb Code     0  startup_stm32f767xx.o(.text)
    I2C2_EV_IRQHandler                       0x0800022b   Thumb Code     0  startup_stm32f767xx.o(.text)
    I2C3_ER_IRQHandler                       0x0800022b   Thumb Code     0  startup_stm32f767xx.o(.text)
    I2C3_EV_IRQHandler                       0x0800022b   Thumb Code     0  startup_stm32f767xx.o(.text)
    I2C4_ER_IRQHandler                       0x0800022b   Thumb Code     0  startup_stm32f767xx.o(.text)
    I2C4_EV_IRQHandler                       0x0800022b   Thumb Code     0  startup_stm32f767xx.o(.text)
    JPEG_IRQHandler                          0x0800022b   Thumb Code     0  startup_stm32f767xx.o(.text)
    LPTIM1_IRQHandler                        0x0800022b   Thumb Code     0  startup_stm32f767xx.o(.text)
    LTDC_ER_IRQHandler                       0x0800022b   Thumb Code     0  startup_stm32f767xx.o(.text)
    LTDC_IRQHandler                          0x0800022b   Thumb Code     0  startup_stm32f767xx.o(.text)
    MDIOS_IRQHandler                         0x0800022b   Thumb Code     0  startup_stm32f767xx.o(.text)
    OTG_FS_IRQHandler                        0x0800022b   Thumb Code     0  startup_stm32f767xx.o(.text)
    OTG_FS_WKUP_IRQHandler                   0x0800022b   Thumb Code     0  startup_stm32f767xx.o(.text)
    OTG_HS_EP1_IN_IRQHandler                 0x0800022b   Thumb Code     0  startup_stm32f767xx.o(.text)
    OTG_HS_EP1_OUT_IRQHandler                0x0800022b   Thumb Code     0  startup_stm32f767xx.o(.text)
    OTG_HS_IRQHandler                        0x0800022b   Thumb Code     0  startup_stm32f767xx.o(.text)
    OTG_HS_WKUP_IRQHandler                   0x0800022b   Thumb Code     0  startup_stm32f767xx.o(.text)
    PVD_IRQHandler                           0x0800022b   Thumb Code     0  startup_stm32f767xx.o(.text)
    QUADSPI_IRQHandler                       0x0800022b   Thumb Code     0  startup_stm32f767xx.o(.text)
    RCC_IRQHandler                           0x0800022b   Thumb Code     0  startup_stm32f767xx.o(.text)
    RNG_IRQHandler                           0x0800022b   Thumb Code     0  startup_stm32f767xx.o(.text)
    RTC_Alarm_IRQHandler                     0x0800022b   Thumb Code     0  startup_stm32f767xx.o(.text)
    RTC_WKUP_IRQHandler                      0x0800022b   Thumb Code     0  startup_stm32f767xx.o(.text)
    SAI1_IRQHandler                          0x0800022b   Thumb Code     0  startup_stm32f767xx.o(.text)
    SAI2_IRQHandler                          0x0800022b   Thumb Code     0  startup_stm32f767xx.o(.text)
    SDMMC1_IRQHandler                        0x0800022b   Thumb Code     0  startup_stm32f767xx.o(.text)
    SDMMC2_IRQHandler                        0x0800022b   Thumb Code     0  startup_stm32f767xx.o(.text)
    SPDIF_RX_IRQHandler                      0x0800022b   Thumb Code     0  startup_stm32f767xx.o(.text)
    SPI1_IRQHandler                          0x0800022b   Thumb Code     0  startup_stm32f767xx.o(.text)
    SPI2_IRQHandler                          0x0800022b   Thumb Code     0  startup_stm32f767xx.o(.text)
    SPI3_IRQHandler                          0x0800022b   Thumb Code     0  startup_stm32f767xx.o(.text)
    SPI4_IRQHandler                          0x0800022b   Thumb Code     0  startup_stm32f767xx.o(.text)
    SPI5_IRQHandler                          0x0800022b   Thumb Code     0  startup_stm32f767xx.o(.text)
    SPI6_IRQHandler                          0x0800022b   Thumb Code     0  startup_stm32f767xx.o(.text)
    TAMP_STAMP_IRQHandler                    0x0800022b   Thumb Code     0  startup_stm32f767xx.o(.text)
    TIM1_BRK_TIM9_IRQHandler                 0x0800022b   Thumb Code     0  startup_stm32f767xx.o(.text)
    TIM1_CC_IRQHandler                       0x0800022b   Thumb Code     0  startup_stm32f767xx.o(.text)
    TIM1_TRG_COM_TIM11_IRQHandler            0x0800022b   Thumb Code     0  startup_stm32f767xx.o(.text)
    TIM1_UP_TIM10_IRQHandler                 0x0800022b   Thumb Code     0  startup_stm32f767xx.o(.text)
    TIM2_IRQHandler                          0x0800022b   Thumb Code     0  startup_stm32f767xx.o(.text)
    TIM5_IRQHandler                          0x0800022b   Thumb Code     0  startup_stm32f767xx.o(.text)
    TIM6_DAC_IRQHandler                      0x0800022b   Thumb Code     0  startup_stm32f767xx.o(.text)
    TIM7_IRQHandler                          0x0800022b   Thumb Code     0  startup_stm32f767xx.o(.text)
    TIM8_BRK_TIM12_IRQHandler                0x0800022b   Thumb Code     0  startup_stm32f767xx.o(.text)
    TIM8_CC_IRQHandler                       0x0800022b   Thumb Code     0  startup_stm32f767xx.o(.text)
    TIM8_TRG_COM_TIM14_IRQHandler            0x0800022b   Thumb Code     0  startup_stm32f767xx.o(.text)
    TIM8_UP_TIM13_IRQHandler                 0x0800022b   Thumb Code     0  startup_stm32f767xx.o(.text)
    UART4_IRQHandler                         0x0800022b   Thumb Code     0  startup_stm32f767xx.o(.text)
    UART5_IRQHandler                         0x0800022b   Thumb Code     0  startup_stm32f767xx.o(.text)
    UART7_IRQHandler                         0x0800022b   Thumb Code     0  startup_stm32f767xx.o(.text)
    UART8_IRQHandler                         0x0800022b   Thumb Code     0  startup_stm32f767xx.o(.text)
    USART2_IRQHandler                        0x0800022b   Thumb Code     0  startup_stm32f767xx.o(.text)
    USART3_IRQHandler                        0x0800022b   Thumb Code     0  startup_stm32f767xx.o(.text)
    USART6_IRQHandler                        0x0800022b   Thumb Code     0  startup_stm32f767xx.o(.text)
    WWDG_IRQHandler                          0x0800022b   Thumb Code     0  startup_stm32f767xx.o(.text)
    ___aeabi_memcpy$move                     0x08000235   Thumb Code    64  memmovea.o(.text)
    ___aeabi_memcpy4$move                    0x08000235   Thumb Code     0  memmovea.o(.text)
    ___aeabi_memcpy8$move                    0x08000235   Thumb Code     0  memmovea.o(.text)
    __aeabi_memmove                          0x08000235   Thumb Code     0  memmovea.o(.text)
    __aeabi_memmove4                         0x08000235   Thumb Code     0  memmovea.o(.text)
    __aeabi_memmove8                         0x08000235   Thumb Code     0  memmovea.o(.text)
    __aeabi_memset                           0x08000275   Thumb Code    14  memseta.o(.text)
    __aeabi_memset4                          0x08000275   Thumb Code     0  memseta.o(.text)
    __aeabi_memset8                          0x08000275   Thumb Code     0  memseta.o(.text)
    __aeabi_memclr                           0x08000283   Thumb Code     4  memseta.o(.text)
    __aeabi_memclr4                          0x08000283   Thumb Code     0  memseta.o(.text)
    __aeabi_memclr8                          0x08000283   Thumb Code     0  memseta.o(.text)
    _memset$wrapper                          0x08000287   Thumb Code    18  memseta.o(.text)
    __aeabi_uldivmod                         0x08000299   Thumb Code    98  uldiv.o(.text)
    __scatterload                            0x080002fd   Thumb Code    28  init.o(.text)
    __scatterload_rt2                        0x080002fd   Thumb Code     0  init.o(.text)
    __aeabi_llsl                             0x08000321   Thumb Code    30  llshl.o(.text)
    _ll_shift_l                              0x08000321   Thumb Code     0  llshl.o(.text)
    __aeabi_llsr                             0x0800033f   Thumb Code    32  llushr.o(.text)
    _ll_ushift_r                             0x0800033f   Thumb Code     0  llushr.o(.text)
    __decompress                             0x0800035f   Thumb Code     0  __dczerorl2.o(.text)
    __decompress1                            0x0800035f   Thumb Code    86  __dczerorl2.o(.text)
    BusFault_Handler                         0x080003b5   Thumb Code     2  stm32f7xx_it.o(i.BusFault_Handler)
    Cache_Enable                             0x080003b9   Thumb Code   108  sys.o(i.Cache_Enable)
    DCMI_CR_Set                              0x08000435   Thumb Code    58  dcmi.o(i.DCMI_CR_Set)
    DCMI_DMA_Init                            0x08000499   Thumb Code   174  dcmi.o(i.DCMI_DMA_Init)
    DCMI_IRQHandler                          0x08000559   Thumb Code     6  dcmi.o(i.DCMI_IRQHandler)
    DCMI_Init                                0x08000565   Thumb Code    66  dcmi.o(i.DCMI_Init)
    DCMI_Set_Window                          0x080005b1   Thumb Code     2  dcmi.o(i.DCMI_Set_Window)
    DCMI_Start                               0x080005b5   Thumb Code    24  dcmi.o(i.DCMI_Start)
    DCMI_Stop                                0x080005d5   Thumb Code    32  dcmi.o(i.DCMI_Stop)
    DMA2_Stream1_IRQHandler                  0x080005fd   Thumb Code   104  dcmi.o(i.DMA2_Stream1_IRQHandler)
    DebugMon_Handler                         0x0800068d   Thumb Code     2  stm32f7xx_it.o(i.DebugMon_Handler)
    HAL_DCMI_DeInit                          0x0800068f   Thumb Code    22  stm32f7xx_hal_dcmi.o(i.HAL_DCMI_DeInit)
    HAL_DCMI_ErrorCallback                   0x080006a5   Thumb Code     2  stm32f7xx_hal_dcmi.o(i.HAL_DCMI_ErrorCallback)
    HAL_DCMI_FrameEventCallback              0x080006a9   Thumb Code    28  dcmi.o(i.HAL_DCMI_FrameEventCallback)
    HAL_DCMI_IRQHandler                      0x080006cd   Thumb Code   168  stm32f7xx_hal_dcmi.o(i.HAL_DCMI_IRQHandler)
    HAL_DCMI_Init                            0x08000779   Thumb Code   194  stm32f7xx_hal_dcmi.o(i.HAL_DCMI_Init)
    HAL_DCMI_LineEventCallback               0x08000841   Thumb Code     2  stm32f7xx_hal_dcmi.o(i.HAL_DCMI_LineEventCallback)
    HAL_DCMI_MspDeInit                       0x08000843   Thumb Code     2  stm32f7xx_hal_dcmi.o(i.HAL_DCMI_MspDeInit)
    HAL_DCMI_MspInit                         0x08000845   Thumb Code   202  dcmi.o(i.HAL_DCMI_MspInit)
    HAL_DCMI_VsyncEventCallback              0x08000929   Thumb Code     2  stm32f7xx_hal_dcmi.o(i.HAL_DCMI_VsyncEventCallback)
    HAL_DMAEx_MultiBufferStart               0x0800092b   Thumb Code   124  stm32f7xx_hal_dma_ex.o(i.HAL_DMAEx_MultiBufferStart)
    HAL_DMA_Abort_IT                         0x080009a7   Thumb Code    36  stm32f7xx_hal_dma.o(i.HAL_DMA_Abort_IT)
    HAL_DMA_DeInit                           0x080009cd   Thumb Code   126  stm32f7xx_hal_dma.o(i.HAL_DMA_DeInit)
    HAL_DMA_Init                             0x08000a55   Thumb Code   376  stm32f7xx_hal_dma.o(i.HAL_DMA_Init)
    HAL_DMA_Start                            0x08000bd9   Thumb Code   108  stm32f7xx_hal_dma.o(i.HAL_DMA_Start)
    HAL_GPIO_Init                            0x08000c45   Thumb Code   580  stm32f7xx_hal_gpio.o(i.HAL_GPIO_Init)
    HAL_GPIO_ReadPin                         0x08000e9d   Thumb Code    10  stm32f7xx_hal_gpio.o(i.HAL_GPIO_ReadPin)
    HAL_GPIO_WritePin                        0x08000ea7   Thumb Code    10  stm32f7xx_hal_gpio.o(i.HAL_GPIO_WritePin)
    HAL_GetTick                              0x08000eb1   Thumb Code     6  stm32f7xx_hal.o(i.HAL_GetTick)
    HAL_IncTick                              0x08000ebd   Thumb Code    10  stm32f7xx_hal.o(i.HAL_IncTick)
    HAL_Init                                 0x08000ecd   Thumb Code    32  stm32f7xx_hal.o(i.HAL_Init)
    HAL_InitTick                             0x08000ef1   Thumb Code    34  stm32f7xx_hal.o(i.HAL_InitTick)
    HAL_MspInit                              0x08000f19   Thumb Code     2  main.o(i.HAL_MspInit)
    HAL_NVIC_EnableIRQ                       0x08000f1b   Thumb Code    24  stm32f7xx_hal_cortex.o(i.HAL_NVIC_EnableIRQ)
    HAL_NVIC_SetPriority                     0x08000f35   Thumb Code    92  stm32f7xx_hal_cortex.o(i.HAL_NVIC_SetPriority)
    HAL_NVIC_SetPriorityGrouping             0x08000f95   Thumb Code    30  stm32f7xx_hal_cortex.o(i.HAL_NVIC_SetPriorityGrouping)
    HAL_RCCEx_PeriphCLKConfig                0x08000fb9   Thumb Code  1928  stm32f7xx_hal_rcc_ex.o(i.HAL_RCCEx_PeriphCLKConfig)
    HAL_RCC_ClockConfig                      0x0800174d   Thumb Code   492  stm32f7xx_hal_rcc.o(i.HAL_RCC_ClockConfig)
    HAL_RCC_GetPCLK1Freq                     0x08001959   Thumb Code    34  stm32f7xx_hal_rcc.o(i.HAL_RCC_GetPCLK1Freq)
    HAL_RCC_GetPCLK2Freq                     0x08001989   Thumb Code    34  stm32f7xx_hal_rcc.o(i.HAL_RCC_GetPCLK2Freq)
    HAL_RCC_GetSysClockFreq                  0x080019b9   Thumb Code   136  stm32f7xx_hal_rcc.o(i.HAL_RCC_GetSysClockFreq)
    HAL_RCC_OscConfig                        0x08001a51   Thumb Code   994  stm32f7xx_hal_rcc_ex.o(i.HAL_RCC_OscConfig)
    HAL_SYSTICK_CLKSourceConfig              0x08001e49   Thumb Code    22  stm32f7xx_hal_cortex.o(i.HAL_SYSTICK_CLKSourceConfig)
    HAL_SYSTICK_Config                       0x08001e61   Thumb Code    36  stm32f7xx_hal_cortex.o(i.HAL_SYSTICK_Config)
    HAL_TIMEx_BreakCallback                  0x08001e89   Thumb Code     2  stm32f7xx_hal_tim_ex.o(i.HAL_TIMEx_BreakCallback)
    HAL_TIMEx_CommutationCallback            0x08001e8b   Thumb Code     2  stm32f7xx_hal_tim_ex.o(i.HAL_TIMEx_CommutationCallback)
    HAL_TIM_Base_Init                        0x08001e8d   Thumb Code    50  stm32f7xx_hal_tim.o(i.HAL_TIM_Base_Init)
    HAL_TIM_Base_MspInit                     0x08001ec1   Thumb Code    40  timer.o(i.HAL_TIM_Base_MspInit)
    HAL_TIM_Base_Start_IT                    0x08001eed   Thumb Code    24  stm32f7xx_hal_tim.o(i.HAL_TIM_Base_Start_IT)
    HAL_TIM_IC_CaptureCallback               0x08001f05   Thumb Code     2  stm32f7xx_hal_tim.o(i.HAL_TIM_IC_CaptureCallback)
    HAL_TIM_IRQHandler                       0x08001f07   Thumb Code   388  stm32f7xx_hal_tim.o(i.HAL_TIM_IRQHandler)
    HAL_TIM_OC_DelayElapsedCallback          0x0800208b   Thumb Code     2  stm32f7xx_hal_tim.o(i.HAL_TIM_OC_DelayElapsedCallback)
    HAL_TIM_PWM_PulseFinishedCallback        0x0800208d   Thumb Code     2  stm32f7xx_hal_tim.o(i.HAL_TIM_PWM_PulseFinishedCallback)
    HAL_TIM_PeriodElapsedCallback            0x08002091   Thumb Code    36  timer.o(i.HAL_TIM_PeriodElapsedCallback)
    HAL_TIM_TriggerCallback                  0x080020e1   Thumb Code     2  stm32f7xx_hal_tim.o(i.HAL_TIM_TriggerCallback)
    HAL_UART_ErrorCallback                   0x080020e3   Thumb Code     2  stm32f7xx_hal_uart.o(i.HAL_UART_ErrorCallback)
    HAL_UART_IRQHandler                      0x080020e5   Thumb Code   676  stm32f7xx_hal_uart.o(i.HAL_UART_IRQHandler)
    HAL_UART_Init                            0x0800238d   Thumb Code   110  stm32f7xx_hal_uart.o(i.HAL_UART_Init)
    HAL_UART_MspInit                         0x080023fd   Thumb Code   114  usart.o(i.HAL_UART_MspInit)
    HAL_UART_Receive                         0x0800247d   Thumb Code   330  stm32f7xx_hal_uart.o(i.HAL_UART_Receive)
    HAL_UART_RxCpltCallback                  0x080025c7   Thumb Code     2  stm32f7xx_hal_uart.o(i.HAL_UART_RxCpltCallback)
    HAL_UART_TxCpltCallback                  0x080025c9   Thumb Code     2  stm32f7xx_hal_uart.o(i.HAL_UART_TxCpltCallback)
    HardFault_Handler                        0x080025cb   Thumb Code     2  stm32f7xx_it.o(i.HardFault_Handler)
    NMI_Handler                              0x080025cd   Thumb Code     2  stm32f7xx_it.o(i.NMI_Handler)
    OV2640_Auto_Exposure                     0x080025d1   Thumb Code    34  ov2640.o(i.OV2640_Auto_Exposure)
    OV2640_Brightness                        0x080025f9   Thumb Code    58  ov2640.o(i.OV2640_Brightness)
    OV2640_Color_Bar                         0x08002633   Thumb Code    40  ov2640.o(i.OV2640_Color_Bar)
    OV2640_Color_Saturation                  0x0800265b   Thumb Code    64  ov2640.o(i.OV2640_Color_Saturation)
    OV2640_Contrast                          0x0800269b   Thumb Code   114  ov2640.o(i.OV2640_Contrast)
    OV2640_ImageSize_Set                     0x0800270d   Thumb Code    78  ov2640.o(i.OV2640_ImageSize_Set)
    OV2640_ImageWin_Set                      0x0800275b   Thumb Code   144  ov2640.o(i.OV2640_ImageWin_Set)
    OV2640_Init                              0x080027ed   Thumb Code   286  ov2640.o(i.OV2640_Init)
    OV2640_JPEG_Mode                         0x0800295d   Thumb Code    54  ov2640.o(i.OV2640_JPEG_Mode)
    OV2640_Light_Mode                        0x0800299d   Thumb Code   112  ov2640.o(i.OV2640_Light_Mode)
    OV2640_OutSize_Set                       0x08002a0d   Thumb Code    88  ov2640.o(i.OV2640_OutSize_Set)
    OV2640_RGB565_Mode                       0x08002a65   Thumb Code    30  ov2640.o(i.OV2640_RGB565_Mode)
    OV2640_Special_Effects                   0x08002a89   Thumb Code   112  ov2640.o(i.OV2640_Special_Effects)
    OV2640_Window_Set                        0x08002af9   Thumb Code   124  ov2640.o(i.OV2640_Window_Set)
    PendSV_Handler                           0x08002b75   Thumb Code     2  stm32f7xx_it.o(i.PendSV_Handler)
    SCCB_Init                                0x08002b79   Thumb Code    66  sccb.o(i.SCCB_Init)
    SCCB_RD_Reg                              0x08002bc5   Thumb Code   408  sccb.o(i.SCCB_RD_Reg)
    SCCB_WR_Byte                             0x08002d61   Thumb Code   160  sccb.o(i.SCCB_WR_Byte)
    SCCB_WR_Reg                              0x08002e05   Thumb Code   166  sccb.o(i.SCCB_WR_Reg)
    SVC_Handler                              0x08002eb1   Thumb Code     2  stm32f7xx_it.o(i.SVC_Handler)
    SysTick_Handler                          0x08002eb3   Thumb Code     4  stm32f7xx_it.o(i.SysTick_Handler)
    SystemClock_Config                       0x08002eb9   Thumb Code   168  sys.o(i.SystemClock_Config)
    SystemInit                               0x08002f69   Thumb Code    76  system_stm32f7xx.o(i.SystemInit)
    TIM3_IRQHandler                          0x08002fc9   Thumb Code     6  timer.o(i.TIM3_IRQHandler)
    TIM4_IRQHandler                          0x08002fd5   Thumb Code    44  usmart.o(i.TIM4_IRQHandler)
    TIM_Base_SetConfig                       0x08003009   Thumb Code   176  stm32f7xx_hal_tim.o(i.TIM_Base_SetConfig)
    UART_AdvFeatureConfig                    0x080030cd   Thumb Code   218  stm32f7xx_hal_uart.o(i.UART_AdvFeatureConfig)
    UART_CheckIdleState                      0x080031a7   Thumb Code    96  stm32f7xx_hal_uart.o(i.UART_CheckIdleState)
    UART_SetConfig                           0x0800321d   Thumb Code   682  stm32f7xx_hal_uart.o(i.UART_SetConfig)
    UART_WaitOnFlagUntilTimeout              0x080034d9   Thumb Code   118  stm32f7xx_hal_uart.o(i.UART_WaitOnFlagUntilTimeout)
    USART1_IRQHandler                        0x08003551   Thumb Code   108  usart.o(i.USART1_IRQHandler)
    UsageFault_Handler                       0x080035c9   Thumb Code     2  stm32f7xx_it.o(i.UsageFault_Handler)
    __0printf$8                              0x080035cd   Thumb Code    22  printf8.o(i.__0printf$8)
    __1printf$8                              0x080035cd   Thumb Code     0  printf8.o(i.__0printf$8)
    __2printf                                0x080035cd   Thumb Code     0  printf8.o(i.__0printf$8)
    __ARM_common_memclr4_10                  0x080035ed   Thumb Code    10  usmart_str.o(i.__ARM_common_memclr4_10)
    __scatterload_copy                       0x080035f7   Thumb Code    14  handlers.o(i.__scatterload_copy)
    __scatterload_null                       0x08003605   Thumb Code     2  handlers.o(i.__scatterload_null)
    __scatterload_zeroinit                   0x08003607   Thumb Code    14  handlers.o(i.__scatterload_zeroinit)
    delay_init                               0x08003a6d   Thumb Code    16  delay.o(i.delay_init)
    delay_ms                                 0x08003a81   Thumb Code    68  delay.o(i.delay_ms)
    delay_us                                 0x08003ac9   Thumb Code    50  delay.o(i.delay_us)
    fputc                                    0x08003b01   Thumb Code    16  usart.o(i.fputc)
    jpeg_data_process                        0x08003b15   Thumb Code   252  main.o(i.jpeg_data_process)
    jpeg_dcmi_rx_callback                    0x08003c35   Thumb Code   252  main.o(i.jpeg_dcmi_rx_callback)
    main                                     0x08003d65   Thumb Code   122  main.o(i.main)
    ov2640_jpg_photo                         0x08003e3d   Thumb Code   214  main.o(i.ov2640_jpg_photo)
    read_addr                                0x08003fa1   Thumb Code     4  usmart.o(i.read_addr)
    uart1_init                               0x08003fa5   Thumb Code    38  usart.o(i.uart1_init)
    usmart_cmd_rec                           0x08003fd5   Thumb Code   172  usmart.o(i.usmart_cmd_rec)
    usmart_exe                               0x08004085   Thumb Code   634  usmart.o(i.usmart_exe)
    usmart_get_aparm                         0x08004369   Thumb Code   182  usmart_str.o(i.usmart_get_aparm)
    usmart_get_cmdname                       0x08004421   Thumb Code    74  usmart_str.o(i.usmart_get_cmdname)
    usmart_get_fname                         0x0800446d   Thumb Code   430  usmart_str.o(i.usmart_get_fname)
    usmart_get_fparam                        0x08004625   Thumb Code   776  usmart_str.o(i.usmart_get_fparam)
    usmart_get_parmpos                       0x08004935   Thumb Code    84  usmart_str.o(i.usmart_get_parmpos)
    usmart_init                              0x0800498d   Thumb Code    92  usmart.o(i.usmart_init)
    usmart_scan                              0x080049f9   Thumb Code   102  usmart.o(i.usmart_scan)
    usmart_str2num                           0x08004aa5   Thumb Code   278  usmart_str.o(i.usmart_str2num)
    usmart_strcmp                            0x08004bbb   Thumb Code    26  usmart_str.o(i.usmart_strcmp)
    usmart_sys_cmd_exe                       0x08004bd5   Thumb Code  1488  usmart.o(i.usmart_sys_cmd_exe)
    write_addr                               0x08005271   Thumb Code     4  usmart.o(i.write_addr)
    AHBPrescTable                            0x08005274   Data          16  system_stm32f7xx.o(.constdata)
    APBPrescTable                            0x08005284   Data           8  system_stm32f7xx.o(.constdata)
    ov2640_sxga_init_reg_tbl                 0x08005294   Data         356  ov2640.o(.constdata)
    ov2640_jpeg_reg_tbl                      0x080053f8   Data          14  ov2640.o(.constdata)
    ov2640_rgb565_reg_tbl                    0x08005406   Data          28  ov2640.o(.constdata)
    ov2640_yuv422_reg_tbl                    0x08005422   Data          16  ov2640.o(.constdata)
    Region$$Table$$Base                      0x08005768   Number         0  anon$$obj.o(Region$$Table)
    Region$$Table$$Limit                     0x08005788   Number         0  anon$$obj.o(Region$$Table)
    bmp_request                              0x20020000   Data           1  main.o(.data)
    ovx_mode                                 0x20020001   Data           1  main.o(.data)
    jpeg_data_ok                             0x20020002   Data           1  main.o(.data)
    curline                                  0x20020004   Data           2  main.o(.data)
    yoffset                                  0x20020006   Data           2  main.o(.data)
    jpeg_data_len                            0x20020008   Data           4  main.o(.data)
    jpeg_data_buf                            0x2002000c   Data           4  main.o(.data)
    dcmi_line_buf                            0x20020010   Data           8  main.o(.data)
    SystemCoreClock                          0x20020018   Data           4  system_stm32f7xx.o(.data)
    uwTick                                   0x2002001c   Data           4  stm32f7xx_hal.o(.data)
    USART_RX_STA                             0x20020024   Data           2  usart.o(.data)
    __stdout                                 0x20020028   Data           4  usart.o(.data)
    ov_frame                                 0x2002002c   Data           1  dcmi.o(.data)
    dcmi_rx_callback                         0x20020030   Data           4  dcmi.o(.data)
    sys_cmd_tab                              0x20020034   Data          28  usmart.o(.data)
    usmart_nametab                           0x20020050   Data         152  usmart_config.o(.data)
    usmart_dev                               0x200200e8   Data         244  usmart_config.o(.data)
    JpegBuffer0                              0x200201dc   Data        2048  main.o(.bss)
    JpegBuffer1                              0x200209dc   Data        2048  main.o(.bss)
    JpegBuf                                  0x200211dc   Data       49152  main.o(.bss)
    USART_RX_BUF                             0x2002d1dc   Data         200  usart.o(.bss)
    UART1_Handler                            0x2002d2a4   Data         112  usart.o(.bss)
    DCMI_Handler                             0x2002d314   Data          80  dcmi.o(.bss)
    DMADMCI_Handler                          0x2002d364   Data          96  dcmi.o(.bss)
    TIM3_Handler                             0x2002d3c4   Data          60  timer.o(.bss)
    TIM4_Handler                             0x2002d400   Data          60  usmart.o(.bss)
    __initial_sp                             0x2002d840   Data           0  startup_stm32f767xx.o(STACK)



==============================================================================

Memory Map of the image

  Image Entry point : 0x080001f9

  Load Region LR_IROM1 (Base: 0x08000000, Size: 0x00005964, Max: 0x00100000, ABSOLUTE, COMPRESSED[0x00005838])

    Execution Region ER_IROM1 (Exec base: 0x08000000, Load base: 0x08000000, Size: 0x00005788, Max: 0x00100000, ABSOLUTE)

    Exec Addr    Load Addr    Size         Type   Attr      Idx    E Section Name        Object

    0x08000000   0x08000000   0x000001f8   Data   RO          570    RESET               startup_stm32f767xx.o
    0x080001f8   0x080001f8   0x00000000   Code   RO         5268  * .ARM.Collect$$$$00000000  mc_w.l(entry.o)
    0x080001f8   0x080001f8   0x00000004   Code   RO         5538    .ARM.Collect$$$$00000001  mc_w.l(entry2.o)
    0x080001fc   0x080001fc   0x00000004   Code   RO         5541    .ARM.Collect$$$$00000004  mc_w.l(entry5.o)
    0x08000200   0x08000200   0x00000000   Code   RO         5543    .ARM.Collect$$$$00000008  mc_w.l(entry7b.o)
    0x08000200   0x08000200   0x00000000   Code   RO         5545    .ARM.Collect$$$$0000000A  mc_w.l(entry8b.o)
    0x08000200   0x08000200   0x00000008   Code   RO         5546    .ARM.Collect$$$$0000000B  mc_w.l(entry9a.o)
    0x08000208   0x08000208   0x00000004   Code   RO         5553    .ARM.Collect$$$$0000000E  mc_w.l(entry12b.o)
    0x0800020c   0x0800020c   0x00000000   Code   RO         5548    .ARM.Collect$$$$0000000F  mc_w.l(entry10a.o)
    0x0800020c   0x0800020c   0x00000000   Code   RO         5550    .ARM.Collect$$$$00000011  mc_w.l(entry11a.o)
    0x0800020c   0x0800020c   0x00000004   Code   RO         5539    .ARM.Collect$$$$00002712  mc_w.l(entry2.o)
    0x08000210   0x08000210   0x00000024   Code   RO          571    .text               startup_stm32f767xx.o
    0x08000234   0x08000234   0x00000040   Code   RO         5271    .text               mc_w.l(memmovea.o)
    0x08000274   0x08000274   0x00000024   Code   RO         5273    .text               mc_w.l(memseta.o)
    0x08000298   0x08000298   0x00000062   Code   RO         5556    .text               mc_w.l(uldiv.o)
    0x080002fa   0x080002fa   0x00000002   PAD
    0x080002fc   0x080002fc   0x00000024   Code   RO         5569    .text               mc_w.l(init.o)
    0x08000320   0x08000320   0x0000001e   Code   RO         5571    .text               mc_w.l(llshl.o)
    0x0800033e   0x0800033e   0x00000020   Code   RO         5573    .text               mc_w.l(llushr.o)
    0x0800035e   0x0800035e   0x00000056   Code   RO         5587    .text               mc_w.l(__dczerorl2.o)
    0x080003b4   0x080003b4   0x00000002   Code   RO          336    i.BusFault_Handler  stm32f7xx_it.o
    0x080003b6   0x080003b6   0x00000002   PAD
    0x080003b8   0x080003b8   0x0000007c   Code   RO         4557    i.Cache_Enable      sys.o
    0x08000434   0x08000434   0x00000044   Code   RO         4722    i.DCMI_CR_Set       dcmi.o
    0x08000478   0x08000478   0x00000020   Code   RO         4364    i.DCMI_DMAError     stm32f7xx_hal_dcmi.o
    0x08000498   0x08000498   0x000000c0   Code   RO         4723    i.DCMI_DMA_Init     dcmi.o
    0x08000558   0x08000558   0x0000000c   Code   RO         4724    i.DCMI_IRQHandler   dcmi.o
    0x08000564   0x08000564   0x0000004c   Code   RO         4725    i.DCMI_Init         dcmi.o
    0x080005b0   0x080005b0   0x00000002   Code   RO         4726    i.DCMI_Set_Window   dcmi.o
    0x080005b2   0x080005b2   0x00000002   PAD
    0x080005b4   0x080005b4   0x00000020   Code   RO         4727    i.DCMI_Start        dcmi.o
    0x080005d4   0x080005d4   0x00000028   Code   RO         4728    i.DCMI_Stop         dcmi.o
    0x080005fc   0x080005fc   0x00000090   Code   RO         4729    i.DMA2_Stream1_IRQHandler  dcmi.o
    0x0800068c   0x0800068c   0x00000002   Code   RO          337    i.DebugMon_Handler  stm32f7xx_it.o
    0x0800068e   0x0800068e   0x00000016   Code   RO         4367    i.HAL_DCMI_DeInit   stm32f7xx_hal_dcmi.o
    0x080006a4   0x080006a4   0x00000002   Code   RO         4370    i.HAL_DCMI_ErrorCallback  stm32f7xx_hal_dcmi.o
    0x080006a6   0x080006a6   0x00000002   PAD
    0x080006a8   0x080006a8   0x00000024   Code   RO         4730    i.HAL_DCMI_FrameEventCallback  dcmi.o
    0x080006cc   0x080006cc   0x000000ac   Code   RO         4374    i.HAL_DCMI_IRQHandler  stm32f7xx_hal_dcmi.o
    0x08000778   0x08000778   0x000000c8   Code   RO         4375    i.HAL_DCMI_Init     stm32f7xx_hal_dcmi.o
    0x08000840   0x08000840   0x00000002   Code   RO         4376    i.HAL_DCMI_LineEventCallback  stm32f7xx_hal_dcmi.o
    0x08000842   0x08000842   0x00000002   Code   RO         4377    i.HAL_DCMI_MspDeInit  stm32f7xx_hal_dcmi.o
    0x08000844   0x08000844   0x000000e4   Code   RO         4731    i.HAL_DCMI_MspInit  dcmi.o
    0x08000928   0x08000928   0x00000002   Code   RO         4383    i.HAL_DCMI_VsyncEventCallback  stm32f7xx_hal_dcmi.o
    0x0800092a   0x0800092a   0x0000007c   Code   RO          959    i.HAL_DMAEx_MultiBufferStart  stm32f7xx_hal_dma_ex.o
    0x080009a6   0x080009a6   0x00000024   Code   RO          868    i.HAL_DMA_Abort_IT  stm32f7xx_hal_dma.o
    0x080009ca   0x080009ca   0x00000002   PAD
    0x080009cc   0x080009cc   0x00000088   Code   RO          869    i.HAL_DMA_DeInit    stm32f7xx_hal_dma.o
    0x08000a54   0x08000a54   0x00000184   Code   RO          873    i.HAL_DMA_Init      stm32f7xx_hal_dma.o
    0x08000bd8   0x08000bd8   0x0000006c   Code   RO          876    i.HAL_DMA_Start     stm32f7xx_hal_dma.o
    0x08000c44   0x08000c44   0x00000258   Code   RO         1193    i.HAL_GPIO_Init     stm32f7xx_hal_gpio.o
    0x08000e9c   0x08000e9c   0x0000000a   Code   RO         1195    i.HAL_GPIO_ReadPin  stm32f7xx_hal_gpio.o
    0x08000ea6   0x08000ea6   0x0000000a   Code   RO         1197    i.HAL_GPIO_WritePin  stm32f7xx_hal_gpio.o
    0x08000eb0   0x08000eb0   0x0000000c   Code   RO          595    i.HAL_GetTick       stm32f7xx_hal.o
    0x08000ebc   0x08000ebc   0x00000010   Code   RO          596    i.HAL_IncTick       stm32f7xx_hal.o
    0x08000ecc   0x08000ecc   0x00000024   Code   RO          597    i.HAL_Init          stm32f7xx_hal.o
    0x08000ef0   0x08000ef0   0x00000028   Code   RO          598    i.HAL_InitTick      stm32f7xx_hal.o
    0x08000f18   0x08000f18   0x00000002   Code   RO            4    i.HAL_MspInit       main.o
    0x08000f1a   0x08000f1a   0x00000018   Code   RO          752    i.HAL_NVIC_EnableIRQ  stm32f7xx_hal_cortex.o
    0x08000f32   0x08000f32   0x00000002   PAD
    0x08000f34   0x08000f34   0x00000060   Code   RO          758    i.HAL_NVIC_SetPriority  stm32f7xx_hal_cortex.o
    0x08000f94   0x08000f94   0x00000024   Code   RO          759    i.HAL_NVIC_SetPriorityGrouping  stm32f7xx_hal_cortex.o
    0x08000fb8   0x08000fb8   0x00000794   Code   RO         1575    i.HAL_RCCEx_PeriphCLKConfig  stm32f7xx_hal_rcc_ex.o
    0x0800174c   0x0800174c   0x0000020c   Code   RO         1473    i.HAL_RCC_ClockConfig  stm32f7xx_hal_rcc.o
    0x08001958   0x08001958   0x00000030   Code   RO         1480    i.HAL_RCC_GetPCLK1Freq  stm32f7xx_hal_rcc.o
    0x08001988   0x08001988   0x00000030   Code   RO         1481    i.HAL_RCC_GetPCLK2Freq  stm32f7xx_hal_rcc.o
    0x080019b8   0x080019b8   0x00000098   Code   RO         1482    i.HAL_RCC_GetSysClockFreq  stm32f7xx_hal_rcc.o
    0x08001a50   0x08001a50   0x000003f8   Code   RO         1576    i.HAL_RCC_OscConfig  stm32f7xx_hal_rcc_ex.o
    0x08001e48   0x08001e48   0x00000016   Code   RO          761    i.HAL_SYSTICK_CLKSourceConfig  stm32f7xx_hal_cortex.o
    0x08001e5e   0x08001e5e   0x00000002   PAD
    0x08001e60   0x08001e60   0x00000028   Code   RO          763    i.HAL_SYSTICK_Config  stm32f7xx_hal_cortex.o
    0x08001e88   0x08001e88   0x00000002   Code   RO         2691    i.HAL_TIMEx_BreakCallback  stm32f7xx_hal_tim_ex.o
    0x08001e8a   0x08001e8a   0x00000002   Code   RO         2692    i.HAL_TIMEx_CommutationCallback  stm32f7xx_hal_tim_ex.o
    0x08001e8c   0x08001e8c   0x00000032   Code   RO         2089    i.HAL_TIM_Base_Init  stm32f7xx_hal_tim.o
    0x08001ebe   0x08001ebe   0x00000002   PAD
    0x08001ec0   0x08001ec0   0x0000002c   Code   RO         4818    i.HAL_TIM_Base_MspInit  timer.o
    0x08001eec   0x08001eec   0x00000018   Code   RO         2094    i.HAL_TIM_Base_Start_IT  stm32f7xx_hal_tim.o
    0x08001f04   0x08001f04   0x00000002   Code   RO         2118    i.HAL_TIM_IC_CaptureCallback  stm32f7xx_hal_tim.o
    0x08001f06   0x08001f06   0x00000184   Code   RO         2131    i.HAL_TIM_IRQHandler  stm32f7xx_hal_tim.o
    0x0800208a   0x0800208a   0x00000002   Code   RO         2134    i.HAL_TIM_OC_DelayElapsedCallback  stm32f7xx_hal_tim.o
    0x0800208c   0x0800208c   0x00000002   Code   RO         2161    i.HAL_TIM_PWM_PulseFinishedCallback  stm32f7xx_hal_tim.o
    0x0800208e   0x0800208e   0x00000002   PAD
    0x08002090   0x08002090   0x00000050   Code   RO         4819    i.HAL_TIM_PeriodElapsedCallback  timer.o
    0x080020e0   0x080020e0   0x00000002   Code   RO         2172    i.HAL_TIM_TriggerCallback  stm32f7xx_hal_tim.o
    0x080020e2   0x080020e2   0x00000002   Code   RO         1630    i.HAL_UART_ErrorCallback  stm32f7xx_hal_uart.o
    0x080020e4   0x080020e4   0x000002a8   Code   RO         1633    i.HAL_UART_IRQHandler  stm32f7xx_hal_uart.o
    0x0800238c   0x0800238c   0x0000006e   Code   RO         1634    i.HAL_UART_Init     stm32f7xx_hal_uart.o
    0x080023fa   0x080023fa   0x00000002   PAD
    0x080023fc   0x080023fc   0x00000080   Code   RO         4606    i.HAL_UART_MspInit  usart.o
    0x0800247c   0x0800247c   0x0000014a   Code   RO         1637    i.HAL_UART_Receive  stm32f7xx_hal_uart.o
    0x080025c6   0x080025c6   0x00000002   Code   RO         1640    i.HAL_UART_RxCpltCallback  stm32f7xx_hal_uart.o
    0x080025c8   0x080025c8   0x00000002   Code   RO         1645    i.HAL_UART_TxCpltCallback  stm32f7xx_hal_uart.o
    0x080025ca   0x080025ca   0x00000002   Code   RO          338    i.HardFault_Handler  stm32f7xx_it.o
    0x080025cc   0x080025cc   0x00000002   Code   RO          339    i.NMI_Handler       stm32f7xx_it.o
    0x080025ce   0x080025ce   0x00000002   PAD
    0x080025d0   0x080025d0   0x00000028   Code   RO         4867    i.OV2640_Auto_Exposure  ov2640.o
    0x080025f8   0x080025f8   0x0000003a   Code   RO         4868    i.OV2640_Brightness  ov2640.o
    0x08002632   0x08002632   0x00000028   Code   RO         4869    i.OV2640_Color_Bar  ov2640.o
    0x0800265a   0x0800265a   0x00000040   Code   RO         4870    i.OV2640_Color_Saturation  ov2640.o
    0x0800269a   0x0800269a   0x00000072   Code   RO         4871    i.OV2640_Contrast   ov2640.o
    0x0800270c   0x0800270c   0x0000004e   Code   RO         4872    i.OV2640_ImageSize_Set  ov2640.o
    0x0800275a   0x0800275a   0x00000090   Code   RO         4873    i.OV2640_ImageWin_Set  ov2640.o
    0x080027ea   0x080027ea   0x00000002   PAD
    0x080027ec   0x080027ec   0x00000170   Code   RO         4874    i.OV2640_Init       ov2640.o
    0x0800295c   0x0800295c   0x00000040   Code   RO         4875    i.OV2640_JPEG_Mode  ov2640.o
    0x0800299c   0x0800299c   0x00000070   Code   RO         4876    i.OV2640_Light_Mode  ov2640.o
    0x08002a0c   0x08002a0c   0x00000058   Code   RO         4877    i.OV2640_OutSize_Set  ov2640.o
    0x08002a64   0x08002a64   0x00000024   Code   RO         4880    i.OV2640_RGB565_Mode  ov2640.o
    0x08002a88   0x08002a88   0x00000070   Code   RO         4881    i.OV2640_Special_Effects  ov2640.o
    0x08002af8   0x08002af8   0x0000007c   Code   RO         4882    i.OV2640_Window_Set  ov2640.o
    0x08002b74   0x08002b74   0x00000002   Code   RO          340    i.PendSV_Handler    stm32f7xx_it.o
    0x08002b76   0x08002b76   0x00000002   PAD
    0x08002b78   0x08002b78   0x0000004c   Code   RO         5009    i.SCCB_Init         sccb.o
    0x08002bc4   0x08002bc4   0x0000019c   Code   RO         5012    i.SCCB_RD_Reg       sccb.o
    0x08002d60   0x08002d60   0x000000a4   Code   RO         5015    i.SCCB_WR_Byte      sccb.o
    0x08002e04   0x08002e04   0x000000ac   Code   RO         5016    i.SCCB_WR_Reg       sccb.o
    0x08002eb0   0x08002eb0   0x00000002   Code   RO          341    i.SVC_Handler       stm32f7xx_it.o
    0x08002eb2   0x08002eb2   0x00000004   Code   RO          342    i.SysTick_Handler   stm32f7xx_it.o
    0x08002eb6   0x08002eb6   0x00000002   PAD
    0x08002eb8   0x08002eb8   0x000000b0   Code   RO         4560    i.SystemClock_Config  sys.o
    0x08002f68   0x08002f68   0x00000060   Code   RO          413    i.SystemInit        system_stm32f7xx.o
    0x08002fc8   0x08002fc8   0x0000000c   Code   RO         4820    i.TIM3_IRQHandler   timer.o
    0x08002fd4   0x08002fd4   0x00000034   Code   RO         5072    i.TIM4_IRQHandler   usmart.o
    0x08003008   0x08003008   0x000000c4   Code   RO         2173    i.TIM_Base_SetConfig  stm32f7xx_hal_tim.o
    0x080030cc   0x080030cc   0x000000da   Code   RO         1647    i.UART_AdvFeatureConfig  stm32f7xx_hal_uart.o
    0x080031a6   0x080031a6   0x00000060   Code   RO         1648    i.UART_CheckIdleState  stm32f7xx_hal_uart.o
    0x08003206   0x08003206   0x00000014   Code   RO         1649    i.UART_DMAAbortOnError  stm32f7xx_hal_uart.o
    0x0800321a   0x0800321a   0x00000002   PAD
    0x0800321c   0x0800321c   0x000002bc   Code   RO         1655    i.UART_SetConfig    stm32f7xx_hal_uart.o
    0x080034d8   0x080034d8   0x00000076   Code   RO         1656    i.UART_WaitOnFlagUntilTimeout  stm32f7xx_hal_uart.o
    0x0800354e   0x0800354e   0x00000002   PAD
    0x08003550   0x08003550   0x00000078   Code   RO         4607    i.USART1_IRQHandler  usart.o
    0x080035c8   0x080035c8   0x00000002   Code   RO          343    i.UsageFault_Handler  stm32f7xx_it.o
    0x080035ca   0x080035ca   0x00000002   PAD
    0x080035cc   0x080035cc   0x00000020   Code   RO         5484    i.__0printf$8       mc_w.l(printf8.o)
    0x080035ec   0x080035ec   0x0000000a   Code   RO         5229    i.__ARM_common_memclr4_10  usmart_str.o
    0x080035f6   0x080035f6   0x0000000e   Code   RO         5581    i.__scatterload_copy  mc_w.l(handlers.o)
    0x08003604   0x08003604   0x00000002   Code   RO         5582    i.__scatterload_null  mc_w.l(handlers.o)
    0x08003606   0x08003606   0x0000000e   Code   RO         5583    i.__scatterload_zeroinit  mc_w.l(handlers.o)
    0x08003614   0x08003614   0x00000404   Code   RO         5491    i._printf_core      mc_w.l(printf8.o)
    0x08003a18   0x08003a18   0x00000024   Code   RO         5492    i._printf_post_padding  mc_w.l(printf8.o)
    0x08003a3c   0x08003a3c   0x0000002e   Code   RO         5493    i._printf_pre_padding  mc_w.l(printf8.o)
    0x08003a6a   0x08003a6a   0x00000002   PAD
    0x08003a6c   0x08003a6c   0x00000014   Code   RO         4518    i.delay_init        delay.o
    0x08003a80   0x08003a80   0x00000048   Code   RO         4519    i.delay_ms          delay.o
    0x08003ac8   0x08003ac8   0x00000038   Code   RO         4520    i.delay_us          delay.o
    0x08003b00   0x08003b00   0x00000014   Code   RO         4609    i.fputc             usart.o
    0x08003b14   0x08003b14   0x00000120   Code   RO            5    i.jpeg_data_process  main.o
    0x08003c34   0x08003c34   0x00000130   Code   RO            6    i.jpeg_dcmi_rx_callback  main.o
    0x08003d64   0x08003d64   0x000000d8   Code   RO            7    i.main              main.o
    0x08003e3c   0x08003e3c   0x00000164   Code   RO            8    i.ov2640_jpg_photo  main.o
    0x08003fa0   0x08003fa0   0x00000004   Code   RO         5074    i.read_addr         usmart.o
    0x08003fa4   0x08003fa4   0x00000030   Code   RO         4610    i.uart1_init        usart.o
    0x08003fd4   0x08003fd4   0x000000b0   Code   RO         5075    i.usmart_cmd_rec    usmart.o
    0x08004084   0x08004084   0x000002e4   Code   RO         5076    i.usmart_exe        usmart.o
    0x08004368   0x08004368   0x000000b6   Code   RO         5159    i.usmart_get_aparm  usmart_str.o
    0x0800441e   0x0800441e   0x00000002   PAD
    0x08004420   0x08004420   0x0000004a   Code   RO         5160    i.usmart_get_cmdname  usmart_str.o
    0x0800446a   0x0800446a   0x00000002   PAD
    0x0800446c   0x0800446c   0x000001b8   Code   RO         5161    i.usmart_get_fname  usmart_str.o
    0x08004624   0x08004624   0x00000310   Code   RO         5162    i.usmart_get_fparam  usmart_str.o
    0x08004934   0x08004934   0x00000058   Code   RO         5163    i.usmart_get_parmpos  usmart_str.o
    0x0800498c   0x0800498c   0x0000006c   Code   RO         5078    i.usmart_init       usmart.o
    0x080049f8   0x080049f8   0x000000ac   Code   RO         5080    i.usmart_scan       usmart.o
    0x08004aa4   0x08004aa4   0x00000116   Code   RO         5166    i.usmart_str2num    usmart_str.o
    0x08004bba   0x08004bba   0x0000001a   Code   RO         5167    i.usmart_strcmp     usmart_str.o
    0x08004bd4   0x08004bd4   0x0000069c   Code   RO         5081    i.usmart_sys_cmd_exe  usmart.o
    0x08005270   0x08005270   0x00000004   Code   RO         5082    i.write_addr        usmart.o
    0x08005274   0x08005274   0x00000010   Data   RO          414    .constdata          system_stm32f7xx.o
    0x08005284   0x08005284   0x00000008   Data   RO          415    .constdata          system_stm32f7xx.o
    0x0800528c   0x0800528c   0x00000008   Data   RO          879    .constdata          stm32f7xx_hal_dma.o
    0x08005294   0x08005294   0x000001c6   Data   RO         4886    .constdata          ov2640.o
    0x0800545a   0x0800545a   0x00000002   PAD
    0x0800545c   0x0800545c   0x00000028   Data   RO         5084    .conststring        usmart.o
    0x08005484   0x08005484   0x000002e1   Data   RO         5238    .conststring        usmart_config.o
    0x08005765   0x08005765   0x00000003   PAD
    0x08005768   0x08005768   0x00000020   Data   RO         5579    Region$$Table       anon$$obj.o


    Execution Region RW_IRAM1 (Exec base: 0x20020000, Load base: 0x08005788, Size: 0x0000d840, Max: 0x00060000, ABSOLUTE, COMPRESSED[0x000000b0])

    Exec Addr    Load Addr    Size         Type   Attr      Idx    E Section Name        Object

    0x20020000   COMPRESSED   0x00000018   Data   RW           12    .data               main.o
    0x20020018   COMPRESSED   0x00000004   Data   RW          416    .data               system_stm32f7xx.o
    0x2002001c   COMPRESSED   0x00000004   Data   RW          603    .data               stm32f7xx_hal.o
    0x20020020   COMPRESSED   0x00000004   Data   RW         4521    .data               delay.o
    0x20020024   COMPRESSED   0x00000002   Data   RW         4612    .data               usart.o
    0x20020026   COMPRESSED   0x00000002   PAD
    0x20020028   COMPRESSED   0x00000004   Data   RW         4613    .data               usart.o
    0x2002002c   COMPRESSED   0x00000008   Data   RW         4733    .data               dcmi.o
    0x20020034   COMPRESSED   0x0000001c   Data   RW         5085    .data               usmart.o
    0x20020050   COMPRESSED   0x00000098   Data   RW         5239    .data               usmart_config.o
    0x200200e8   COMPRESSED   0x000000f4   Data   RW         5240    .data               usmart_config.o
    0x200201dc        -       0x0000d000   Zero   RW           11    .bss                main.o
    0x2002d1dc        -       0x00000138   Zero   RW         4611    .bss                usart.o
    0x2002d314        -       0x000000b0   Zero   RW         4732    .bss                dcmi.o
    0x2002d3c4        -       0x0000003c   Zero   RW         4822    .bss                timer.o
    0x2002d400        -       0x0000003c   Zero   RW         5083    .bss                usmart.o
    0x2002d43c   COMPRESSED   0x00000004   PAD
    0x2002d440        -       0x00000400   Zero   RW          568    STACK               startup_stm32f767xx.o


==============================================================================

Image component sizes


      Code (inc. data)   RO Data    RW Data    ZI Data      Debug   Object Name

       830        134          0          8        176       6743   dcmi.o
       148         14          0          4          0       2575   delay.o
      1166        324          0         24      53248     467749   main.o
      1442        112        454          0          0      11672   ov2640.o
       824         24          0          0          0       3699   sccb.o
        36          8        504          0       1024        824   startup_stm32f767xx.o
       104         22          0          4          0       3195   stm32f7xx_hal.o
       218         14          0          0          0      35441   stm32f7xx_hal_cortex.o
       434         10          0          0          0       5721   stm32f7xx_hal_dcmi.o
       668         22          8          0          0       4667   stm32f7xx_hal_dma.o
       124          0          0          0          0       1653   stm32f7xx_hal_dma_ex.o
       620         20          0          0          0       3151   stm32f7xx_hal_gpio.o
       772         76          0          0          0       4030   stm32f7xx_hal_rcc.o
      2956         66          0          0          0       3732   stm32f7xx_hal_rcc_ex.o
       666         20          0          0          0       7419   stm32f7xx_hal_tim.o
         4          0          0          0          0       1854   stm32f7xx_hal_tim_ex.o
      2278         42          0          0          0      10843   stm32f7xx_hal_uart.o
        18          0          0          0          0       3518   stm32f7xx_it.o
       300         24          0          0          0      33411   sys.o
        96         20         24          4          0       1147   system_stm32f7xx.o
       136         54          0          0         60       2241   timer.o
       316         40          0          6        312       4280   usart.o
      2948       1342         40         28         60       7155   usmart.o
         0          0        737        396          0       1604   usmart_config.o
      1882         22          0          0          0      10983   usmart_str.o

    ----------------------------------------------------------------------
     19022       2410       1804        476      54884     639307   Object Totals
         0          0         32          0          0          0   (incl. Generated)
        36          0          5          2          4          0   (incl. Padding)

    ----------------------------------------------------------------------

      Code (inc. data)   RO Data    RW Data    ZI Data      Debug   Library Member Name

        86          0          0          0          0          0   __dczerorl2.o
         0          0          0          0          0          0   entry.o
         0          0          0          0          0          0   entry10a.o
         0          0          0          0          0          0   entry11a.o
         4          0          0          0          0          0   entry12b.o
         8          4          0          0          0          0   entry2.o
         4          0          0          0          0          0   entry5.o
         0          0          0          0          0          0   entry7b.o
         0          0          0          0          0          0   entry8b.o
         8          4          0          0          0          0   entry9a.o
        30          0          0          0          0          0   handlers.o
        36          8          0          0          0         68   init.o
        30          0          0          0          0         68   llshl.o
        32          0          0          0          0         68   llushr.o
        64          0          0          0          0         76   memmovea.o
        36          0          0          0          0        108   memseta.o
      1142         54          0          0          0        352   printf8.o
        98          0          0          0          0         92   uldiv.o

    ----------------------------------------------------------------------
      1582         70          0          0          0        832   Library Totals
         4          0          0          0          0          0   (incl. Padding)

    ----------------------------------------------------------------------

      Code (inc. data)   RO Data    RW Data    ZI Data      Debug   Library Name

      1578         70          0          0          0        832   mc_w.l

    ----------------------------------------------------------------------
      1582         70          0          0          0        832   Library Totals

    ----------------------------------------------------------------------

==============================================================================


      Code (inc. data)   RO Data    RW Data    ZI Data      Debug   

     20604       2480       1804        476      54884     628559   Grand Totals
     20604       2480       1804        176      54884     628559   ELF Image Totals (compressed)
     20604       2480       1804        176          0          0   ROM Totals

==============================================================================

    Total RO  Size (Code + RO Data)                22408 (  21.88kB)
    Total RW  Size (RW Data + ZI Data)             55360 (  54.06kB)
    Total ROM Size (Code + RO Data + RW Data)      22584 (  22.05kB)

==============================================================================

