<html>
<body>
<pre>
<h1>µVision Build Log</h1>
<h2>Tool Versions:</h2>
IDE-Version: ¦ÌVision V5.31.0.0
Copyright (C) 2020 ARM Ltd and ARM Germany GmbH. All rights reserved.
License Information: Sun XFSun, cup, LIC=21E4T-REWHS-CX9U6-DKBSL-ZNP07-BLARG
 
Tool Versions:
Toolchain:       MDK-ARM Plus  Version: 5.31.0.0
Toolchain Path:  D:\keil5\ARM\ARMCC\Bin
C Compiler:      Armcc.exe V5.06 update 6 (build 750)
Assembler:       Armasm.exe V5.06 update 6 (build 750)
Linker/Locator:  ArmLink.exe V5.06 update 6 (build 750)
Library Manager: ArmAr.exe V5.06 update 6 (build 750)
Hex Converter:   FromElf.exe V5.06 update 6 (build 750)
CPU DLL:         SARMCM3.DLL V5.31.0.0
Dialog DLL:      DCM.DLL V1.17.3.0
Target DLL:      STLink\ST-LINKIII-KEIL_SWO.dll V3.0.7.0
Dialog DLL:      TCM.DLL V1.46.0.0
 
<h2>Project:</h2>
D:\BaiduNetdiskDownload\Li_version\USER\CAMERA.uvprojx
Project File Date:  10/27/2020

<h2>Output:</h2>
*** Using Compiler 'V5.06 update 6 (build 750)', folder: 'D:\keil5\ARM\ARMCC\Bin'
Build target 'CAMERA'
compiling sdram.c...
compiling led.c...
compiling key.c...
compiling sys.c...
compiling usart.c...
compiling main.c...
compiling delay.c...
compiling nandtester.c...
compiling sdmmc_sdcard.c...
compiling ltdc.c...
compiling ftl.c...
compiling w25qxx.c...
compiling nand.c...
compiling lcd.c...
compiling timer.c...
compiling qspi.c...
compiling pcf8574.c...
compiling mpu.c...
compiling myiic.c...
compiling dcmi.c...
compiling ov2640.c...
compiling usmart.c...
compiling usmart_config.c...
compiling sccb.c...
compiling usmart_str.c...
compiling malloc.c...
compiling diskio.c...
compiling mycc936.c...
compiling fattester.c...
compiling text.c...
compiling exfuns.c...
compiling fontupd.c...
compiling gif.c...
compiling bmp.c...
compiling piclib.c...
compiling tjpgd.c...
linking...
Program Size: Code=79370 RO-data=21186 RW-data=568 ZI-data=33903024  
FromELF: creating hex file...
"..\OBJ\CAMERA.axf" - 0 Error(s), 0 Warning(s).

<h2>Software Packages used:</h2>

Package Vendor: Keil
                http://www.keil.com/pack/Keil.STM32F7xx_DFP.2.13.0.pack
                Keil.STM32F7xx_DFP.2.13.0
                STMicroelectronics STM32F7 Series Device Support, Drivers and Examples

<h2>Collection of Component include folders:</h2>
  C:\Users\XFSun\AppData\Local\Arm\Packs\Keil\STM32F7xx_DFP\2.13.0\Drivers\CMSIS\Device\ST\STM32F7xx\Include

<h2>Collection of Component Files used:</h2>
Build Time Elapsed:  00:00:48
</pre>
</body>
</html>
